<html>
<body>
<pre>
<h1>µVision Build Log</h1>
<h2>Tool Versions:</h2>
IDE-Version: ¦ÌVision V5.28.0.0
Copyright (C) 2019 ARM Ltd and ARM Germany GmbH. All rights reserved.
License Information: ding su, tuya, LIC=7YKWF-62U5T-IM69B-22WLA-5GI9C-PH7JM
 
Tool Versions:
Toolchain:       MDK-ARM Professional  Version: 5.28.0.0
Toolchain Path:  C:\Keil_v5\ARM\ARMCC\Bin
C Compiler:      Armcc.exe V5.06 update 6 (build 750)
Assembler:       Armasm.exe V5.06 update 6 (build 750)
Linker/Locator:  ArmLink.exe V5.06 update 6 (build 750)
Library Manager: ArmAr.exe V5.06 update 6 (build 750)
Hex Converter:   FromElf.exe V5.06 update 6 (build 750)
CPU DLL:         SARM.DLL V5.28.0.0
Dialog DLL:      DARMP3.DLL
Target DLL:      Segger\JLTAgdi.dll V1.61.0.0
Dialog DLL:      TARMP3.DLL V1.4.0.0
 
<h2>Project:</h2>
D:\office\workspace\Bk\Tuya_ble_sdk_fitting_project_bk3431q\BK3435_master&slave_SDK_38_1012\projects\ble_app_gatt_128\bk3435.uvproj
Project File Date:  09/26/2020

<h2>Output:</h2>
*** Using Compiler 'V5.06 update 6 (build 750)', folder: 'C:\Keil_v5\ARM\ARMCC\Bin'
Rebuild target 'BK3435_app'
compiling lock_common.c...
compiling lock_dynamic_pwd.c...
compiling lock_timer.c...
compiling lock_dp_report.c...
compiling lock_test.c...
compiling lock_hard.c...
compiling lock_dp_parser.c...
compiling lock_offline_pwd.c...
compiling hmac-sha1.c...
compiling sha1.c...
compiling ff1.c...
compiling fpe_cipher.c...
compiling app_common.c...
compiling app_active_report.c...
compiling fpe_decrypt.c...
compiling fpe_math.c...
compiling app_test.c...
compiling app_flash.c...
compiling app_ota.c...
compiling fpe_str.c...
compiling app_port.c...
compiling tuya_ble_app_product_test.c...
compiling tuya_ble_app_uart_module_handler.c...
compiling tuya_ble_port_bk3431q.c...
compiling tuya_ble_app_demo.c...
compiling tuya_ble_port.c...
compiling tuya_ble_master_port.c...
compiling tuya_ble_utils.c...
compiling tuya_ble_api.c...
compiling tuya_ble_queue.c...
compiling tuya_ble_unix_time.c...
compiling tuya_ble_heap.c...
compiling tuya_ble_mem.c...
compiling tuya_ble_main.c...
compiling tuya_ble_event.c...
compiling tuya_ble_storage.c...
compiling tuya_ble_event_handler_weak.c...
compiling tuya_ble_port_peripheral.c...
compiling tuya_ble_mutli_tsf_protocol.c...
compiling tuya_ble_event_handler.c...
compiling tuya_ble_gatt_send_queue.c...
compiling tuya_ble_data_handler.c...
compiling aes.c...
compiling md5.c...
compiling tuya_ble_app_uart_common_handler.c...
compiling tuya_ble_app_production_test.c...
compiling sha256.c...
compiling suble_adv_scan.c...
compiling suble_common.c...
compiling sha1.c...
compiling suble_gap.c...
compiling suble_svc.c...
compiling suble_uart.c...
compiling suble_gpio.c...
compiling suble_flash.c...
compiling suble_timer.c...
compiling suble_key.c...
compiling suble_test.c...
compiling suble_music.c...
compiling suble_util.c...
compiling sf_port.c...
compiling suble_battery.c...
compiling elog_async.c...
compiling sf_nv.c...
compiling elog_buf.c...
compiling elog.c...
assembling boot_handlers.s...
assembling boot_vectors.s...
compiling sf_mem.c...
compiling elog_utils.c...
compiling emi.c...
compiling rwble_hl.c...
compiling elog_port.c...
compiling arch_main.c...
compiling gpio.c...
compiling timer.c...
compiling flash.c...
compiling icu.c...
compiling wdt.c...
compiling rwble.c...
compiling intc.c...
compiling rwip.c...
compiling soft_spi.c...
compiling rtc.c...
compiling spi.c...
compiling pwm.c...
compiling uart.c...
compiling adc.c...
compiling rf_xvr.c...
compiling prf.c...
compiling fff0s.c...
compiling prf_utils.c...
compiling fff0s_task.c...
compiling attm_util128.c...
compiling sdp_service_task.c...
compiling sdp_service.c...
compiling app_fff0.c...
compiling appm.c...
compiling appc.c...
compiling appc_task.c...
compiling slave_app.c...
compiling master_app.c...
compiling appm_task.c...
linking...
..\..\sdk\project_files\gatt_link_app.txt(59): warning: L6314W: No section matches pattern *(ke_heap).
Program Size: Code=100880 RO-data=14436 RW-data=1492 ZI-data=25172  
Finished: 0 information, 1 warning and 0 error messages.
After Build - User command #1: fromelf --bin --output .\output\app\bk3435_ble_app.bin .\obj\bk3435_ble_app.axf
After Build - User command #2: .\output\encrypt_app.bat
D:\office\workspace\Bk\Tuya_ble_sdk_fitting_project_bk3431q\BK3435_master&slave_SDK_38_1012\projects\ble_app_gatt_128>.\output\BinConvert_3435_OAD  -oad .\output\bim\bk3435_ble_bim.bin  .\output\stack\bk3435_ble_stack.bin  .\output\app\bk3435_ble_app.bin -m 0x1F00 -l 0x1E200 -v 0x1111 -rom_v 0x000C -e 00000000 00000000 00000000 00000000 
cmd_bin_oad.stack_file_addr :0x1f00
binary version hex:0x1111; dec:4369
Arm Image Binary will be converted to OAD format binary file.....
cmd_bin_oad.stack_file_addr=1f00
boot_bin_len=1cc4
add stack bin start
        Encrypt Seccessfully!
        File Size: 0x3e10a
oad_stack_app_bin_len=3c100
oad_app_bin_len=1e1d0
bf c3 78 07 11 11 74 78 42 42 42 42 ff ff 0c 00 /**< @CREATE_FILE_SUCCESS */
/**< @Download flash file:.\output\app\bk3435_ble_app_merge_crc.bin
/**< @OAD file :.\output\app\bk3435_ble_app_stack_oad.bin,CRC = 0x41434d46
/**< @OAD file :.\output\app\bk3435_ble_app_oad.bin,CRC = 0x0778c3bf
/**< @author <gang.cheng@bekencorp.com> */
/**< @version v0.3 */
".\obj\bk3435_ble_app.axf" - 0 Error(s), 1 Warning(s).
Build Time Elapsed:  00:00:12
</pre>
</body>
</html>
