<!doctype html public "-//w3c//dtd html 4.0 transitional//en">
<html><head>
<title>Static Call Graph - [.\obj\bk3435_ble_app.axf]</title></head>
<body><HR>
<H1>Static Call Graph for image .\obj\bk3435_ble_app.axf</H1><HR>
<BR><P>#&#060CALLGRAPH&#062# ARM Linker, 5060750: Last Updated: Wed Sep 23 15:05:36 2020
<BR><P>
<H3>Maximum Stack Usage =       1376 bytes + Unknown(Functions without stacksize, Cycles, Untraceable Function Pointers)</H3><H3>
Call chain for Maximum Stack Depth:</H3>
main &rArr; rw_app_enter &rArr; suble_mainloop &rArr; tuya_ble_main_tasks_exec &rArr; tuya_sched_execute &rArr; tuya_ble_event_process &rArr; tuya_ble_handle_ble_cmd_evt &rArr; tuya_ble_evt_process &rArr; tuya_ble_app_production_test_process &rArr; app_port_factory_test_process &rArr; factory_test_process &rArr; lock_hard_uart_simulate &rArr; lock_dynamic_pwd_verify &rArr; verify_dynamic_pwd_token &rArr; TOTP &rArr; HMAC_SHA1 &rArr; SHA1 &rArr; SHA1Result &rArr; SHA1PadMessage &rArr; SHA1ProcessMessageBlock
<P>
<H3>
Functions with no stack information
</H3><UL>
 <LI><a href="#[a1]">sys_Reset</a>
 <LI><a href="#[a3]">__user_initial_stackheap</a>
 <LI><a href="#[6]">Undefined</a>
 <LI><a href="#[7]">SoftwareInterrupt</a>
 <LI><a href="#[8]">PrefetchAbort</a>
 <LI><a href="#[9]">DataAbort</a>
 <LI><a href="#[b]">IRQ_Handler</a>
 <LI><a href="#[a]">sys_reserved</a>
 <LI><a href="#[c]">FIQ_Handler</a>
</UL>
</UL>
<P>
<H3>
Mutually Recursive functions
</H3> <LI><a href="#[141]">elog_output</a>&nbsp;&nbsp;&nbsp;&rArr;&nbsp;&nbsp;&nbsp;<a href="#[141]">elog_output</a><BR>
 <LI><a href="#[206]">elog_strcpy</a>&nbsp;&nbsp;&nbsp;&rArr;&nbsp;&nbsp;&nbsp;<a href="#[141]">elog_output</a><BR>
 <LI><a href="#[20d]">get_fmt_enabled</a>&nbsp;&nbsp;&nbsp;&rArr;&nbsp;&nbsp;&nbsp;<a href="#[141]">elog_output</a><BR>
 <LI><a href="#[189]">sf_nv_write</a>&nbsp;&nbsp;&nbsp;&rArr;&nbsp;&nbsp;&nbsp;<a href="#[189]">sf_nv_write</a><BR>
</UL>
<P>
<H3>
Function Pointers
</H3><UL>
 <LI><a href="#[9]">DataAbort</a> from boot_vectors.o(SYS_BOOT) referenced from boot_vectors.o(SYS_BOOT)
 <LI><a href="#[c]">FIQ_Handler</a> from boot_vectors.o(SYS_BOOT) referenced from boot_vectors.o(SYS_BOOT)
 <LI><a href="#[b]">IRQ_Handler</a> from boot_vectors.o(SYS_BOOT) referenced from boot_vectors.o(SYS_BOOT)
 <LI><a href="#[8]">PrefetchAbort</a> from boot_vectors.o(SYS_BOOT) referenced from boot_vectors.o(SYS_BOOT)
 <LI><a href="#[38]">Read_Uart_Buf</a> from uart.o(i.Read_Uart_Buf) referenced from arch_main.o(i.rom_env_init)
 <LI><a href="#[7]">SoftwareInterrupt</a> from boot_vectors.o(SYS_BOOT) referenced from boot_vectors.o(SYS_BOOT)
 <LI><a href="#[6]">Undefined</a> from boot_vectors.o(SYS_BOOT) referenced from boot_vectors.o(SYS_BOOT)
 <LI><a href="#[11]">_get_lc_ctype</a> from lc_ctype_c.o(locale$$code) referenced from rt_ctype_table.o(.text)
 <LI><a href="#[10]">_printf_input_char</a> from _printf_char_common.o(.text) referenced from _printf_char_common.o(.text)
 <LI><a href="#[f]">_snputc</a> from _snputc.o(.text) referenced 2 times from vsnprintf.o(.text)
 <LI><a href="#[e]">_sputc</a> from _sputc.o(.text) referenced 2 times from vsprintf.o(.text)
 <LI><a href="#[19]">app_active_report_outtime_cb</a> from lock_timer.o(i.app_active_report_outtime_cb) referenced from lock_timer.o(i.lock_timer_creat)
 <LI><a href="#[73]">app_adv_evt_end_handler</a> from appm_task.o(i.app_adv_evt_end_handler) referenced from appm_task.o(.constdata)
 <LI><a href="#[65]">app_fff0_add_fff0s</a> from app_fff0.o(i.app_fff0_add_fff0s) referenced from appm.o(.constdata)
 <LI><a href="#[61]">app_fff0_msg_dflt_handler</a> from app_fff0.o(i.app_fff0_msg_dflt_handler) referenced from app_fff0.o(.constdata)
 <LI><a href="#[72]">app_period_timer_handler</a> from appm_task.o(i.app_period_timer_handler) referenced from appm_task.o(.constdata)
 <LI><a href="#[74]">app_scan_evt_end_handler</a> from appm_task.o(i.app_scan_evt_end_handler) referenced from appm_task.o(.constdata)
 <LI><a href="#[17]">app_test_outtime_cb</a> from lock_timer.o(i.app_test_outtime_cb) referenced from lock_timer.o(i.lock_timer_creat)
 <LI><a href="#[18]">app_test_reset_outtime_cb</a> from lock_timer.o(i.app_test_reset_outtime_cb) referenced from lock_timer.o(i.lock_timer_creat)
 <LI><a href="#[a0]">appc_check_device_link_timer_handler</a> from appc_task.o(i.appc_check_device_link_timer_handler) referenced from appc_task.o(.constdata)
 <LI><a href="#[97]">appc_msg_handler</a> from appc_task.o(i.appc_msg_handler) referenced from appc_task.o(.constdata)
 <LI><a href="#[76]">appm_con_dev_timerout_handler</a> from appm_task.o(i.appm_con_dev_timerout_handler) referenced from appm_task.o(.constdata)
 <LI><a href="#[66]">appm_msg_handler</a> from appm_task.o(i.appm_msg_handler) referenced from appm_task.o(.constdata)
 <LI><a href="#[75]">appm_scan_dev_timerout_handler</a> from appm_task.o(i.appm_scan_dev_timerout_handler) referenced from appm_task.o(.constdata)
 <LI><a href="#[77]">appm_stop_adv_timerout_handler</a> from appm_task.o(i.appm_stop_adv_timerout_handler) referenced from appm_task.o(.constdata)
 <LI><a href="#[36]">assert_err</a> from arch_main.o(i.assert_err) referenced from arch_main.o(i.rom_env_init)
 <LI><a href="#[37]">assert_param</a> from arch_main.o(i.assert_param) referenced from arch_main.o(i.rom_env_init)
 <LI><a href="#[15]">bonding_conn_outtime_cb</a> from lock_timer.o(i.bonding_conn_outtime_cb) referenced from lock_timer.o(i.lock_timer_creat)
 <LI><a href="#[1b]">communication_monitor_outtime_cb</a> from lock_timer.o(i.communication_monitor_outtime_cb) referenced from lock_timer.o(i.lock_timer_creat)
 <LI><a href="#[13]">conn_param_update_outtime_cb</a> from lock_timer.o(i.conn_param_update_outtime_cb) referenced from lock_timer.o(i.lock_timer_creat)
 <LI><a href="#[14]">delay_report_outtime_cb</a> from lock_timer.o(i.delay_report_outtime_cb) referenced from lock_timer.o(i.lock_timer_creat)
 <LI><a href="#[4e]">fff0s_cleanup</a> from fff0s.o(i.fff0s_cleanup) referenced from fff0s.o(.constdata)
 <LI><a href="#[4d]">fff0s_create</a> from fff0s.o(i.fff0s_create) referenced from fff0s.o(.constdata)
 <LI><a href="#[4c]">fff0s_destroy</a> from fff0s.o(i.fff0s_destroy) referenced from fff0s.o(.constdata)
 <LI><a href="#[62]">fff0s_fff1_level_ntf_cfg_ind_handler</a> from app_fff0.o(i.fff0s_fff1_level_ntf_cfg_ind_handler) referenced from app_fff0.o(.constdata)
 <LI><a href="#[4f]">fff0s_fff1_level_upd_req_handler</a> from fff0s_task.o(i.fff0s_fff1_level_upd_req_handler) referenced from fff0s_task.o(.constdata)
 <LI><a href="#[4b]">fff0s_init</a> from fff0s.o(i.fff0s_init) referenced from fff0s.o(.constdata)
 <LI><a href="#[63]">fff1_level_upd_handler</a> from app_fff0.o(i.fff1_level_upd_handler) referenced from app_fff0.o(.constdata)
 <LI><a href="#[64]">fff2_writer_req_handler</a> from app_fff0.o(i.fff2_writer_req_handler) referenced from app_fff0.o(.constdata)
 <LI><a href="#[20]">flash_erase</a> from flash.o(i.flash_erase) referenced from arch_main.o(i.main)
 <LI><a href="#[1e]">flash_read</a> from flash.o(i.flash_read) referenced from arch_main.o(i.main)
 <LI><a href="#[1f]">flash_write</a> from flash.o(i.flash_write) referenced from arch_main.o(i.main)
 <LI><a href="#[99]">gapc_cmp_evt_handler</a> from appc_task.o(i.gapc_cmp_evt_handler) referenced from appc_task.o(.constdata)
 <LI><a href="#[6b]">gapc_connection_req_ind_handler</a> from appm_task.o(i.gapc_connection_req_ind_handler) referenced from appm_task.o(.constdata)
 <LI><a href="#[6c]">gapc_disconnect_ind_handler</a> from appm_task.o(i.gapc_disconnect_ind_handler) referenced 2 times from appm_task.o(.constdata)
 <LI><a href="#[6a]">gapc_get_dev_info_req_ind_handler</a> from appm_task.o(i.gapc_get_dev_info_req_ind_handler) referenced from appm_task.o(.constdata)
 <LI><a href="#[6d]">gapc_le_pkt_size_ind_handler</a> from appm_task.o(i.gapc_le_pkt_size_ind_handler) referenced from appm_task.o(.constdata)
 <LI><a href="#[6e]">gapc_param_update_req_ind_handler</a> from appm_task.o(i.gapc_param_update_req_ind_handler) referenced from appm_task.o(.constdata)
 <LI><a href="#[6f]">gapc_param_updated_ind_handler</a> from appm_task.o(i.gapc_param_updated_ind_handler) referenced from appm_task.o(.constdata)
 <LI><a href="#[9c]">gapc_peer_features_ind_handler</a> from appc_task.o(i.gapc_peer_features_ind_handler) referenced from appc_task.o(.constdata)
 <LI><a href="#[9b]">gapc_peer_version_ind_handler</a> from appc_task.o(i.gapc_peer_version_ind_handler) referenced from appc_task.o(.constdata)
 <LI><a href="#[71]">gapm_adv_report_ind_handler</a> from appm_task.o(i.gapm_adv_report_ind_handler) referenced from appm_task.o(.constdata)
 <LI><a href="#[69]">gapm_cmp_evt_handler</a> from appm_task.o(i.gapm_cmp_evt_handler) referenced 2 times from appm_task.o(.constdata)
 <LI><a href="#[67]">gapm_device_ready_ind_handler</a> from appm_task.o(i.gapm_device_ready_ind_handler) referenced from appm_task.o(.constdata)
 <LI><a href="#[68]">gapm_profile_added_ind_handler</a> from appm_task.o(i.gapm_profile_added_ind_handler) referenced 2 times from appm_task.o(.constdata)
 <LI><a href="#[50]">gattc_att_info_req_ind_handler</a> from fff0s_task.o(i.gattc_att_info_req_ind_handler) referenced from fff0s_task.o(.constdata)
 <LI><a href="#[53]">gattc_cmp_evt_handler</a> from fff0s_task.o(i.gattc_cmp_evt_handler) referenced 3 times from fff0s_task.o(.constdata)
 <LI><a href="#[5e]">gattc_event_ind_handler</a> from sdp_service_task.o(i.gattc_event_ind_handler) referenced from sdp_service_task.o(.constdata)
 <LI><a href="#[5f]">gattc_event_req_ind_handler</a> from sdp_service_task.o(i.gattc_event_req_ind_handler) referenced from sdp_service_task.o(.constdata)
 <LI><a href="#[70]">gattc_mtu_changed_ind_handler</a> from appm_task.o(i.gattc_mtu_changed_ind_handler) referenced from appm_task.o(.constdata)
 <LI><a href="#[5d]">gattc_read_ind_handler</a> from sdp_service_task.o(i.gattc_read_ind_handler) referenced from sdp_service_task.o(.constdata)
 <LI><a href="#[52]">gattc_read_req_ind_handler</a> from fff0s_task.o(i.gattc_read_req_ind_handler) referenced from fff0s_task.o(.constdata)
 <LI><a href="#[9e]">gattc_sdp_svc_ind_handler</a> from appc_task.o(i.gattc_sdp_svc_ind_handler) referenced from appc_task.o(.constdata)
 <LI><a href="#[51]">gattc_write_req_ind_handler</a> from fff0s_task.o(i.gattc_write_req_ind_handler) referenced from fff0s_task.o(.constdata)
 <LI><a href="#[d]">main</a> from arch_main.o(i.main) referenced from __rtentry2.o(.ARM.Collect$$rtentry$$0000000D)
 <LI><a href="#[40]">master_bonding_slave_handler</a> from suble_key.o(i.master_bonding_slave_handler) referenced from suble_key.o(i.suble_gpio_open_with_common_pwd)
 <LI><a href="#[40]">master_bonding_slave_handler</a> from suble_key.o(i.master_bonding_slave_handler) referenced from suble_key.o(i.suble_gpio_open_with_tmp_pwd)
 <LI><a href="#[40]">master_bonding_slave_handler</a> from suble_key.o(i.master_bonding_slave_handler) referenced from suble_key.o(i.tmp_key_handler)
 <LI><a href="#[4]">memset</a> from memset.o(.text) referenced 2 times from aes.o(.data)
 <LI><a href="#[35]">platform_reset</a> from arch_main.o(i.platform_reset) referenced from arch_main.o(i.rom_env_init)
 <LI><a href="#[2d]">prf_add_profile</a> from prf.o(i.prf_add_profile) referenced from arch_main.o(i.rom_env_init)
 <LI><a href="#[2c]">prf_cleanup</a> from prf.o(i.prf_cleanup) referenced from arch_main.o(i.rom_env_init)
 <LI><a href="#[2b]">prf_create</a> from prf.o(i.prf_create) referenced from arch_main.o(i.rom_env_init)
 <LI><a href="#[28]">prf_get_id_from_task</a> from prf.o(i.prf_get_id_from_task) referenced from arch_main.o(i.rom_env_init)
 <LI><a href="#[29]">prf_get_task_from_id</a> from prf.o(i.prf_get_task_from_id) referenced from arch_main.o(i.rom_env_init)
 <LI><a href="#[2a]">prf_init</a> from prf.o(i.prf_init) referenced from arch_main.o(i.rom_env_init)
 <LI><a href="#[1a]">reset_with_disconn2_outtime_cb</a> from lock_timer.o(i.reset_with_disconn2_outtime_cb) referenced from lock_timer.o(i.lock_timer_creat)
 <LI><a href="#[12]">reset_with_disconn_outtime_cb</a> from app_ota.o(i.reset_with_disconn_outtime_cb) referenced from app_ota.o(i.app_ota_exit)
 <LI><a href="#[16]">reset_with_disconn_outtime_cb</a> from lock_timer.o(i.reset_with_disconn_outtime_cb) referenced from lock_timer.o(i.lock_timer_creat)
 <LI><a href="#[26]">rf_force_agc_enable</a> from rf_xvr.o(i.rf_force_agc_enable) referenced from rf_xvr.o(i.rf_init)
 <LI><a href="#[25]">rf_reset</a> from rf_xvr.o(i.rf_reset) referenced from rf_xvr.o(i.rf_init)
 <LI><a href="#[21]">rf_rpl_reg_rd</a> from rf_xvr.o(i.rf_rpl_reg_rd) referenced from rf_xvr.o(i.rf_init)
 <LI><a href="#[22]">rf_rpl_reg_wr</a> from rf_xvr.o(i.rf_rpl_reg_wr) referenced from rf_xvr.o(i.rf_init)
 <LI><a href="#[27]">rf_rssi_convert</a> from rf_xvr.o(i.rf_rssi_convert) referenced from rf_xvr.o(i.rf_init)
 <LI><a href="#[24]">rf_sleep</a> from rf_xvr.o(i.rf_sleep) referenced from rf_xvr.o(i.rf_init)
 <LI><a href="#[23]">rf_txpwr_dbm_get</a> from rf_xvr.o(i.rf_txpwr_dbm_get) referenced from rf_xvr.o(i.rf_init)
 <LI><a href="#[2e]">rwble_hl_reset</a> from rwble_hl.o(i.rwble_hl_reset) referenced from arch_main.o(i.rom_env_init)
 <LI><a href="#[31]">rwip_prevent_sleep_clear</a> from rwip.o(i.rwip_prevent_sleep_clear) referenced from arch_main.o(i.rom_env_init)
 <LI><a href="#[30]">rwip_prevent_sleep_set</a> from rwip.o(i.rwip_prevent_sleep_set) referenced from arch_main.o(i.rom_env_init)
 <LI><a href="#[2f]">rwip_reset</a> from rwip.o(i.rwip_reset) referenced from arch_main.o(i.rom_env_init)
 <LI><a href="#[32]">rwip_sleep_lpcycles_2_us</a> from rwip.o(i.rwip_sleep_lpcycles_2_us) referenced from arch_main.o(i.rom_env_init)
 <LI><a href="#[33]">rwip_us_2_lpcycles</a> from rwip.o(i.rwip_us_2_lpcycles) referenced from arch_main.o(i.rom_env_init)
 <LI><a href="#[34]">rwip_wakeup_delay_set</a> from rwip.o(i.rwip_wakeup_delay_set) referenced from arch_main.o(i.rom_env_init)
 <LI><a href="#[57]">sdp_cleanup</a> from sdp_service.o(i.sdp_cleanup) referenced from sdp_service.o(.constdata)
 <LI><a href="#[56]">sdp_create</a> from sdp_service.o(i.sdp_create) referenced from sdp_service.o(.constdata)
 <LI><a href="#[58]">sdp_default_msg_handler</a> from sdp_service_task.o(i.sdp_default_msg_handler) referenced from sdp_service_task.o(.constdata)
 <LI><a href="#[55]">sdp_destroy</a> from sdp_service.o(i.sdp_destroy) referenced from sdp_service.o(.constdata)
 <LI><a href="#[59]">sdp_enable_req_handler</a> from sdp_service_task.o(i.sdp_enable_req_handler) referenced from sdp_service_task.o(.constdata)
 <LI><a href="#[54]">sdp_init</a> from sdp_service.o(i.sdp_init) referenced from sdp_service.o(.constdata)
 <LI><a href="#[5a]">sdp_read_info_req_handler</a> from sdp_service_task.o(i.sdp_read_info_req_handler) referenced from sdp_service_task.o(.constdata)
 <LI><a href="#[5c]">sdp_write_ntf_cfg_req_handler</a> from sdp_service_task.o(i.sdp_write_ntf_cfg_req_handler) referenced from sdp_service_task.o(.constdata)
 <LI><a href="#[5b]">sdp_write_value_info_req_handler</a> from sdp_service_task.o(i.sdp_write_value_info_req_handler) referenced from sdp_service_task.o(.constdata)
 <LI><a href="#[47]">suble_connect_result_handler</a> from tuya_ble_master.o(i.suble_connect_result_handler) referenced from tuya_ble_master.o(i.tuya_ble_master_scan_finish_handler)
 <LI><a href="#[3f]">suble_gpio_irq_handler</a> from suble_gpio.o(i.suble_gpio_irq_handler) referenced from suble_gpio.o(i.suble_gpio_irq_init)
 <LI><a href="#[48]">suble_master_evt_handler</a> from tuya_ble_master.o(i.suble_master_evt_handler) referenced from tuya_ble_master.o(i.tuya_ble_master_scan_start)
 <LI><a href="#[49]">suble_scan_result_handler</a> from tuya_ble_master.o(i.suble_scan_result_handler) referenced from tuya_ble_master.o(i.tuya_ble_master_scan_start)
 <LI><a href="#[3e]">suble_svc_result_handler</a> from tuya_ble_master.o(i.suble_svc_result_handler) referenced from tuya_ble_master.o(i.suble_connect_result_handler)
 <LI><a href="#[78]">suble_timer0_handler</a> from appm_task.o(i.suble_timer0_handler) referenced from appm_task.o(.constdata)
 <LI><a href="#[8c]">suble_timer100_handler</a> from appm_task.o(i.suble_timer100_handler) referenced from appm_task.o(.constdata)
 <LI><a href="#[8d]">suble_timer101_handler</a> from appm_task.o(i.suble_timer101_handler) referenced from appm_task.o(.constdata)
 <LI><a href="#[8e]">suble_timer102_handler</a> from appm_task.o(i.suble_timer102_handler) referenced from appm_task.o(.constdata)
 <LI><a href="#[8f]">suble_timer103_handler</a> from appm_task.o(i.suble_timer103_handler) referenced from appm_task.o(.constdata)
 <LI><a href="#[90]">suble_timer104_handler</a> from appm_task.o(i.suble_timer104_handler) referenced from appm_task.o(.constdata)
 <LI><a href="#[91]">suble_timer105_handler</a> from appm_task.o(i.suble_timer105_handler) referenced from appm_task.o(.constdata)
 <LI><a href="#[92]">suble_timer106_handler</a> from appm_task.o(i.suble_timer106_handler) referenced from appm_task.o(.constdata)
 <LI><a href="#[93]">suble_timer107_handler</a> from appm_task.o(i.suble_timer107_handler) referenced from appm_task.o(.constdata)
 <LI><a href="#[94]">suble_timer108_handler</a> from appm_task.o(i.suble_timer108_handler) referenced from appm_task.o(.constdata)
 <LI><a href="#[95]">suble_timer109_handler</a> from appm_task.o(i.suble_timer109_handler) referenced from appm_task.o(.constdata)
 <LI><a href="#[82]">suble_timer10_handler</a> from appm_task.o(i.suble_timer10_handler) referenced from appm_task.o(.constdata)
 <LI><a href="#[83]">suble_timer11_handler</a> from appm_task.o(i.suble_timer11_handler) referenced from appm_task.o(.constdata)
 <LI><a href="#[84]">suble_timer12_handler</a> from appm_task.o(i.suble_timer12_handler) referenced from appm_task.o(.constdata)
 <LI><a href="#[85]">suble_timer13_handler</a> from appm_task.o(i.suble_timer13_handler) referenced from appm_task.o(.constdata)
 <LI><a href="#[86]">suble_timer14_handler</a> from appm_task.o(i.suble_timer14_handler) referenced from appm_task.o(.constdata)
 <LI><a href="#[87]">suble_timer15_handler</a> from appm_task.o(i.suble_timer15_handler) referenced from appm_task.o(.constdata)
 <LI><a href="#[88]">suble_timer16_handler</a> from appm_task.o(i.suble_timer16_handler) referenced from appm_task.o(.constdata)
 <LI><a href="#[89]">suble_timer17_handler</a> from appm_task.o(i.suble_timer17_handler) referenced from appm_task.o(.constdata)
 <LI><a href="#[8a]">suble_timer18_handler</a> from appm_task.o(i.suble_timer18_handler) referenced from appm_task.o(.constdata)
 <LI><a href="#[8b]">suble_timer19_handler</a> from appm_task.o(i.suble_timer19_handler) referenced from appm_task.o(.constdata)
 <LI><a href="#[79]">suble_timer1_handler</a> from appm_task.o(i.suble_timer1_handler) referenced from appm_task.o(.constdata)
 <LI><a href="#[96]">suble_timer200_handler</a> from appm_task.o(i.suble_timer200_handler) referenced from appm_task.o(.constdata)
 <LI><a href="#[7a]">suble_timer2_handler</a> from appm_task.o(i.suble_timer2_handler) referenced from appm_task.o(.constdata)
 <LI><a href="#[7b]">suble_timer3_handler</a> from appm_task.o(i.suble_timer3_handler) referenced from appm_task.o(.constdata)
 <LI><a href="#[7c]">suble_timer4_handler</a> from appm_task.o(i.suble_timer4_handler) referenced from appm_task.o(.constdata)
 <LI><a href="#[7d]">suble_timer5_handler</a> from appm_task.o(i.suble_timer5_handler) referenced from appm_task.o(.constdata)
 <LI><a href="#[7e]">suble_timer6_handler</a> from appm_task.o(i.suble_timer6_handler) referenced from appm_task.o(.constdata)
 <LI><a href="#[7f]">suble_timer7_handler</a> from appm_task.o(i.suble_timer7_handler) referenced from appm_task.o(.constdata)
 <LI><a href="#[80]">suble_timer8_handler</a> from appm_task.o(i.suble_timer8_handler) referenced from appm_task.o(.constdata)
 <LI><a href="#[81]">suble_timer9_handler</a> from appm_task.o(i.suble_timer9_handler) referenced from appm_task.o(.constdata)
 <LI><a href="#[a1]">sys_Reset</a> from boot_handlers.o(SYS_BOOT) referenced from boot_vectors.o(SYS_BOOT)
 <LI><a href="#[a]">sys_reserved</a> from boot_vectors.o(SYS_BOOT) referenced from boot_vectors.o(SYS_BOOT)
 <LI><a href="#[43]">tuya_ble_app_data_process</a> from tuya_ble_app_demo.o(i.tuya_ble_app_data_process) referenced from tuya_ble_app_demo.o(i.tuya_ble_app_evt_send)
 <LI><a href="#[43]">tuya_ble_app_data_process</a> from tuya_ble_app_demo.o(i.tuya_ble_app_data_process) referenced from tuya_ble_app_demo.o(i.tuya_ble_app_evt_send_with_data)
 <LI><a href="#[45]">tuya_ble_gatt_send_data_handle</a> from tuya_ble_gatt_send_queue.o(i.tuya_ble_gatt_send_data_handle) referenced from tuya_ble_gatt_send_queue.o(i.tuya_ble_gatt_send_data_handle)
 <LI><a href="#[46]">tuya_ble_master_timer_conncet_monitor_callback</a> from tuya_ble_master.o(i.tuya_ble_master_timer_conncet_monitor_callback) referenced from tuya_ble_master.o(i.tuya_ble_master_info_init)
 <LI><a href="#[44]">tuya_ble_sdk_callback</a> from tuya_ble_app_demo.o(i.tuya_ble_sdk_callback) referenced from tuya_ble_app_demo.o(i.tuya_ble_app_init)
 <LI><a href="#[4a]">tuya_ble_vtimer_conncet_monitor_callback</a> from tuya_ble_api.o(i.tuya_ble_vtimer_conncet_monitor_callback) referenced from tuya_ble_api.o(i.tuya_ble_sdk_init)
 <LI><a href="#[41]">uart1_rx_handler</a> from suble_uart.o(i.uart1_rx_handler) referenced from suble_uart.o(i.suble_uart1_init)
 <LI><a href="#[1d]">uart2_printf</a> from uart.o(i.uart2_printf) referenced from arch_main.o(i.main)
 <LI><a href="#[42]">uart2_rx_handler</a> from suble_uart.o(i.uart2_rx_handler) referenced from suble_uart.o(i.suble_uart2_init)
 <LI><a href="#[39]">uart_clear_rxfifo</a> from uart.o(i.uart_clear_rxfifo) referenced from arch_main.o(i.rom_env_init)
 <LI><a href="#[3d]">uart_flow_off</a> from uart.o(i.uart_flow_off) referenced from arch_main.o(i.rwip_eif_api_init)
 <LI><a href="#[3c]">uart_flow_on</a> from uart.o(i.uart_flow_on) referenced from arch_main.o(i.rwip_eif_api_init)
 <LI><a href="#[1c]">uart_printf</a> from uart.o(i.uart_printf) referenced from arch_main.o(i.main)
 <LI><a href="#[3a]">uart_read</a> from uart.o(i.uart_read) referenced from arch_main.o(i.rwip_eif_api_init)
 <LI><a href="#[3b]">uart_write</a> from uart.o(i.uart_write) referenced from arch_main.o(i.rwip_eif_api_init)
</UL>
<P>
<H3>
Global Symbols
</H3>
<P><STRONG><a name="[294]"></a>uart_stack_register</STRONG> (Thumb, 0 bytes, Stack size 0 bytes, stack_rom_symbol.txt(ABSOLUTE))
<BR><BR>[Called By]<UL><LI><a href="#[d]">&gt;&gt;</a>&nbsp;&nbsp;&nbsp;main
</UL>

<P><STRONG><a name="[3db]"></a>Undefined_Exception</STRONG> (Thumb, 0 bytes, Stack size 0 bytes, stack_rom_symbol.txt(ABSOLUTE))
<BR><BR>[Called By]<UL><LI><a href="#[6]">&gt;&gt;</a>&nbsp;&nbsp;&nbsp;Undefined (via Veneer)
</UL>

<P><STRONG><a name="[3dc]"></a>SoftwareInterrupt_Exception</STRONG> (Thumb, 0 bytes, Stack size 0 bytes, stack_rom_symbol.txt(ABSOLUTE))
<BR><BR>[Called By]<UL><LI><a href="#[7]">&gt;&gt;</a>&nbsp;&nbsp;&nbsp;SoftwareInterrupt (via Veneer)
</UL>

<P><STRONG><a name="[3dd]"></a>PrefetchAbort_Exception</STRONG> (Thumb, 0 bytes, Stack size 0 bytes, stack_rom_symbol.txt(ABSOLUTE))
<BR><BR>[Called By]<UL><LI><a href="#[8]">&gt;&gt;</a>&nbsp;&nbsp;&nbsp;PrefetchAbort (via Veneer)
</UL>

<P><STRONG><a name="[3de]"></a>DataAbort_Exception</STRONG> (Thumb, 0 bytes, Stack size 0 bytes, stack_rom_symbol.txt(ABSOLUTE))
<BR><BR>[Called By]<UL><LI><a href="#[9]">&gt;&gt;</a>&nbsp;&nbsp;&nbsp;DataAbort (via Veneer)
</UL>

<P><STRONG><a name="[3df]"></a>Reserved_Exception</STRONG> (Thumb, 0 bytes, Stack size 0 bytes, stack_rom_symbol.txt(ABSOLUTE))
<BR><BR>[Called By]<UL><LI><a href="#[a]">&gt;&gt;</a>&nbsp;&nbsp;&nbsp;sys_reserved (via Veneer)
</UL>

<P><STRONG><a name="[296]"></a>nvds_init</STRONG> (Thumb, 0 bytes, Stack size 0 bytes, stack_rom_symbol.txt(ABSOLUTE))
<BR><BR>[Called By]<UL><LI><a href="#[d]">&gt;&gt;</a>&nbsp;&nbsp;&nbsp;main
</UL>

<P><STRONG><a name="[1c4]"></a>nvds_get</STRONG> (Thumb, 0 bytes, Stack size 0 bytes, stack_rom_symbol.txt(ABSOLUTE))
<BR><BR>[Called By]<UL><LI><a href="#[298]">&gt;&gt;</a>&nbsp;&nbsp;&nbsp;rwip_init
<LI><a href="#[1c3]">&gt;&gt;</a>&nbsp;&nbsp;&nbsp;appm_init
</UL>

<P><STRONG><a name="[1c6]"></a>nvds_put</STRONG> (Thumb, 0 bytes, Stack size 0 bytes, stack_rom_symbol.txt(ABSOLUTE))
<BR><BR>[Called By]<UL><LI><a href="#[1c3]">&gt;&gt;</a>&nbsp;&nbsp;&nbsp;appm_init
</UL>

<P><STRONG><a name="[2ea]"></a>ke_init</STRONG> (Thumb, 0 bytes, Stack size 0 bytes, stack_rom_symbol.txt(ABSOLUTE))
<BR><BR>[Called By]<UL><LI><a href="#[298]">&gt;&gt;</a>&nbsp;&nbsp;&nbsp;rwip_init
</UL>

<P><STRONG><a name="[2f1]"></a>ke_flush</STRONG> (Thumb, 0 bytes, Stack size 0 bytes, stack_rom_symbol.txt(ABSOLUTE))
<BR><BR>[Called By]<UL><LI><a href="#[2f]">&gt;&gt;</a>&nbsp;&nbsp;&nbsp;rwip_reset
</UL>

<P><STRONG><a name="[2f7]"></a>ke_event_set</STRONG> (Thumb, 0 bytes, Stack size 0 bytes, stack_rom_symbol.txt(ABSOLUTE))
<BR><BR>[Called By]<UL><LI><a href="#[2e0]">&gt;&gt;</a>&nbsp;&nbsp;&nbsp;rwip_wakeup_end
</UL>

<P><STRONG><a name="[2f3]"></a>ke_event_schedule</STRONG> (Thumb, 0 bytes, Stack size 0 bytes, stack_rom_symbol.txt(ABSOLUTE))
<BR><BR>[Called By]<UL><LI><a href="#[29b]">&gt;&gt;</a>&nbsp;&nbsp;&nbsp;rwip_schedule
</UL>

<P><STRONG><a name="[2eb]"></a>ke_mem_init</STRONG> (Thumb, 0 bytes, Stack size 0 bytes, stack_rom_symbol.txt(ABSOLUTE))
<BR><BR>[Called By]<UL><LI><a href="#[298]">&gt;&gt;</a>&nbsp;&nbsp;&nbsp;rwip_init
</UL>

<P><STRONG><a name="[1ed]"></a>ke_check_malloc</STRONG> (Thumb, 0 bytes, Stack size 0 bytes, stack_rom_symbol.txt(ABSOLUTE))
<BR><BR>[Called By]<UL><LI><a href="#[1ec]">&gt;&gt;</a>&nbsp;&nbsp;&nbsp;check_enough_mem_add_service
</UL>

<P><STRONG><a name="[1b3]"></a>ke_malloc</STRONG> (Thumb, 0 bytes, Stack size 0 bytes, stack_rom_symbol.txt(ABSOLUTE))
<BR><BR>[Called By]<UL><LI><a href="#[1c8]">&gt;&gt;</a>&nbsp;&nbsp;&nbsp;sdp_service_init
<LI><a href="#[23c]">&gt;&gt;</a>&nbsp;&nbsp;&nbsp;sdp_extract_svc_info
<LI><a href="#[4b]">&gt;&gt;</a>&nbsp;&nbsp;&nbsp;fff0s_init
<LI><a href="#[1b2]">&gt;&gt;</a>&nbsp;&nbsp;&nbsp;appc_create
</UL>

<P><STRONG><a name="[1b1]"></a>ke_free</STRONG> (Thumb, 0 bytes, Stack size 0 bytes, stack_rom_symbol.txt(ABSOLUTE))
<BR><BR>[Called By]<UL><LI><a href="#[57]">&gt;&gt;</a>&nbsp;&nbsp;&nbsp;sdp_cleanup
<LI><a href="#[4b]">&gt;&gt;</a>&nbsp;&nbsp;&nbsp;fff0s_init
<LI><a href="#[4c]">&gt;&gt;</a>&nbsp;&nbsp;&nbsp;fff0s_destroy
<LI><a href="#[1b0]">&gt;&gt;</a>&nbsp;&nbsp;&nbsp;appc_cleanup
</UL>

<P><STRONG><a name="[14d]"></a>ke_msg_alloc</STRONG> (Thumb, 0 bytes, Stack size 0 bytes, stack_rom_symbol.txt(ABSOLUTE))
<BR><BR>[Called By]<UL><LI><a href="#[1b9]">&gt;&gt;</a>&nbsp;&nbsp;&nbsp;appc_write_service_data_req
<LI><a href="#[14f]">&gt;&gt;</a>&nbsp;&nbsp;&nbsp;app_fff1_send_lvl
<LI><a href="#[1cc]">&gt;&gt;</a>&nbsp;&nbsp;&nbsp;appm_start_connencting
<LI><a href="#[1c1]">&gt;&gt;</a>&nbsp;&nbsp;&nbsp;appm_disconnect
<LI><a href="#[1b8]">&gt;&gt;</a>&nbsp;&nbsp;&nbsp;appc_update_param
<LI><a href="#[1d2]">&gt;&gt;</a>&nbsp;&nbsp;&nbsp;appm_update_adv_data
<LI><a href="#[1cd]">&gt;&gt;</a>&nbsp;&nbsp;&nbsp;appm_stop_scanning
<LI><a href="#[1be]">&gt;&gt;</a>&nbsp;&nbsp;&nbsp;appm_stop_connencting
<LI><a href="#[1cb]">&gt;&gt;</a>&nbsp;&nbsp;&nbsp;appm_stop_advertising
<LI><a href="#[1ca]">&gt;&gt;</a>&nbsp;&nbsp;&nbsp;appm_start_scanning
<LI><a href="#[1c9]">&gt;&gt;</a>&nbsp;&nbsp;&nbsp;appm_start_advertising
<LI><a href="#[65]">&gt;&gt;</a>&nbsp;&nbsp;&nbsp;app_fff0_add_fff0s
<LI><a href="#[5f]">&gt;&gt;</a>&nbsp;&nbsp;&nbsp;gattc_event_req_ind_handler
<LI><a href="#[60]">&gt;&gt;</a>&nbsp;&nbsp;&nbsp;gattc_cmp_evt_handler
<LI><a href="#[1ae]">&gt;&gt;</a>&nbsp;&nbsp;&nbsp;sdp_discover_all_service
<LI><a href="#[2f9]">&gt;&gt;</a>&nbsp;&nbsp;&nbsp;sdp_add_profiles
<LI><a href="#[51]">&gt;&gt;</a>&nbsp;&nbsp;&nbsp;gattc_write_req_ind_handler
<LI><a href="#[52]">&gt;&gt;</a>&nbsp;&nbsp;&nbsp;gattc_read_req_ind_handler
<LI><a href="#[50]">&gt;&gt;</a>&nbsp;&nbsp;&nbsp;gattc_att_info_req_ind_handler
<LI><a href="#[219]">&gt;&gt;</a>&nbsp;&nbsp;&nbsp;fff0s_notify_fff1_lvl
<LI><a href="#[2c9]">&gt;&gt;</a>&nbsp;&nbsp;&nbsp;prf_register_atthdl2gatt
<LI><a href="#[2c8]">&gt;&gt;</a>&nbsp;&nbsp;&nbsp;prf_read_char_send
<LI><a href="#[2c3]">&gt;&gt;</a>&nbsp;&nbsp;&nbsp;prf_gatt_write
<LI><a href="#[1ba]">&gt;&gt;</a>&nbsp;&nbsp;&nbsp;appc_write_service_ntf_cfg_req
<LI><a href="#[1ad]">&gt;&gt;</a>&nbsp;&nbsp;&nbsp;appc_get_peer_dev_info
<LI><a href="#[67]">&gt;&gt;</a>&nbsp;&nbsp;&nbsp;gapm_device_ready_ind_handler
<LI><a href="#[69]">&gt;&gt;</a>&nbsp;&nbsp;&nbsp;gapm_cmp_evt_handler
<LI><a href="#[6e]">&gt;&gt;</a>&nbsp;&nbsp;&nbsp;gapc_param_update_req_ind_handler
<LI><a href="#[6a]">&gt;&gt;</a>&nbsp;&nbsp;&nbsp;gapc_get_dev_info_req_ind_handler
<LI><a href="#[6b]">&gt;&gt;</a>&nbsp;&nbsp;&nbsp;gapc_connection_req_ind_handler
</UL>

<P><STRONG><a name="[14e]"></a>ke_msg_send</STRONG> (Thumb, 0 bytes, Stack size 0 bytes, stack_rom_symbol.txt(ABSOLUTE))
<BR><BR>[Called By]<UL><LI><a href="#[1b9]">&gt;&gt;</a>&nbsp;&nbsp;&nbsp;appc_write_service_data_req
<LI><a href="#[14f]">&gt;&gt;</a>&nbsp;&nbsp;&nbsp;app_fff1_send_lvl
<LI><a href="#[1cc]">&gt;&gt;</a>&nbsp;&nbsp;&nbsp;appm_start_connencting
<LI><a href="#[1c1]">&gt;&gt;</a>&nbsp;&nbsp;&nbsp;appm_disconnect
<LI><a href="#[1b8]">&gt;&gt;</a>&nbsp;&nbsp;&nbsp;appc_update_param
<LI><a href="#[1d2]">&gt;&gt;</a>&nbsp;&nbsp;&nbsp;appm_update_adv_data
<LI><a href="#[1cd]">&gt;&gt;</a>&nbsp;&nbsp;&nbsp;appm_stop_scanning
<LI><a href="#[1be]">&gt;&gt;</a>&nbsp;&nbsp;&nbsp;appm_stop_connencting
<LI><a href="#[1cb]">&gt;&gt;</a>&nbsp;&nbsp;&nbsp;appm_stop_advertising
<LI><a href="#[1ca]">&gt;&gt;</a>&nbsp;&nbsp;&nbsp;appm_start_scanning
<LI><a href="#[1c9]">&gt;&gt;</a>&nbsp;&nbsp;&nbsp;appm_start_advertising
<LI><a href="#[65]">&gt;&gt;</a>&nbsp;&nbsp;&nbsp;app_fff0_add_fff0s
<LI><a href="#[5f]">&gt;&gt;</a>&nbsp;&nbsp;&nbsp;gattc_event_req_ind_handler
<LI><a href="#[60]">&gt;&gt;</a>&nbsp;&nbsp;&nbsp;gattc_cmp_evt_handler
<LI><a href="#[1ae]">&gt;&gt;</a>&nbsp;&nbsp;&nbsp;sdp_discover_all_service
<LI><a href="#[2f9]">&gt;&gt;</a>&nbsp;&nbsp;&nbsp;sdp_add_profiles
<LI><a href="#[51]">&gt;&gt;</a>&nbsp;&nbsp;&nbsp;gattc_write_req_ind_handler
<LI><a href="#[52]">&gt;&gt;</a>&nbsp;&nbsp;&nbsp;gattc_read_req_ind_handler
<LI><a href="#[50]">&gt;&gt;</a>&nbsp;&nbsp;&nbsp;gattc_att_info_req_ind_handler
<LI><a href="#[219]">&gt;&gt;</a>&nbsp;&nbsp;&nbsp;fff0s_notify_fff1_lvl
<LI><a href="#[2c9]">&gt;&gt;</a>&nbsp;&nbsp;&nbsp;prf_register_atthdl2gatt
<LI><a href="#[2c8]">&gt;&gt;</a>&nbsp;&nbsp;&nbsp;prf_read_char_send
<LI><a href="#[2c3]">&gt;&gt;</a>&nbsp;&nbsp;&nbsp;prf_gatt_write
<LI><a href="#[1ba]">&gt;&gt;</a>&nbsp;&nbsp;&nbsp;appc_write_service_ntf_cfg_req
<LI><a href="#[1ad]">&gt;&gt;</a>&nbsp;&nbsp;&nbsp;appc_get_peer_dev_info
<LI><a href="#[67]">&gt;&gt;</a>&nbsp;&nbsp;&nbsp;gapm_device_ready_ind_handler
<LI><a href="#[69]">&gt;&gt;</a>&nbsp;&nbsp;&nbsp;gapm_cmp_evt_handler
<LI><a href="#[6e]">&gt;&gt;</a>&nbsp;&nbsp;&nbsp;gapc_param_update_req_ind_handler
<LI><a href="#[6a]">&gt;&gt;</a>&nbsp;&nbsp;&nbsp;gapc_get_dev_info_req_ind_handler
<LI><a href="#[6b]">&gt;&gt;</a>&nbsp;&nbsp;&nbsp;gapc_connection_req_ind_handler
</UL>

<P><STRONG><a name="[1b7]"></a>ke_task_create</STRONG> (Thumb, 0 bytes, Stack size 0 bytes, stack_rom_symbol.txt(ABSOLUTE))
<BR><BR>[Called By]<UL><LI><a href="#[2a]">&gt;&gt;</a>&nbsp;&nbsp;&nbsp;prf_init
<LI><a href="#[1c3]">&gt;&gt;</a>&nbsp;&nbsp;&nbsp;appm_init
<LI><a href="#[1b6]">&gt;&gt;</a>&nbsp;&nbsp;&nbsp;appc_init
</UL>

<P><STRONG><a name="[1af]"></a>ke_state_set</STRONG> (Thumb, 0 bytes, Stack size 0 bytes, stack_rom_symbol.txt(ABSOLUTE))
<BR><BR>[Called By]<UL><LI><a href="#[1cc]">&gt;&gt;</a>&nbsp;&nbsp;&nbsp;appm_start_connencting
<LI><a href="#[149]">&gt;&gt;</a>&nbsp;&nbsp;&nbsp;appm_scan_adv_con_schedule
<LI><a href="#[1c3]">&gt;&gt;</a>&nbsp;&nbsp;&nbsp;appm_init
<LI><a href="#[1cd]">&gt;&gt;</a>&nbsp;&nbsp;&nbsp;appm_stop_scanning
<LI><a href="#[1cb]">&gt;&gt;</a>&nbsp;&nbsp;&nbsp;appm_stop_advertising
<LI><a href="#[1ca]">&gt;&gt;</a>&nbsp;&nbsp;&nbsp;appm_start_scanning
<LI><a href="#[1c9]">&gt;&gt;</a>&nbsp;&nbsp;&nbsp;appm_start_advertising
<LI><a href="#[54]">&gt;&gt;</a>&nbsp;&nbsp;&nbsp;sdp_init
<LI><a href="#[56]">&gt;&gt;</a>&nbsp;&nbsp;&nbsp;sdp_create
<LI><a href="#[57]">&gt;&gt;</a>&nbsp;&nbsp;&nbsp;sdp_cleanup
<LI><a href="#[53]">&gt;&gt;</a>&nbsp;&nbsp;&nbsp;gattc_cmp_evt_handler
<LI><a href="#[4f]">&gt;&gt;</a>&nbsp;&nbsp;&nbsp;fff0s_fff1_level_upd_req_handler
<LI><a href="#[4b]">&gt;&gt;</a>&nbsp;&nbsp;&nbsp;fff0s_init
<LI><a href="#[9f]">&gt;&gt;</a>&nbsp;&nbsp;&nbsp;gattc_cmp_evt_handler
<LI><a href="#[a0]">&gt;&gt;</a>&nbsp;&nbsp;&nbsp;appc_check_device_link_timer_handler
<LI><a href="#[1b2]">&gt;&gt;</a>&nbsp;&nbsp;&nbsp;appc_create
<LI><a href="#[1b0]">&gt;&gt;</a>&nbsp;&nbsp;&nbsp;appc_cleanup
<LI><a href="#[69]">&gt;&gt;</a>&nbsp;&nbsp;&nbsp;gapm_cmp_evt_handler
<LI><a href="#[6c]">&gt;&gt;</a>&nbsp;&nbsp;&nbsp;gapc_disconnect_ind_handler
<LI><a href="#[6b]">&gt;&gt;</a>&nbsp;&nbsp;&nbsp;gapc_connection_req_ind_handler
<LI><a href="#[77]">&gt;&gt;</a>&nbsp;&nbsp;&nbsp;appm_stop_adv_timerout_handler
</UL>

<P><STRONG><a name="[146]"></a>ke_state_get</STRONG> (Thumb, 0 bytes, Stack size 0 bytes, stack_rom_symbol.txt(ABSOLUTE))
<BR><BR>[Called By]<UL><LI><a href="#[144]">&gt;&gt;</a>&nbsp;&nbsp;&nbsp;app_active_report_stop
<LI><a href="#[145]">&gt;&gt;</a>&nbsp;&nbsp;&nbsp;app_active_report_start
<LI><a href="#[13f]">&gt;&gt;</a>&nbsp;&nbsp;&nbsp;suble_adv_param_set
<LI><a href="#[1b9]">&gt;&gt;</a>&nbsp;&nbsp;&nbsp;appc_write_service_data_req
<LI><a href="#[1cc]">&gt;&gt;</a>&nbsp;&nbsp;&nbsp;appm_start_connencting
<LI><a href="#[1c1]">&gt;&gt;</a>&nbsp;&nbsp;&nbsp;appm_disconnect
<LI><a href="#[1b8]">&gt;&gt;</a>&nbsp;&nbsp;&nbsp;appc_update_param
<LI><a href="#[1d2]">&gt;&gt;</a>&nbsp;&nbsp;&nbsp;appm_update_adv_data
<LI><a href="#[149]">&gt;&gt;</a>&nbsp;&nbsp;&nbsp;appm_scan_adv_con_schedule
<LI><a href="#[1cd]">&gt;&gt;</a>&nbsp;&nbsp;&nbsp;appm_stop_scanning
<LI><a href="#[1be]">&gt;&gt;</a>&nbsp;&nbsp;&nbsp;appm_stop_connencting
<LI><a href="#[1cb]">&gt;&gt;</a>&nbsp;&nbsp;&nbsp;appm_stop_advertising
<LI><a href="#[1ca]">&gt;&gt;</a>&nbsp;&nbsp;&nbsp;appm_start_scanning
<LI><a href="#[1c9]">&gt;&gt;</a>&nbsp;&nbsp;&nbsp;appm_start_advertising
<LI><a href="#[5d]">&gt;&gt;</a>&nbsp;&nbsp;&nbsp;gattc_read_ind_handler
<LI><a href="#[5f]">&gt;&gt;</a>&nbsp;&nbsp;&nbsp;gattc_event_req_ind_handler
<LI><a href="#[5e]">&gt;&gt;</a>&nbsp;&nbsp;&nbsp;gattc_event_ind_handler
<LI><a href="#[60]">&gt;&gt;</a>&nbsp;&nbsp;&nbsp;gattc_cmp_evt_handler
<LI><a href="#[53]">&gt;&gt;</a>&nbsp;&nbsp;&nbsp;gattc_cmp_evt_handler
<LI><a href="#[4f]">&gt;&gt;</a>&nbsp;&nbsp;&nbsp;fff0s_fff1_level_upd_req_handler
<LI><a href="#[1ba]">&gt;&gt;</a>&nbsp;&nbsp;&nbsp;appc_write_service_ntf_cfg_req
<LI><a href="#[9d]">&gt;&gt;</a>&nbsp;&nbsp;&nbsp;gapm_profile_added_ind_handler
<LI><a href="#[a0]">&gt;&gt;</a>&nbsp;&nbsp;&nbsp;appc_check_device_link_timer_handler
<LI><a href="#[68]">&gt;&gt;</a>&nbsp;&nbsp;&nbsp;gapm_profile_added_ind_handler
<LI><a href="#[69]">&gt;&gt;</a>&nbsp;&nbsp;&nbsp;gapm_cmp_evt_handler
<LI><a href="#[76]">&gt;&gt;</a>&nbsp;&nbsp;&nbsp;appm_con_dev_timerout_handler
</UL>

<P><STRONG><a name="[2c5]"></a>ke_task_msg_flush</STRONG> (Thumb, 0 bytes, Stack size 0 bytes, stack_rom_symbol.txt(ABSOLUTE))
<BR><BR>[Called By]<UL><LI><a href="#[2a]">&gt;&gt;</a>&nbsp;&nbsp;&nbsp;prf_init
</UL>

<P><STRONG><a name="[1b5]"></a>ke_timer_set</STRONG> (Thumb, 0 bytes, Stack size 0 bytes, stack_rom_symbol.txt(ABSOLUTE))
<BR><BR>[Called By]<UL><LI><a href="#[32b]">&gt;&gt;</a>&nbsp;&nbsp;&nbsp;tuya_ble_master_scan_finish_handler
<LI><a href="#[1cc]">&gt;&gt;</a>&nbsp;&nbsp;&nbsp;appm_start_connencting
<LI><a href="#[333]">&gt;&gt;</a>&nbsp;&nbsp;&nbsp;suble_timer_continue
<LI><a href="#[286]">&gt;&gt;</a>&nbsp;&nbsp;&nbsp;suble_timer_start_0
<LI><a href="#[1cb]">&gt;&gt;</a>&nbsp;&nbsp;&nbsp;appm_stop_advertising
<LI><a href="#[1ca]">&gt;&gt;</a>&nbsp;&nbsp;&nbsp;appm_start_scanning
<LI><a href="#[1b2]">&gt;&gt;</a>&nbsp;&nbsp;&nbsp;appc_create
</UL>

<P><STRONG><a name="[22f]"></a>ke_timer_clear</STRONG> (Thumb, 0 bytes, Stack size 0 bytes, stack_rom_symbol.txt(ABSOLUTE))
<BR><BR>[Called By]<UL><LI><a href="#[306]">&gt;&gt;</a>&nbsp;&nbsp;&nbsp;suble_timer_stop_0
<LI><a href="#[69]">&gt;&gt;</a>&nbsp;&nbsp;&nbsp;gapm_cmp_evt_handler
<LI><a href="#[6b]">&gt;&gt;</a>&nbsp;&nbsp;&nbsp;gapc_connection_req_ind_handler
</UL>

<P><STRONG><a name="[1ce]"></a>ke_timer_active</STRONG> (Thumb, 0 bytes, Stack size 0 bytes, stack_rom_symbol.txt(ABSOLUTE))
<BR><BR>[Called By]<UL><LI><a href="#[149]">&gt;&gt;</a>&nbsp;&nbsp;&nbsp;appm_scan_adv_con_schedule
<LI><a href="#[1ca]">&gt;&gt;</a>&nbsp;&nbsp;&nbsp;appm_start_scanning
<LI><a href="#[6b]">&gt;&gt;</a>&nbsp;&nbsp;&nbsp;gapc_connection_req_ind_handler
</UL>

<P><STRONG><a name="[2da]"></a>em_buf_init</STRONG> (Thumb, 0 bytes, Stack size 0 bytes, stack_rom_symbol.txt(ABSOLUTE))
<BR><BR>[Called By]<UL><LI><a href="#[2e7]">&gt;&gt;</a>&nbsp;&nbsp;&nbsp;rwble_reset
<LI><a href="#[2d9]">&gt;&gt;</a>&nbsp;&nbsp;&nbsp;rwble_init
</UL>

<P><STRONG><a name="[2dc]"></a>llc_init</STRONG> (Thumb, 0 bytes, Stack size 0 bytes, stack_rom_symbol.txt(ABSOLUTE))
<BR><BR>[Called By]<UL><LI><a href="#[2d9]">&gt;&gt;</a>&nbsp;&nbsp;&nbsp;rwble_init
</UL>

<P><STRONG><a name="[2e9]"></a>llc_reset</STRONG> (Thumb, 0 bytes, Stack size 0 bytes, stack_rom_symbol.txt(ABSOLUTE))
<BR><BR>[Called By]<UL><LI><a href="#[2e7]">&gt;&gt;</a>&nbsp;&nbsp;&nbsp;rwble_reset
</UL>

<P><STRONG><a name="[2db]"></a>lld_init</STRONG> (Thumb, 0 bytes, Stack size 0 bytes, stack_rom_symbol.txt(ABSOLUTE))
<BR><BR>[Called By]<UL><LI><a href="#[2e7]">&gt;&gt;</a>&nbsp;&nbsp;&nbsp;rwble_reset
<LI><a href="#[2d9]">&gt;&gt;</a>&nbsp;&nbsp;&nbsp;rwble_init
</UL>

<P><STRONG><a name="[2e8]"></a>lld_core_reset</STRONG> (Thumb, 0 bytes, Stack size 0 bytes, stack_rom_symbol.txt(ABSOLUTE))
<BR><BR>[Called By]<UL><LI><a href="#[2e7]">&gt;&gt;</a>&nbsp;&nbsp;&nbsp;rwble_reset
</UL>

<P><STRONG><a name="[2e6]"></a>lld_crypt_isr</STRONG> (Thumb, 0 bytes, Stack size 0 bytes, stack_rom_symbol.txt(ABSOLUTE))
<BR><BR>[Called By]<UL><LI><a href="#[117]">&gt;&gt;</a>&nbsp;&nbsp;&nbsp;rwble_isr
</UL>

<P><STRONG><a name="[2e5]"></a>lld_evt_timer_isr</STRONG> (Thumb, 0 bytes, Stack size 0 bytes, stack_rom_symbol.txt(ABSOLUTE))
<BR><BR>[Called By]<UL><LI><a href="#[117]">&gt;&gt;</a>&nbsp;&nbsp;&nbsp;rwble_isr
</UL>

<P><STRONG><a name="[2e2]"></a>lld_evt_end_isr</STRONG> (Thumb, 0 bytes, Stack size 0 bytes, stack_rom_symbol.txt(ABSOLUTE))
<BR><BR>[Called By]<UL><LI><a href="#[117]">&gt;&gt;</a>&nbsp;&nbsp;&nbsp;rwble_isr
</UL>

<P><STRONG><a name="[2e3]"></a>lld_evt_rx_isr</STRONG> (Thumb, 0 bytes, Stack size 0 bytes, stack_rom_symbol.txt(ABSOLUTE))
<BR><BR>[Called By]<UL><LI><a href="#[117]">&gt;&gt;</a>&nbsp;&nbsp;&nbsp;rwble_isr
</UL>

<P><STRONG><a name="[2f4]"></a>lld_sleep_wakeup</STRONG> (Thumb, 0 bytes, Stack size 0 bytes, stack_rom_symbol.txt(ABSOLUTE))
<BR><BR>[Called By]<UL><LI><a href="#[2df]">&gt;&gt;</a>&nbsp;&nbsp;&nbsp;rwip_wakeup
</UL>

<P><STRONG><a name="[2f6]"></a>lld_sleep_wakeup_end</STRONG> (Thumb, 0 bytes, Stack size 0 bytes, stack_rom_symbol.txt(ABSOLUTE))
<BR><BR>[Called By]<UL><LI><a href="#[2e0]">&gt;&gt;</a>&nbsp;&nbsp;&nbsp;rwip_wakeup_end
</UL>

<P><STRONG><a name="[2dd]"></a>llm_init</STRONG> (Thumb, 0 bytes, Stack size 0 bytes, stack_rom_symbol.txt(ABSOLUTE))
<BR><BR>[Called By]<UL><LI><a href="#[2e7]">&gt;&gt;</a>&nbsp;&nbsp;&nbsp;rwble_reset
<LI><a href="#[2d9]">&gt;&gt;</a>&nbsp;&nbsp;&nbsp;rwble_init
</UL>

<P><STRONG><a name="[2de]"></a>llm_ble_ready</STRONG> (Thumb, 0 bytes, Stack size 0 bytes, stack_rom_symbol.txt(ABSOLUTE))
<BR><BR>[Called By]<UL><LI><a href="#[2d9]">&gt;&gt;</a>&nbsp;&nbsp;&nbsp;rwble_init
</UL>

<P><STRONG><a name="[2f0]"></a>ea_init</STRONG> (Thumb, 0 bytes, Stack size 0 bytes, stack_rom_symbol.txt(ABSOLUTE))
<BR><BR>[Called By]<UL><LI><a href="#[2f]">&gt;&gt;</a>&nbsp;&nbsp;&nbsp;rwip_reset
<LI><a href="#[298]">&gt;&gt;</a>&nbsp;&nbsp;&nbsp;rwip_init
</UL>

<P><STRONG><a name="[2e1]"></a>ea_finetimer_isr</STRONG> (Thumb, 0 bytes, Stack size 0 bytes, stack_rom_symbol.txt(ABSOLUTE))
<BR><BR>[Called By]<UL><LI><a href="#[117]">&gt;&gt;</a>&nbsp;&nbsp;&nbsp;rwble_isr
</UL>

<P><STRONG><a name="[2e4]"></a>ea_sw_isr</STRONG> (Thumb, 0 bytes, Stack size 0 bytes, stack_rom_symbol.txt(ABSOLUTE))
<BR><BR>[Called By]<UL><LI><a href="#[117]">&gt;&gt;</a>&nbsp;&nbsp;&nbsp;rwble_isr
</UL>

<P><STRONG><a name="[2d6]"></a>gapm_init</STRONG> (Thumb, 0 bytes, Stack size 0 bytes, stack_rom_symbol.txt(ABSOLUTE))
<BR><BR>[Called By]<UL><LI><a href="#[2e]">&gt;&gt;</a>&nbsp;&nbsp;&nbsp;rwble_hl_reset
<LI><a href="#[2d4]">&gt;&gt;</a>&nbsp;&nbsp;&nbsp;rwble_hl_init
</UL>

<P><STRONG><a name="[21c]"></a>attm_svc_create_db</STRONG> (Thumb, 0 bytes, Stack size 0 bytes, stack_rom_symbol.txt(ABSOLUTE))
<BR><BR>[Called By]<UL><LI><a href="#[4b]">&gt;&gt;</a>&nbsp;&nbsp;&nbsp;fff0s_init
</UL>

<P><STRONG><a name="[2d5]"></a>attm_init</STRONG> (Thumb, 0 bytes, Stack size 0 bytes, stack_rom_symbol.txt(ABSOLUTE))
<BR><BR>[Called By]<UL><LI><a href="#[2e]">&gt;&gt;</a>&nbsp;&nbsp;&nbsp;rwble_hl_reset
<LI><a href="#[2d4]">&gt;&gt;</a>&nbsp;&nbsp;&nbsp;rwble_hl_init
</UL>

<P><STRONG><a name="[2d7]"></a>gattm_init</STRONG> (Thumb, 0 bytes, Stack size 0 bytes, stack_rom_symbol.txt(ABSOLUTE))
<BR><BR>[Called By]<UL><LI><a href="#[2e]">&gt;&gt;</a>&nbsp;&nbsp;&nbsp;rwble_hl_reset
<LI><a href="#[2d4]">&gt;&gt;</a>&nbsp;&nbsp;&nbsp;rwble_hl_init
</UL>

<P><STRONG><a name="[2d8]"></a>l2cm_init</STRONG> (Thumb, 0 bytes, Stack size 0 bytes, stack_rom_symbol.txt(ABSOLUTE))
<BR><BR>[Called By]<UL><LI><a href="#[2e]">&gt;&gt;</a>&nbsp;&nbsp;&nbsp;rwble_hl_reset
<LI><a href="#[2d4]">&gt;&gt;</a>&nbsp;&nbsp;&nbsp;rwble_hl_init
</UL>

<P><STRONG><a name="[2ee]"></a>hci_init</STRONG> (Thumb, 0 bytes, Stack size 0 bytes, stack_rom_symbol.txt(ABSOLUTE))
<BR><BR>[Called By]<UL><LI><a href="#[298]">&gt;&gt;</a>&nbsp;&nbsp;&nbsp;rwip_init
</UL>

<P><STRONG><a name="[2f2]"></a>hci_reset</STRONG> (Thumb, 0 bytes, Stack size 0 bytes, stack_rom_symbol.txt(ABSOLUTE))
<BR><BR>[Called By]<UL><LI><a href="#[2f]">&gt;&gt;</a>&nbsp;&nbsp;&nbsp;rwip_reset
</UL>

<P><STRONG><a name="[2ed]"></a>h4tl_init</STRONG> (Thumb, 0 bytes, Stack size 0 bytes, stack_rom_symbol.txt(ABSOLUTE))
<BR><BR>[Called By]<UL><LI><a href="#[298]">&gt;&gt;</a>&nbsp;&nbsp;&nbsp;rwip_init
</UL>

<P><STRONG><a name="[2f5]"></a>h4tl_start</STRONG> (Thumb, 0 bytes, Stack size 0 bytes, stack_rom_symbol.txt(ABSOLUTE))
<BR><BR>[Called By]<UL><LI><a href="#[2df]">&gt;&gt;</a>&nbsp;&nbsp;&nbsp;rwip_wakeup
</UL>

<P><STRONG><a name="[2ef]"></a>ahi_init</STRONG> (Thumb, 0 bytes, Stack size 0 bytes, stack_rom_symbol.txt(ABSOLUTE))
<BR><BR>[Called By]<UL><LI><a href="#[298]">&gt;&gt;</a>&nbsp;&nbsp;&nbsp;rwip_init
</UL>

<P><STRONG><a name="[12c]"></a>__aeabi_uidivmod</STRONG> (Thumb, 0 bytes, Stack size 0 bytes, stack_rom_symbol.txt(ABSOLUTE))
<BR><BR>[Called By]<UL><LI><a href="#[257]">&gt;&gt;</a>&nbsp;&nbsp;&nbsp;verify_dynamic_pwd_token
<LI><a href="#[128]">&gt;&gt;</a>&nbsp;&nbsp;&nbsp;TOTP
<LI><a href="#[279]">&gt;&gt;</a>&nbsp;&nbsp;&nbsp;tuya_ble_utc_sec_2_mytime
<LI><a href="#[27f]">&gt;&gt;</a>&nbsp;&nbsp;&nbsp;lock_open_meth_sync_new_report
<LI><a href="#[22e]">&gt;&gt;</a>&nbsp;&nbsp;&nbsp;fpe_mod_pow
<LI><a href="#[1fd]">&gt;&gt;</a>&nbsp;&nbsp;&nbsp;num_to_num_str
<LI><a href="#[1ea]">&gt;&gt;</a>&nbsp;&nbsp;&nbsp;fpe_mod_pow_radix
<LI><a href="#[1f8]">&gt;&gt;</a>&nbsp;&nbsp;&nbsp;fpe_mod
<LI><a href="#[1e7]">&gt;&gt;</a>&nbsp;&nbsp;&nbsp;ceil2
<LI><a href="#[1e8]">&gt;&gt;</a>&nbsp;&nbsp;&nbsp;calcc
<LI><a href="#[168]">&gt;&gt;</a>&nbsp;&nbsp;&nbsp;suble_gap_conn_param_update
<LI><a href="#[15a]">&gt;&gt;</a>&nbsp;&nbsp;&nbsp;app_ota_get_crc32_in_flash
<LI><a href="#[27d]">&gt;&gt;</a>&nbsp;&nbsp;&nbsp;lock_offline_pwd_storage_calculate_T2_T3
<LI><a href="#[278]">&gt;&gt;</a>&nbsp;&nbsp;&nbsp;lock_offline_pwd_calculate_T2_T3
<LI><a href="#[1bc]">&gt;&gt;</a>&nbsp;&nbsp;&nbsp;applib_dt_is_leap_year
<LI><a href="#[1bb]">&gt;&gt;</a>&nbsp;&nbsp;&nbsp;applib_dt_dayindex
<LI><a href="#[38f]">&gt;&gt;</a>&nbsp;&nbsp;&nbsp;tuya_ble_queue_decrease
<LI><a href="#[369]">&gt;&gt;</a>&nbsp;&nbsp;&nbsp;tuya_ble_enqueue
<LI><a href="#[366]">&gt;&gt;</a>&nbsp;&nbsp;&nbsp;tuya_ble_dequeue
<LI><a href="#[304]">&gt;&gt;</a>&nbsp;&nbsp;&nbsp;suble_battery_get_value_outtime_handler
<LI><a href="#[286]">&gt;&gt;</a>&nbsp;&nbsp;&nbsp;suble_timer_start_0
<LI><a href="#[283]">&gt;&gt;</a>&nbsp;&nbsp;&nbsp;suble_buzzer_start
<LI><a href="#[33]">&gt;&gt;</a>&nbsp;&nbsp;&nbsp;rwip_us_2_lpcycles
<LI><a href="#[244]">&gt;&gt;</a>&nbsp;&nbsp;&nbsp;kmod_calibration
<LI><a href="#[23c]">&gt;&gt;</a>&nbsp;&nbsp;&nbsp;sdp_extract_svc_info
</UL>

<P><STRONG><a name="[109]"></a>__aeabi_idivmod</STRONG> (Thumb, 0 bytes, Stack size 0 bytes, stack_rom_symbol.txt(ABSOLUTE))
<BR><BR>[Called By]<UL><LI><a href="#[279]">&gt;&gt;</a>&nbsp;&nbsp;&nbsp;tuya_ble_utc_sec_2_mytime
<LI><a href="#[1bb]">&gt;&gt;</a>&nbsp;&nbsp;&nbsp;applib_dt_dayindex
<LI><a href="#[304]">&gt;&gt;</a>&nbsp;&nbsp;&nbsp;suble_battery_get_value_outtime_handler
<LI><a href="#[101]">&gt;&gt;</a>&nbsp;&nbsp;&nbsp;_btod_etento
<LI><a href="#[108]">&gt;&gt;</a>&nbsp;&nbsp;&nbsp;_printf_fp_hex_real
</UL>

<P><STRONG><a name="[1c5]"></a>rand</STRONG> (Thumb, 0 bytes, Stack size 0 bytes, stack_rom_symbol.txt(ABSOLUTE))
<BR><BR>[Called By]<UL><LI><a href="#[399]">&gt;&gt;</a>&nbsp;&nbsp;&nbsp;tuya_ble_rand_generator
<LI><a href="#[331]">&gt;&gt;</a>&nbsp;&nbsp;&nbsp;tuya_ble_master_commData_send
<LI><a href="#[355]">&gt;&gt;</a>&nbsp;&nbsp;&nbsp;tuya_ble_commData_send
<LI><a href="#[1c3]">&gt;&gt;</a>&nbsp;&nbsp;&nbsp;appm_init
</UL>

<P><STRONG><a name="[28b]"></a>srand</STRONG> (Thumb, 0 bytes, Stack size 0 bytes, stack_rom_symbol.txt(ABSOLUTE))
<BR><BR>[Called By]<UL><LI><a href="#[d]">&gt;&gt;</a>&nbsp;&nbsp;&nbsp;main
<LI><a href="#[2e7]">&gt;&gt;</a>&nbsp;&nbsp;&nbsp;rwble_reset
</UL>

<P><STRONG><a name="[11c]"></a>__aeabi_memcpy</STRONG> (Thumb, 0 bytes, Stack size 0 bytes, stack_rom_symbol.txt(ABSOLUTE))
<BR><BR>[Called By]<UL><LI><a href="#[119]">&gt;&gt;</a>&nbsp;&nbsp;&nbsp;HMAC_SHA1
<LI><a href="#[248]">&gt;&gt;</a>&nbsp;&nbsp;&nbsp;lock_evt_save
<LI><a href="#[1e0]">&gt;&gt;</a>&nbsp;&nbsp;&nbsp;lock_offline_evt_report
<LI><a href="#[2b6]">&gt;&gt;</a>&nbsp;&nbsp;&nbsp;tuya_ble_app_evt_send_with_data
<LI><a href="#[27f]">&gt;&gt;</a>&nbsp;&nbsp;&nbsp;lock_open_meth_sync_new_report
<LI><a href="#[26e]">&gt;&gt;</a>&nbsp;&nbsp;&nbsp;lock_hard_modify_in_local_flash
<LI><a href="#[26c]">&gt;&gt;</a>&nbsp;&nbsp;&nbsp;lock_hard_modify_all_by_memberid
<LI><a href="#[24b]">&gt;&gt;</a>&nbsp;&nbsp;&nbsp;lock_dp_parser_handler
<LI><a href="#[274]">&gt;&gt;</a>&nbsp;&nbsp;&nbsp;lock_open_record_report_offline_pwd
<LI><a href="#[273]">&gt;&gt;</a>&nbsp;&nbsp;&nbsp;lock_offline_pwd_verify
<LI><a href="#[26f]">&gt;&gt;</a>&nbsp;&nbsp;&nbsp;lock_hard_save_in_local_flash
<LI><a href="#[26b]">&gt;&gt;</a>&nbsp;&nbsp;&nbsp;lock_hard_load_by_temp_password
<LI><a href="#[26a]">&gt;&gt;</a>&nbsp;&nbsp;&nbsp;lock_hard_load_by_password
<LI><a href="#[217]">&gt;&gt;</a>&nbsp;&nbsp;&nbsp;lock_hard_uart_simulate
<LI><a href="#[32e]">&gt;&gt;</a>&nbsp;&nbsp;&nbsp;suble_svc_notify
<LI><a href="#[399]">&gt;&gt;</a>&nbsp;&nbsp;&nbsp;tuya_ble_rand_generator
<LI><a href="#[343]">&gt;&gt;</a>&nbsp;&nbsp;&nbsp;tuya_ble_gap_advertising_scan_rsp_data_update
<LI><a href="#[342]">&gt;&gt;</a>&nbsp;&nbsp;&nbsp;tuya_ble_gap_advertising_adv_data_update
<LI><a href="#[3a7]">&gt;&gt;</a>&nbsp;&nbsp;&nbsp;tuya_ble_master_data_passthrough_with_phone
<LI><a href="#[324]">&gt;&gt;</a>&nbsp;&nbsp;&nbsp;tuya_ble_app_init
<LI><a href="#[29e]">&gt;&gt;</a>&nbsp;&nbsp;&nbsp;mbedtls_aes_crypt_cbc
<LI><a href="#[1fa]">&gt;&gt;</a>&nbsp;&nbsp;&nbsp;to_byte_str_with_bignum
<LI><a href="#[1fb]">&gt;&gt;</a>&nbsp;&nbsp;&nbsp;prf
<LI><a href="#[1f6]">&gt;&gt;</a>&nbsp;&nbsp;&nbsp;num_str_copy_of_range
<LI><a href="#[1fe]">&gt;&gt;</a>&nbsp;&nbsp;&nbsp;num_str_concatenate
<LI><a href="#[1f0]">&gt;&gt;</a>&nbsp;&nbsp;&nbsp;create_byte_str
<LI><a href="#[1e5]">&gt;&gt;</a>&nbsp;&nbsp;&nbsp;byte_str_copy_of_range
<LI><a href="#[1e2]">&gt;&gt;</a>&nbsp;&nbsp;&nbsp;byte_str_concatenate
<LI><a href="#[350]">&gt;&gt;</a>&nbsp;&nbsp;&nbsp;tuya_ble_sdk_init
<LI><a href="#[176]">&gt;&gt;</a>&nbsp;&nbsp;&nbsp;tuya_ble_dp_data_with_time_report
<LI><a href="#[174]">&gt;&gt;</a>&nbsp;&nbsp;&nbsp;tuya_ble_dp_data_report
<LI><a href="#[18e]">&gt;&gt;</a>&nbsp;&nbsp;&nbsp;suble_gap_set_bt_mac
<LI><a href="#[313]">&gt;&gt;</a>&nbsp;&nbsp;&nbsp;suble_gap_get_bt_mac
<LI><a href="#[189]">&gt;&gt;</a>&nbsp;&nbsp;&nbsp;sf_nv_write
<LI><a href="#[185]">&gt;&gt;</a>&nbsp;&nbsp;&nbsp;sf_nv_read
<LI><a href="#[1a6]">&gt;&gt;</a>&nbsp;&nbsp;&nbsp;app_test_write_auth_info_handler
<LI><a href="#[1a8]">&gt;&gt;</a>&nbsp;&nbsp;&nbsp;app_test_rsp
<LI><a href="#[1a7]">&gt;&gt;</a>&nbsp;&nbsp;&nbsp;app_test_query_info_handler
<LI><a href="#[169]">&gt;&gt;</a>&nbsp;&nbsp;&nbsp;tuya_ble_ota_response
<LI><a href="#[15f]">&gt;&gt;</a>&nbsp;&nbsp;&nbsp;app_ota_file_info_handler
<LI><a href="#[22d]">&gt;&gt;</a>&nbsp;&nbsp;&nbsp;fpe_decrypt
<LI><a href="#[245]">&gt;&gt;</a>&nbsp;&nbsp;&nbsp;is_offline_pwd_exist
<LI><a href="#[3a2]">&gt;&gt;</a>&nbsp;&nbsp;&nbsp;tuya_sched_execute
<LI><a href="#[341]">&gt;&gt;</a>&nbsp;&nbsp;&nbsp;tuya_ble_device_id_encrypt
<LI><a href="#[344]">&gt;&gt;</a>&nbsp;&nbsp;&nbsp;tuya_ble_adv_change_with_connecting_request
<LI><a href="#[3b7]">&gt;&gt;</a>&nbsp;&nbsp;&nbsp;tuya_ble_storage_init
<LI><a href="#[33f]">&gt;&gt;</a>&nbsp;&nbsp;&nbsp;tuya_ble_adv_change
<LI><a href="#[1f1]">&gt;&gt;</a>&nbsp;&nbsp;&nbsp;data_2_klvlist
<LI><a href="#[32f]">&gt;&gt;</a>&nbsp;&nbsp;&nbsp;tuya_ble_gatt_receive_data
<LI><a href="#[35e]">&gt;&gt;</a>&nbsp;&nbsp;&nbsp;tuya_ble_common_uart_send_full_instruction_received
<LI><a href="#[364]">&gt;&gt;</a>&nbsp;&nbsp;&nbsp;tuya_ble_data_passthrough
<LI><a href="#[33d]">&gt;&gt;</a>&nbsp;&nbsp;&nbsp;trsmitr_send_pkg_encode
<LI><a href="#[1d6]">&gt;&gt;</a>&nbsp;&nbsp;&nbsp;trsmitr_recv_pkg_decode
<LI><a href="#[29d]">&gt;&gt;</a>&nbsp;&nbsp;&nbsp;tuya_ble_master_open_with_master
<LI><a href="#[330]">&gt;&gt;</a>&nbsp;&nbsp;&nbsp;tuya_ble_master_commonData_rx_proc
<LI><a href="#[331]">&gt;&gt;</a>&nbsp;&nbsp;&nbsp;tuya_ble_master_commData_send
<LI><a href="#[32b]">&gt;&gt;</a>&nbsp;&nbsp;&nbsp;tuya_ble_master_scan_finish_handler
<LI><a href="#[3a6]">&gt;&gt;</a>&nbsp;&nbsp;&nbsp;tuya_ble_master_receive_data_from_slave_decrypt
<LI><a href="#[3a3]">&gt;&gt;</a>&nbsp;&nbsp;&nbsp;tuya_ble_master_encryption
<LI><a href="#[3a4]">&gt;&gt;</a>&nbsp;&nbsp;&nbsp;tuya_ble_master_decryption
<LI><a href="#[3a1]">&gt;&gt;</a>&nbsp;&nbsp;&nbsp;tuya_ble_key_generate
<LI><a href="#[48]">&gt;&gt;</a>&nbsp;&nbsp;&nbsp;suble_master_evt_handler
<LI><a href="#[287]">&gt;&gt;</a>&nbsp;&nbsp;&nbsp;lock_slave_info_save
<LI><a href="#[1d5]">&gt;&gt;</a>&nbsp;&nbsp;&nbsp;ble_data_unpack
<LI><a href="#[3c0]">&gt;&gt;</a>&nbsp;&nbsp;&nbsp;tuya_ble_uart_common_mcu_ota_data_from_uart_handler
<LI><a href="#[375]">&gt;&gt;</a>&nbsp;&nbsp;&nbsp;tuya_ble_handle_dp_data_with_time_string_reported_evt
<LI><a href="#[374]">&gt;&gt;</a>&nbsp;&nbsp;&nbsp;tuya_ble_handle_dp_data_with_time_reported_evt
<LI><a href="#[36d]">&gt;&gt;</a>&nbsp;&nbsp;&nbsp;tuya_ble_handle_device_info_update_evt
<LI><a href="#[39b]">&gt;&gt;</a>&nbsp;&nbsp;&nbsp;tuya_ble_uart_common_mcu_ota_data_from_ble_handler
<LI><a href="#[358]">&gt;&gt;</a>&nbsp;&nbsp;&nbsp;tuya_ble_gatt_send_data_enqueue
<LI><a href="#[357]">&gt;&gt;</a>&nbsp;&nbsp;&nbsp;tuya_ble_encryption
<LI><a href="#[35a]">&gt;&gt;</a>&nbsp;&nbsp;&nbsp;tuya_ble_decryption
<LI><a href="#[380]">&gt;&gt;</a>&nbsp;&nbsp;&nbsp;tuya_ble_evt_process
<LI><a href="#[359]">&gt;&gt;</a>&nbsp;&nbsp;&nbsp;tuya_ble_commonData_rx_proc
<LI><a href="#[355]">&gt;&gt;</a>&nbsp;&nbsp;&nbsp;tuya_ble_commData_send
<LI><a href="#[388]">&gt;&gt;</a>&nbsp;&nbsp;&nbsp;tuya_ble_handle_unix_time_char_ms_resp
<LI><a href="#[386]">&gt;&gt;</a>&nbsp;&nbsp;&nbsp;tuya_ble_handle_pair_req
<LI><a href="#[387]">&gt;&gt;</a>&nbsp;&nbsp;&nbsp;tuya_ble_handle_ota_req
<LI><a href="#[381]">&gt;&gt;</a>&nbsp;&nbsp;&nbsp;tuya_ble_handle_net_config_info_req
<LI><a href="#[383]">&gt;&gt;</a>&nbsp;&nbsp;&nbsp;tuya_ble_handle_dp_write_req
<LI><a href="#[384]">&gt;&gt;</a>&nbsp;&nbsp;&nbsp;tuya_ble_handle_dp_query_req
<LI><a href="#[385]">&gt;&gt;</a>&nbsp;&nbsp;&nbsp;tuya_ble_handle_dev_info_req
<LI><a href="#[1dd]">&gt;&gt;</a>&nbsp;&nbsp;&nbsp;ble_data_unpack
<LI><a href="#[3bf]">&gt;&gt;</a>&nbsp;&nbsp;&nbsp;tuya_ble_storage_load_settings
<LI><a href="#[390]">&gt;&gt;</a>&nbsp;&nbsp;&nbsp;tuya_ble_queue_get
<LI><a href="#[369]">&gt;&gt;</a>&nbsp;&nbsp;&nbsp;tuya_ble_enqueue
<LI><a href="#[366]">&gt;&gt;</a>&nbsp;&nbsp;&nbsp;tuya_ble_dequeue
<LI><a href="#[3b3]">&gt;&gt;</a>&nbsp;&nbsp;&nbsp;tuya_ble_sched_event_put
<LI><a href="#[1b9]">&gt;&gt;</a>&nbsp;&nbsp;&nbsp;appc_write_service_data_req
<LI><a href="#[14f]">&gt;&gt;</a>&nbsp;&nbsp;&nbsp;app_fff1_send_lvl
<LI><a href="#[1cc]">&gt;&gt;</a>&nbsp;&nbsp;&nbsp;appm_start_connencting
<LI><a href="#[295]">&gt;&gt;</a>&nbsp;&nbsp;&nbsp;suble_gap_init_bt_mac
<LI><a href="#[1d2]">&gt;&gt;</a>&nbsp;&nbsp;&nbsp;appm_update_adv_data
<LI><a href="#[149]">&gt;&gt;</a>&nbsp;&nbsp;&nbsp;appm_scan_adv_con_schedule
<LI><a href="#[2ae]">&gt;&gt;</a>&nbsp;&nbsp;&nbsp;mbedtls_md5_update_ret
<LI><a href="#[365]">&gt;&gt;</a>&nbsp;&nbsp;&nbsp;tuya_ble_key_generate
<LI><a href="#[33e]">&gt;&gt;</a>&nbsp;&nbsp;&nbsp;tuya_ble_Add_Pkcs
<LI><a href="#[2b4]">&gt;&gt;</a>&nbsp;&nbsp;&nbsp;nv_write
<LI><a href="#[2b0]">&gt;&gt;</a>&nbsp;&nbsp;&nbsp;nv_read
<LI><a href="#[22c]">&gt;&gt;</a>&nbsp;&nbsp;&nbsp;flash_write_data
<LI><a href="#[22a]">&gt;&gt;</a>&nbsp;&nbsp;&nbsp;flash_read_data
<LI><a href="#[1c3]">&gt;&gt;</a>&nbsp;&nbsp;&nbsp;appm_init
<LI><a href="#[1c9]">&gt;&gt;</a>&nbsp;&nbsp;&nbsp;appm_start_advertising
<LI><a href="#[1c2]">&gt;&gt;</a>&nbsp;&nbsp;&nbsp;appm_get_dev_name
<LI><a href="#[23c]">&gt;&gt;</a>&nbsp;&nbsp;&nbsp;sdp_extract_svc_info
<LI><a href="#[51]">&gt;&gt;</a>&nbsp;&nbsp;&nbsp;gattc_write_req_ind_handler
<LI><a href="#[219]">&gt;&gt;</a>&nbsp;&nbsp;&nbsp;fff0s_notify_fff1_lvl
<LI><a href="#[2c3]">&gt;&gt;</a>&nbsp;&nbsp;&nbsp;prf_gatt_write
<LI><a href="#[1b2]">&gt;&gt;</a>&nbsp;&nbsp;&nbsp;appc_create
<LI><a href="#[69]">&gt;&gt;</a>&nbsp;&nbsp;&nbsp;gapm_cmp_evt_handler
<LI><a href="#[6b]">&gt;&gt;</a>&nbsp;&nbsp;&nbsp;gapc_connection_req_ind_handler
</UL>

<P><STRONG><a name="[1a4]"></a>__aeabi_memcpy4</STRONG> (Thumb, 0 bytes, Stack size 0 bytes, stack_rom_symbol.txt(ABSOLUTE))
<BR><BR>[Called By]<UL><LI><a href="#[3a7]">&gt;&gt;</a>&nbsp;&nbsp;&nbsp;tuya_ble_master_data_passthrough_with_phone
<LI><a href="#[1a3]">&gt;&gt;</a>&nbsp;&nbsp;&nbsp;app_test_process
<LI><a href="#[344]">&gt;&gt;</a>&nbsp;&nbsp;&nbsp;tuya_ble_adv_change_with_connecting_request
<LI><a href="#[33f]">&gt;&gt;</a>&nbsp;&nbsp;&nbsp;tuya_ble_adv_change
<LI><a href="#[386]">&gt;&gt;</a>&nbsp;&nbsp;&nbsp;tuya_ble_handle_pair_req
<LI><a href="#[3bf]">&gt;&gt;</a>&nbsp;&nbsp;&nbsp;tuya_ble_storage_load_settings
<LI><a href="#[d]">&gt;&gt;</a>&nbsp;&nbsp;&nbsp;main
</UL>

<P><STRONG><a name="[20e]"></a>__aeabi_memset</STRONG> (Thumb, 0 bytes, Stack size 0 bytes, stack_rom_symbol.txt(ABSOLUTE))
<BR><BR>[Called By]<UL><LI><a href="#[141]">&gt;&gt;</a>&nbsp;&nbsp;&nbsp;elog_output
<LI><a href="#[217]">&gt;&gt;</a>&nbsp;&nbsp;&nbsp;lock_hard_uart_simulate
</UL>

<P><STRONG><a name="[161]"></a>memcmp</STRONG> (Thumb, 0 bytes, Stack size 0 bytes, stack_rom_symbol.txt(ABSOLUTE))
<BR><BR>[Called By]<UL><LI><a href="#[26b]">&gt;&gt;</a>&nbsp;&nbsp;&nbsp;lock_hard_load_by_temp_password
<LI><a href="#[26a]">&gt;&gt;</a>&nbsp;&nbsp;&nbsp;lock_hard_load_by_password
<LI><a href="#[1a7]">&gt;&gt;</a>&nbsp;&nbsp;&nbsp;app_test_query_info_handler
<LI><a href="#[162]">&gt;&gt;</a>&nbsp;&nbsp;&nbsp;app_ota_file_offset_handler
<LI><a href="#[15f]">&gt;&gt;</a>&nbsp;&nbsp;&nbsp;app_ota_file_info_handler
<LI><a href="#[3b7]">&gt;&gt;</a>&nbsp;&nbsp;&nbsp;tuya_ble_storage_init
<LI><a href="#[32b]">&gt;&gt;</a>&nbsp;&nbsp;&nbsp;tuya_ble_master_scan_finish_handler
<LI><a href="#[3a1]">&gt;&gt;</a>&nbsp;&nbsp;&nbsp;tuya_ble_key_generate
<LI><a href="#[48]">&gt;&gt;</a>&nbsp;&nbsp;&nbsp;suble_master_evt_handler
<LI><a href="#[386]">&gt;&gt;</a>&nbsp;&nbsp;&nbsp;tuya_ble_handle_pair_req
<LI><a href="#[295]">&gt;&gt;</a>&nbsp;&nbsp;&nbsp;suble_gap_init_bt_mac
<LI><a href="#[365]">&gt;&gt;</a>&nbsp;&nbsp;&nbsp;tuya_ble_key_generate
<LI><a href="#[23c]">&gt;&gt;</a>&nbsp;&nbsp;&nbsp;sdp_extract_svc_info
<LI><a href="#[2c2]">&gt;&gt;</a>&nbsp;&nbsp;&nbsp;prf_env_get_from_uuid
</UL>

<P><STRONG><a name="[2b7]"></a>__ARM_common_disable_fiq</STRONG> (ARM, 0 bytes, Stack size 0 bytes, stack_rom_symbol.txt(ABSOLUTE))
<BR><BR>[Called By]<UL><LI><a href="#[214]">&gt;&gt;</a>&nbsp;&nbsp;&nbsp;suble_enter_critical (via BLX)
<LI><a href="#[35]">&gt;&gt;</a>&nbsp;&nbsp;&nbsp;platform_reset (via BLX)
<LI><a href="#[2f]">&gt;&gt;</a>&nbsp;&nbsp;&nbsp;rwip_reset (via BLX)
<LI><a href="#[30]">&gt;&gt;</a>&nbsp;&nbsp;&nbsp;rwip_prevent_sleep_set (via BLX)
<LI><a href="#[31]">&gt;&gt;</a>&nbsp;&nbsp;&nbsp;rwip_prevent_sleep_clear (via BLX)
<LI><a href="#[29c]">&gt;&gt;</a>&nbsp;&nbsp;&nbsp;rw_app_enter (via BLX)
<LI><a href="#[2e7]">&gt;&gt;</a>&nbsp;&nbsp;&nbsp;rwble_reset (via BLX)
</UL>

<P><STRONG><a name="[2b8]"></a>__ARM_common_disable_irq</STRONG> (ARM, 0 bytes, Stack size 0 bytes, stack_rom_symbol.txt(ABSOLUTE))
<BR><BR>[Called By]<UL><LI><a href="#[214]">&gt;&gt;</a>&nbsp;&nbsp;&nbsp;suble_enter_critical (via BLX)
<LI><a href="#[35]">&gt;&gt;</a>&nbsp;&nbsp;&nbsp;platform_reset (via BLX)
<LI><a href="#[2f]">&gt;&gt;</a>&nbsp;&nbsp;&nbsp;rwip_reset (via BLX)
<LI><a href="#[30]">&gt;&gt;</a>&nbsp;&nbsp;&nbsp;rwip_prevent_sleep_set (via BLX)
<LI><a href="#[31]">&gt;&gt;</a>&nbsp;&nbsp;&nbsp;rwip_prevent_sleep_clear (via BLX)
<LI><a href="#[29c]">&gt;&gt;</a>&nbsp;&nbsp;&nbsp;rw_app_enter (via BLX)
<LI><a href="#[2e7]">&gt;&gt;</a>&nbsp;&nbsp;&nbsp;rwble_reset (via BLX)
</UL>

<P><STRONG><a name="[299]"></a>__ARM_common_enable_fiq</STRONG> (ARM, 0 bytes, Stack size 0 bytes, stack_rom_symbol.txt(ABSOLUTE))
<BR><BR>[Called By]<UL><LI><a href="#[215]">&gt;&gt;</a>&nbsp;&nbsp;&nbsp;suble_exit_critical (via BLX)
<LI><a href="#[2f]">&gt;&gt;</a>&nbsp;&nbsp;&nbsp;rwip_reset (via BLX)
<LI><a href="#[30]">&gt;&gt;</a>&nbsp;&nbsp;&nbsp;rwip_prevent_sleep_set (via BLX)
<LI><a href="#[31]">&gt;&gt;</a>&nbsp;&nbsp;&nbsp;rwip_prevent_sleep_clear (via BLX)
<LI><a href="#[29c]">&gt;&gt;</a>&nbsp;&nbsp;&nbsp;rw_app_enter (via BLX)
<LI><a href="#[d]">&gt;&gt;</a>&nbsp;&nbsp;&nbsp;main (via BLX)
<LI><a href="#[2e7]">&gt;&gt;</a>&nbsp;&nbsp;&nbsp;rwble_reset (via BLX)
</UL>

<P><STRONG><a name="[29a]"></a>__ARM_common_enable_irq</STRONG> (ARM, 0 bytes, Stack size 0 bytes, stack_rom_symbol.txt(ABSOLUTE))
<BR><BR>[Called By]<UL><LI><a href="#[215]">&gt;&gt;</a>&nbsp;&nbsp;&nbsp;suble_exit_critical (via BLX)
<LI><a href="#[2f]">&gt;&gt;</a>&nbsp;&nbsp;&nbsp;rwip_reset (via BLX)
<LI><a href="#[30]">&gt;&gt;</a>&nbsp;&nbsp;&nbsp;rwip_prevent_sleep_set (via BLX)
<LI><a href="#[31]">&gt;&gt;</a>&nbsp;&nbsp;&nbsp;rwip_prevent_sleep_clear (via BLX)
<LI><a href="#[29c]">&gt;&gt;</a>&nbsp;&nbsp;&nbsp;rw_app_enter (via BLX)
<LI><a href="#[d]">&gt;&gt;</a>&nbsp;&nbsp;&nbsp;main (via BLX)
<LI><a href="#[2e7]">&gt;&gt;</a>&nbsp;&nbsp;&nbsp;rwble_reset (via BLX)
</UL>

<P><STRONG><a name="[166]"></a>__ARM_common_switch8</STRONG> (ARM, 0 bytes, Stack size 0 bytes, stack_rom_symbol.txt(ABSOLUTE))
<BR><BR>[Called By]<UL><LI><a href="#[24b]">&gt;&gt;</a>&nbsp;&nbsp;&nbsp;lock_dp_parser_handler (via BLX)
<LI><a href="#[24e]">&gt;&gt;</a>&nbsp;&nbsp;&nbsp;open_meth_modify_handler (via BLX)
<LI><a href="#[24d]">&gt;&gt;</a>&nbsp;&nbsp;&nbsp;open_meth_delete_handler (via BLX)
<LI><a href="#[217]">&gt;&gt;</a>&nbsp;&nbsp;&nbsp;lock_hard_uart_simulate (via BLX)
<LI><a href="#[44]">&gt;&gt;</a>&nbsp;&nbsp;&nbsp;tuya_ble_sdk_callback (via BLX)
<LI><a href="#[43]">&gt;&gt;</a>&nbsp;&nbsp;&nbsp;tuya_ble_app_data_process (via BLX)
<LI><a href="#[1a3]">&gt;&gt;</a>&nbsp;&nbsp;&nbsp;app_test_process (via BLX)
<LI><a href="#[164]">&gt;&gt;</a>&nbsp;&nbsp;&nbsp;app_ota_handler (via BLX)
<LI><a href="#[354]">&gt;&gt;</a>&nbsp;&nbsp;&nbsp;tuya_ble_inter_event_response (via BLX)
<LI><a href="#[3c0]">&gt;&gt;</a>&nbsp;&nbsp;&nbsp;tuya_ble_uart_common_mcu_ota_data_from_uart_handler (via BLX)
<LI><a href="#[370]">&gt;&gt;</a>&nbsp;&nbsp;&nbsp;tuya_ble_handle_ota_response_evt (via BLX)
<LI><a href="#[39b]">&gt;&gt;</a>&nbsp;&nbsp;&nbsp;tuya_ble_uart_common_mcu_ota_data_from_ble_handler (via BLX)
<LI><a href="#[380]">&gt;&gt;</a>&nbsp;&nbsp;&nbsp;tuya_ble_evt_process (via BLX)
<LI><a href="#[387]">&gt;&gt;</a>&nbsp;&nbsp;&nbsp;tuya_ble_handle_ota_req (via BLX)
<LI><a href="#[36c]">&gt;&gt;</a>&nbsp;&nbsp;&nbsp;tuya_ble_event_process (via BLX)
<LI><a href="#[149]">&gt;&gt;</a>&nbsp;&nbsp;&nbsp;appm_scan_adv_con_schedule (via BLX)
<LI><a href="#[33a]">&gt;&gt;</a>&nbsp;&nbsp;&nbsp;suble_util_str_hexchar2int (via BLX)
<LI><a href="#[40]">&gt;&gt;</a>&nbsp;&nbsp;&nbsp;master_bonding_slave_handler (via BLX)
<LI><a href="#[332]">&gt;&gt;</a>&nbsp;&nbsp;&nbsp;suble_timer_handler (via BLX)
<LI><a href="#[99]">&gt;&gt;</a>&nbsp;&nbsp;&nbsp;gapc_cmp_evt_handler (via BLX)
</UL>

<P><STRONG><a name="[a1]"></a>sys_Reset</STRONG> (ARM, 0 bytes, Stack size unknown bytes, boot_handlers.o(SYS_BOOT))
<BR><BR>[Calls]<UL><LI><a href="#[a2]">&gt;&gt;</a>&nbsp;&nbsp;&nbsp;__main
</UL>

<P><STRONG><a name="[a3]"></a>__user_initial_stackheap</STRONG> (ARM, 0 bytes, Stack size unknown bytes, boot_handlers.o(SYS_BOOT))
<BR><BR>[Called By]<UL><LI><a href="#[d3]">&gt;&gt;</a>&nbsp;&nbsp;&nbsp;__user_setup_stackheap
</UL>

<P><STRONG><a name="[a4]"></a>SYSirq_FIQ_Handler</STRONG> (ARM, 16 bytes, Stack size 24 bytes, intc.o(sys_fiq_entry))
<BR><BR>[Stack]<UL><LI>Max Depth = 80<LI>Call Chain = SYSirq_FIQ_Handler &rArr; FIQ_Exception &rArr; rwble_isr &rArr; rwip_wakeup_end &rArr; rwip_prevent_sleep_clear
</UL>
<BR>[Calls]<UL><LI><a href="#[a5]">&gt;&gt;</a>&nbsp;&nbsp;&nbsp;FIQ_Exception (via BLX)
</UL>
<BR>[Called By]<UL><LI><a href="#[c]">&gt;&gt;</a>&nbsp;&nbsp;&nbsp;FIQ_Handler
</UL>

<P><STRONG><a name="[a6]"></a>SYSirq_IRQ_Handler</STRONG> (ARM, 16 bytes, Stack size 24 bytes, intc.o(sys_irq_entry))
<BR><BR>[Stack]<UL><LI>Max Depth = 72<LI>Call Chain = SYSirq_IRQ_Handler &rArr; IRQ_Exception &rArr; uart_isr
</UL>
<BR>[Calls]<UL><LI><a href="#[a7]">&gt;&gt;</a>&nbsp;&nbsp;&nbsp;IRQ_Exception (via BLX)
</UL>
<BR>[Called By]<UL><LI><a href="#[b]">&gt;&gt;</a>&nbsp;&nbsp;&nbsp;IRQ_Handler
</UL>

<P><STRONG><a name="[a2]"></a>__main</STRONG> (ARM, 8 bytes, Stack size 0 bytes, __main.o(!!!main))
<BR><BR>[Calls]<UL><LI><a href="#[a9]">&gt;&gt;</a>&nbsp;&nbsp;&nbsp;__rt_entry
<LI><a href="#[a8]">&gt;&gt;</a>&nbsp;&nbsp;&nbsp;__scatterload
</UL>
<BR>[Called By]<UL><LI><a href="#[a1]">&gt;&gt;</a>&nbsp;&nbsp;&nbsp;sys_Reset
</UL>

<P><STRONG><a name="[a8]"></a>__scatterload</STRONG> (ARM, 0 bytes, Stack size unknown bytes, __scatter.o(!!!scatter))
<BR><BR>[Called By]<UL><LI><a href="#[a2]">&gt;&gt;</a>&nbsp;&nbsp;&nbsp;__main
</UL>

<P><STRONG><a name="[aa]"></a>__scatterload_rt2</STRONG> (ARM, 52 bytes, Stack size unknown bytes, __scatter.o(!!!scatter), UNUSED)
<BR><BR>[Calls]<UL><LI><a href="#[a9]">&gt;&gt;</a>&nbsp;&nbsp;&nbsp;__rt_entry
</UL>

<P><STRONG><a name="[3e0]"></a>__scatterload_null</STRONG> (ARM, 0 bytes, Stack size unknown bytes, __scatter.o(!!!scatter), UNUSED)

<P><STRONG><a name="[3e1]"></a>__decompress</STRONG> (ARM, 92 bytes, Stack size unknown bytes, __dczerorl2.o(!!dczerorl2), UNUSED)

<P><STRONG><a name="[3e2]"></a>__decompress1</STRONG> (ARM, 0 bytes, Stack size unknown bytes, __dczerorl2.o(!!dczerorl2), UNUSED)

<P><STRONG><a name="[3e3]"></a>__scatterload_zeroinit</STRONG> (ARM, 44 bytes, Stack size unknown bytes, __scatter_zi.o(!!handler_zi), UNUSED)

<P><STRONG><a name="[ab]"></a>_printf_n</STRONG> (ARM, 0 bytes, Stack size unknown bytes, _printf_n.o(.ARM.Collect$$_printf_percent$$00000001))
<BR><BR>[Calls]<UL><LI><a href="#[ac]">&gt;&gt;</a>&nbsp;&nbsp;&nbsp;_printf_charcount (via Veneer)
</UL>

<P><STRONG><a name="[ed]"></a>_printf_percent</STRONG> (ARM, 0 bytes, Stack size unknown bytes, _printf_percent.o(.ARM.Collect$$_printf_percent$$00000000))
<BR><BR>[Called By]<UL><LI><a href="#[eb]">&gt;&gt;</a>&nbsp;&nbsp;&nbsp;__printf (via BLX)
</UL>

<P><STRONG><a name="[ad]"></a>_printf_p</STRONG> (ARM, 0 bytes, Stack size unknown bytes, _printf_p.o(.ARM.Collect$$_printf_percent$$00000002))
<BR><BR>[Stack]<UL><LI>Max Depth = 88 + Unknown Stack Size
<LI>Call Chain = _printf_p &rArr; _printf_hex_ptr &rArr; _printf_longlong_hex &rArr; _printf_int_common &rArr; _printf_post_padding
</UL>
<BR>[Calls]<UL><LI><a href="#[ae]">&gt;&gt;</a>&nbsp;&nbsp;&nbsp;_printf_hex_ptr (via Veneer)
</UL>

<P><STRONG><a name="[af]"></a>_printf_f</STRONG> (ARM, 0 bytes, Stack size unknown bytes, _printf_f.o(.ARM.Collect$$_printf_percent$$00000003))
<BR><BR>[Stack]<UL><LI>Max Depth = 316 + Unknown Stack Size
<LI>Call Chain = _printf_f &rArr; _printf_fp_dec &rArr; _printf_fp_dec_real &rArr; _fp_digits &rArr; _btod_etento &rArr; _btod_emul &rArr; _e2e
</UL>
<BR>[Calls]<UL><LI><a href="#[b0]">&gt;&gt;</a>&nbsp;&nbsp;&nbsp;_printf_fp_dec
</UL>

<P><STRONG><a name="[b1]"></a>_printf_e</STRONG> (ARM, 0 bytes, Stack size unknown bytes, _printf_e.o(.ARM.Collect$$_printf_percent$$00000004))
<BR><BR>[Stack]<UL><LI>Max Depth = 316 + Unknown Stack Size
<LI>Call Chain = _printf_e &rArr; _printf_fp_dec &rArr; _printf_fp_dec_real &rArr; _fp_digits &rArr; _btod_etento &rArr; _btod_emul &rArr; _e2e
</UL>
<BR>[Calls]<UL><LI><a href="#[b0]">&gt;&gt;</a>&nbsp;&nbsp;&nbsp;_printf_fp_dec
</UL>

<P><STRONG><a name="[b2]"></a>_printf_g</STRONG> (ARM, 0 bytes, Stack size unknown bytes, _printf_g.o(.ARM.Collect$$_printf_percent$$00000005))
<BR><BR>[Stack]<UL><LI>Max Depth = 316 + Unknown Stack Size
<LI>Call Chain = _printf_g &rArr; _printf_fp_dec &rArr; _printf_fp_dec_real &rArr; _fp_digits &rArr; _btod_etento &rArr; _btod_emul &rArr; _e2e
</UL>
<BR>[Calls]<UL><LI><a href="#[b0]">&gt;&gt;</a>&nbsp;&nbsp;&nbsp;_printf_fp_dec
</UL>

<P><STRONG><a name="[b3]"></a>_printf_a</STRONG> (ARM, 0 bytes, Stack size unknown bytes, _printf_a.o(.ARM.Collect$$_printf_percent$$00000006))
<BR><BR>[Stack]<UL><LI>Max Depth = 112 + Unknown Stack Size
<LI>Call Chain = _printf_a &rArr; _printf_fp_hex &rArr; _printf_fp_hex_real &rArr; _printf_fp_infnan &rArr; _printf_post_padding
</UL>
<BR>[Calls]<UL><LI><a href="#[b4]">&gt;&gt;</a>&nbsp;&nbsp;&nbsp;_printf_fp_hex
</UL>

<P><STRONG><a name="[3e4]"></a>_printf_ll</STRONG> (ARM, 0 bytes, Stack size unknown bytes, _printf_ll.o(.ARM.Collect$$_printf_percent$$00000007))

<P><STRONG><a name="[b5]"></a>_printf_i</STRONG> (ARM, 0 bytes, Stack size unknown bytes, _printf_i.o(.ARM.Collect$$_printf_percent$$00000008))
<BR><BR>[Stack]<UL><LI>Max Depth = 88 + Unknown Stack Size
<LI>Call Chain = _printf_i &rArr; _printf_int_dec &rArr; _printf_int_common &rArr; _printf_post_padding
</UL>
<BR>[Calls]<UL><LI><a href="#[b6]">&gt;&gt;</a>&nbsp;&nbsp;&nbsp;_printf_int_dec (via Veneer)
</UL>

<P><STRONG><a name="[b7]"></a>_printf_d</STRONG> (ARM, 0 bytes, Stack size unknown bytes, _printf_d.o(.ARM.Collect$$_printf_percent$$00000009))
<BR><BR>[Stack]<UL><LI>Max Depth = 88 + Unknown Stack Size
<LI>Call Chain = _printf_d &rArr; _printf_int_dec &rArr; _printf_int_common &rArr; _printf_post_padding
</UL>
<BR>[Calls]<UL><LI><a href="#[b6]">&gt;&gt;</a>&nbsp;&nbsp;&nbsp;_printf_int_dec (via Veneer)
</UL>

<P><STRONG><a name="[b8]"></a>_printf_u</STRONG> (ARM, 0 bytes, Stack size unknown bytes, _printf_u.o(.ARM.Collect$$_printf_percent$$0000000A))
<BR><BR>[Stack]<UL><LI>Max Depth = 88 + Unknown Stack Size
<LI>Call Chain = _printf_u &rArr; _printf_int_dec &rArr; _printf_int_common &rArr; _printf_post_padding
</UL>
<BR>[Calls]<UL><LI><a href="#[b6]">&gt;&gt;</a>&nbsp;&nbsp;&nbsp;_printf_int_dec (via Veneer)
</UL>

<P><STRONG><a name="[b9]"></a>_printf_o</STRONG> (ARM, 0 bytes, Stack size unknown bytes, _printf_o.o(.ARM.Collect$$_printf_percent$$0000000B))
<BR><BR>[Stack]<UL><LI>Max Depth = 80 + Unknown Stack Size
<LI>Call Chain = _printf_o &rArr; _printf_int_oct &rArr; _printf_longlong_oct &rArr; _printf_int_common &rArr; _printf_post_padding
</UL>
<BR>[Calls]<UL><LI><a href="#[ba]">&gt;&gt;</a>&nbsp;&nbsp;&nbsp;_printf_int_oct (via Veneer)
</UL>

<P><STRONG><a name="[bb]"></a>_printf_x</STRONG> (ARM, 0 bytes, Stack size unknown bytes, _printf_x.o(.ARM.Collect$$_printf_percent$$0000000C))
<BR><BR>[Stack]<UL><LI>Max Depth = 96 + Unknown Stack Size
<LI>Call Chain = _printf_x &rArr; _printf_int_hex &rArr; _printf_longlong_hex &rArr; _printf_int_common &rArr; _printf_post_padding
</UL>
<BR>[Calls]<UL><LI><a href="#[bc]">&gt;&gt;</a>&nbsp;&nbsp;&nbsp;_printf_int_hex (via Veneer)
</UL>

<P><STRONG><a name="[bd]"></a>_printf_lli</STRONG> (ARM, 0 bytes, Stack size unknown bytes, _printf_lli.o(.ARM.Collect$$_printf_percent$$0000000D))
<BR><BR>[Stack]<UL><LI>Max Depth = 88 + Unknown Stack Size
<LI>Call Chain = _printf_lli &rArr; _printf_longlong_dec &rArr; _printf_int_common &rArr; _printf_post_padding
</UL>
<BR>[Calls]<UL><LI><a href="#[be]">&gt;&gt;</a>&nbsp;&nbsp;&nbsp;_printf_longlong_dec (via Veneer)
</UL>

<P><STRONG><a name="[bf]"></a>_printf_lld</STRONG> (ARM, 0 bytes, Stack size unknown bytes, _printf_lld.o(.ARM.Collect$$_printf_percent$$0000000E))
<BR><BR>[Stack]<UL><LI>Max Depth = 88 + Unknown Stack Size
<LI>Call Chain = _printf_lld &rArr; _printf_longlong_dec &rArr; _printf_int_common &rArr; _printf_post_padding
</UL>
<BR>[Calls]<UL><LI><a href="#[be]">&gt;&gt;</a>&nbsp;&nbsp;&nbsp;_printf_longlong_dec (via Veneer)
</UL>

<P><STRONG><a name="[c0]"></a>_printf_llu</STRONG> (ARM, 0 bytes, Stack size unknown bytes, _printf_llu.o(.ARM.Collect$$_printf_percent$$0000000F))
<BR><BR>[Stack]<UL><LI>Max Depth = 88 + Unknown Stack Size
<LI>Call Chain = _printf_llu &rArr; _printf_longlong_dec &rArr; _printf_int_common &rArr; _printf_post_padding
</UL>
<BR>[Calls]<UL><LI><a href="#[be]">&gt;&gt;</a>&nbsp;&nbsp;&nbsp;_printf_longlong_dec (via Veneer)
</UL>

<P><STRONG><a name="[c1]"></a>_printf_llo</STRONG> (ARM, 0 bytes, Stack size unknown bytes, _printf_llo.o(.ARM.Collect$$_printf_percent$$00000010))
<BR><BR>[Stack]<UL><LI>Max Depth = 72 + Unknown Stack Size
<LI>Call Chain = _printf_llo &rArr; _printf_ll_oct &rArr; _printf_longlong_oct &rArr; _printf_int_common &rArr; _printf_post_padding
</UL>
<BR>[Calls]<UL><LI><a href="#[c2]">&gt;&gt;</a>&nbsp;&nbsp;&nbsp;_printf_ll_oct (via Veneer)
</UL>

<P><STRONG><a name="[c3]"></a>_printf_llx</STRONG> (ARM, 0 bytes, Stack size unknown bytes, _printf_llx.o(.ARM.Collect$$_printf_percent$$00000011))
<BR><BR>[Stack]<UL><LI>Max Depth = 80 + Unknown Stack Size
<LI>Call Chain = _printf_llx &rArr; _printf_ll_hex &rArr; _printf_longlong_hex &rArr; _printf_int_common &rArr; _printf_post_padding
</UL>
<BR>[Calls]<UL><LI><a href="#[c4]">&gt;&gt;</a>&nbsp;&nbsp;&nbsp;_printf_ll_hex (via Veneer)
</UL>

<P><STRONG><a name="[3e5]"></a>_printf_l</STRONG> (ARM, 0 bytes, Stack size unknown bytes, _printf_l.o(.ARM.Collect$$_printf_percent$$00000012))

<P><STRONG><a name="[c5]"></a>_printf_c</STRONG> (ARM, 0 bytes, Stack size unknown bytes, _printf_c.o(.ARM.Collect$$_printf_percent$$00000013))
<BR><BR>[Stack]<UL><LI>Max Depth = 40 + Unknown Stack Size
<LI>Call Chain = _printf_c &rArr; _printf_char &rArr; _printf_cs_common &rArr; _printf_str &rArr; _printf_post_padding
</UL>
<BR>[Calls]<UL><LI><a href="#[c6]">&gt;&gt;</a>&nbsp;&nbsp;&nbsp;_printf_char (via Veneer)
</UL>

<P><STRONG><a name="[c7]"></a>_printf_s</STRONG> (ARM, 0 bytes, Stack size unknown bytes, _printf_s.o(.ARM.Collect$$_printf_percent$$00000014))
<BR><BR>[Stack]<UL><LI>Max Depth = 40 + Unknown Stack Size
<LI>Call Chain = _printf_s &rArr; _printf_string &rArr; _printf_cs_common &rArr; _printf_str &rArr; _printf_post_padding
</UL>
<BR>[Calls]<UL><LI><a href="#[c8]">&gt;&gt;</a>&nbsp;&nbsp;&nbsp;_printf_string (via Veneer)
</UL>

<P><STRONG><a name="[c9]"></a>_printf_lc</STRONG> (ARM, 0 bytes, Stack size unknown bytes, _printf_lc.o(.ARM.Collect$$_printf_percent$$00000015))
<BR><BR>[Stack]<UL><LI>Max Depth = 88 + Unknown Stack Size
<LI>Call Chain = _printf_lc &rArr; _printf_wchar &rArr; _printf_lcs_common &rArr; _printf_wctomb &rArr; _wcrtomb &rArr; __rt_ctype_table
</UL>
<BR>[Calls]<UL><LI><a href="#[ca]">&gt;&gt;</a>&nbsp;&nbsp;&nbsp;_printf_wchar (via Veneer)
</UL>

<P><STRONG><a name="[cb]"></a>_printf_ls</STRONG> (ARM, 0 bytes, Stack size unknown bytes, _printf_ls.o(.ARM.Collect$$_printf_percent$$00000016))
<BR><BR>[Stack]<UL><LI>Max Depth = 88 + Unknown Stack Size
<LI>Call Chain = _printf_ls &rArr; _printf_wstring &rArr; _printf_lcs_common &rArr; _printf_wctomb &rArr; _wcrtomb &rArr; __rt_ctype_table
</UL>
<BR>[Calls]<UL><LI><a href="#[cc]">&gt;&gt;</a>&nbsp;&nbsp;&nbsp;_printf_wstring (via Veneer)
</UL>

<P><STRONG><a name="[3e6]"></a>_printf_percent_end</STRONG> (ARM, 0 bytes, Stack size unknown bytes, _printf_percent_end.o(.ARM.Collect$$_printf_percent$$00000017))

<P><STRONG><a name="[d5]"></a>__rt_lib_init</STRONG> (Thumb, 0 bytes, Stack size unknown bytes, libinit.o(.ARM.Collect$$libinit$$00000000))
<BR><BR>[Called By]<UL><LI><a href="#[d4]">&gt;&gt;</a>&nbsp;&nbsp;&nbsp;__rt_entry_li (via BLX)
</UL>

<P><STRONG><a name="[3e7]"></a>__rt_lib_init_fp_1</STRONG> (Thumb, 0 bytes, Stack size unknown bytes, libinit2.o(.ARM.Collect$$libinit$$00000002))

<P><STRONG><a name="[3e8]"></a>__rt_lib_init_heap_1</STRONG> (Thumb, 0 bytes, Stack size unknown bytes, libinit2.o(.ARM.Collect$$libinit$$0000000A))

<P><STRONG><a name="[cd]"></a>__rt_lib_init_lc_common</STRONG> (Thumb, 0 bytes, Stack size unknown bytes, libinit2.o(.ARM.Collect$$libinit$$0000000F))
<BR><BR>[Calls]<UL><LI><a href="#[ce]">&gt;&gt;</a>&nbsp;&nbsp;&nbsp;__rt_locale (via BLX)
</UL>

<P><STRONG><a name="[3e9]"></a>__rt_lib_init_preinit_1</STRONG> (Thumb, 0 bytes, Stack size unknown bytes, libinit2.o(.ARM.Collect$$libinit$$00000004))

<P><STRONG><a name="[3ea]"></a>__rt_lib_init_rand_1</STRONG> (Thumb, 0 bytes, Stack size unknown bytes, libinit2.o(.ARM.Collect$$libinit$$0000000E))

<P><STRONG><a name="[3eb]"></a>__rt_lib_init_user_alloc_1</STRONG> (Thumb, 0 bytes, Stack size unknown bytes, libinit2.o(.ARM.Collect$$libinit$$0000000C))

<P><STRONG><a name="[3ec]"></a>__rt_lib_init_lc_collate_1</STRONG> (Thumb, 0 bytes, Stack size unknown bytes, libinit2.o(.ARM.Collect$$libinit$$00000011))

<P><STRONG><a name="[cf]"></a>__rt_lib_init_lc_ctype_2</STRONG> (Thumb, 0 bytes, Stack size unknown bytes, libinit2.o(.ARM.Collect$$libinit$$00000012))
<BR><BR>[Stack]<UL><LI>Max Depth = 12 + Unknown Stack Size
<LI>Call Chain = __rt_lib_init_lc_ctype_2 &rArr; _get_lc_ctype &rArr; strcmp
</UL>
<BR>[Calls]<UL><LI><a href="#[11]">&gt;&gt;</a>&nbsp;&nbsp;&nbsp;_get_lc_ctype (via BLX)
</UL>

<P><STRONG><a name="[3ed]"></a>__rt_lib_init_lc_ctype_1</STRONG> (Thumb, 0 bytes, Stack size unknown bytes, libinit2.o(.ARM.Collect$$libinit$$00000013))

<P><STRONG><a name="[3ee]"></a>__rt_lib_init_lc_monetary_1</STRONG> (Thumb, 0 bytes, Stack size unknown bytes, libinit2.o(.ARM.Collect$$libinit$$00000015))

<P><STRONG><a name="[d0]"></a>__rt_lib_init_lc_numeric_2</STRONG> (Thumb, 0 bytes, Stack size unknown bytes, libinit2.o(.ARM.Collect$$libinit$$00000016))
<BR><BR>[Stack]<UL><LI>Max Depth = 12 + Unknown Stack Size
<LI>Call Chain = __rt_lib_init_lc_numeric_2 &rArr; _get_lc_numeric &rArr; strcmp
</UL>
<BR>[Calls]<UL><LI><a href="#[d1]">&gt;&gt;</a>&nbsp;&nbsp;&nbsp;_get_lc_numeric (via BLX)
</UL>

<P><STRONG><a name="[3ef]"></a>__rt_lib_init_alloca_1</STRONG> (Thumb, 0 bytes, Stack size unknown bytes, libinit2.o(.ARM.Collect$$libinit$$0000002E))

<P><STRONG><a name="[3f0]"></a>__rt_lib_init_argv_1</STRONG> (Thumb, 0 bytes, Stack size unknown bytes, libinit2.o(.ARM.Collect$$libinit$$0000002C))

<P><STRONG><a name="[3f1]"></a>__rt_lib_init_atexit_1</STRONG> (Thumb, 0 bytes, Stack size unknown bytes, libinit2.o(.ARM.Collect$$libinit$$0000001B))

<P><STRONG><a name="[3f2]"></a>__rt_lib_init_clock_1</STRONG> (Thumb, 0 bytes, Stack size unknown bytes, libinit2.o(.ARM.Collect$$libinit$$00000021))

<P><STRONG><a name="[3f3]"></a>__rt_lib_init_cpp_1</STRONG> (Thumb, 0 bytes, Stack size unknown bytes, libinit2.o(.ARM.Collect$$libinit$$00000032))

<P><STRONG><a name="[3f4]"></a>__rt_lib_init_exceptions_1</STRONG> (Thumb, 0 bytes, Stack size unknown bytes, libinit2.o(.ARM.Collect$$libinit$$00000030))

<P><STRONG><a name="[3f5]"></a>__rt_lib_init_fp_trap_1</STRONG> (Thumb, 0 bytes, Stack size unknown bytes, libinit2.o(.ARM.Collect$$libinit$$0000001F))

<P><STRONG><a name="[3f6]"></a>__rt_lib_init_getenv_1</STRONG> (Thumb, 0 bytes, Stack size unknown bytes, libinit2.o(.ARM.Collect$$libinit$$00000023))

<P><STRONG><a name="[3f7]"></a>__rt_lib_init_lc_numeric_1</STRONG> (Thumb, 0 bytes, Stack size unknown bytes, libinit2.o(.ARM.Collect$$libinit$$00000017))

<P><STRONG><a name="[3f8]"></a>__rt_lib_init_lc_time_1</STRONG> (Thumb, 0 bytes, Stack size unknown bytes, libinit2.o(.ARM.Collect$$libinit$$00000019))

<P><STRONG><a name="[3f9]"></a>__rt_lib_init_return</STRONG> (Thumb, 0 bytes, Stack size unknown bytes, libinit2.o(.ARM.Collect$$libinit$$00000033))

<P><STRONG><a name="[3fa]"></a>__rt_lib_init_signal_1</STRONG> (Thumb, 0 bytes, Stack size unknown bytes, libinit2.o(.ARM.Collect$$libinit$$0000001D))

<P><STRONG><a name="[3fb]"></a>__rt_lib_init_stdio_1</STRONG> (Thumb, 0 bytes, Stack size unknown bytes, libinit2.o(.ARM.Collect$$libinit$$00000025))

<P><STRONG><a name="[d9]"></a>__rt_lib_shutdown</STRONG> (Thumb, 0 bytes, Stack size unknown bytes, libshutdown.o(.ARM.Collect$$libshutdown$$00000000))
<BR><BR>[Called By]<UL><LI><a href="#[d8]">&gt;&gt;</a>&nbsp;&nbsp;&nbsp;__rt_exit_ls (via BLX)
</UL>

<P><STRONG><a name="[3fc]"></a>__rt_lib_shutdown_cpp_1</STRONG> (Thumb, 0 bytes, Stack size unknown bytes, libshutdown2.o(.ARM.Collect$$libshutdown$$00000002))

<P><STRONG><a name="[3fd]"></a>__rt_lib_shutdown_fp_trap_1</STRONG> (Thumb, 0 bytes, Stack size unknown bytes, libshutdown2.o(.ARM.Collect$$libshutdown$$00000007))

<P><STRONG><a name="[3fe]"></a>__rt_lib_shutdown_heap_1</STRONG> (Thumb, 0 bytes, Stack size unknown bytes, libshutdown2.o(.ARM.Collect$$libshutdown$$0000000F))

<P><STRONG><a name="[3ff]"></a>__rt_lib_shutdown_return</STRONG> (Thumb, 0 bytes, Stack size unknown bytes, libshutdown2.o(.ARM.Collect$$libshutdown$$00000010))

<P><STRONG><a name="[400]"></a>__rt_lib_shutdown_signal_1</STRONG> (Thumb, 0 bytes, Stack size unknown bytes, libshutdown2.o(.ARM.Collect$$libshutdown$$0000000A))

<P><STRONG><a name="[401]"></a>__rt_lib_shutdown_stdio_1</STRONG> (Thumb, 0 bytes, Stack size unknown bytes, libshutdown2.o(.ARM.Collect$$libshutdown$$00000004))

<P><STRONG><a name="[402]"></a>__rt_lib_shutdown_user_alloc_1</STRONG> (Thumb, 0 bytes, Stack size unknown bytes, libshutdown2.o(.ARM.Collect$$libshutdown$$0000000C))

<P><STRONG><a name="[a9]"></a>__rt_entry</STRONG> (ARM, 0 bytes, Stack size unknown bytes, __rtentry.o(.ARM.Collect$$rtentry$$00000000))
<BR><BR>[Called By]<UL><LI><a href="#[a2]">&gt;&gt;</a>&nbsp;&nbsp;&nbsp;__main
<LI><a href="#[aa]">&gt;&gt;</a>&nbsp;&nbsp;&nbsp;__scatterload_rt2
</UL>

<P><STRONG><a name="[403]"></a>__rt_entry_presh_1</STRONG> (ARM, 0 bytes, Stack size unknown bytes, __rtentry2.o(.ARM.Collect$$rtentry$$00000002))

[...]
</UL>
<BR>[Calls]<UL><LI><a href="#[332]">&gt;&gt;</a>&nbsp;&nbsp;&nbsp;suble_timer_handler
</UL>
<BR>[Address Reference Count : 1]<UL><LI> appm_task.o(.constdata)
</UL>
<P><STRONG><a name="[84]"></a>suble_timer12_handler</STRONG> (Thumb, 12 bytes, Stack size 8 bytes, appm_task.o(i.suble_timer12_handler))
<BR><BR>[Stack]<UL><LI>Max Depth = 416 + Unknown Stack Size
<LI>Call Chain = suble_timer12_handler &rArr; suble_timer_handler &rArr; suble_key_timeout_handler &rArr; suble_key_state_handler &rArr; tmp_key_handler &rArr; tuya_ble_master_scan_start &rArr; tuya_ble_master_port_scan_start &rArr; suble_scan_start &rArr; appm_scan_adv_con_schedule &rArr; appm_start_connencting &rArr; elog_output &rArr;  elog_output (Cycle)
</UL>
<BR>[Calls]<UL><LI><a href="#[332]">&gt;&gt;</a>&nbsp;&nbsp;&nbsp;suble_timer_handler
</UL>
<BR>[Address Reference Count : 1]<UL><LI> appm_task.o(.constdata)
</UL>
<P><STRONG><a name="[85]"></a>suble_timer13_handler</STRONG> (Thumb, 12 bytes, Stack size 8 bytes, appm_task.o(i.suble_timer13_handler))
<BR><BR>[Stack]<UL><LI>Max Depth = 416 + Unknown Stack Size
<LI>Call Chain = suble_timer13_handler &rArr; suble_timer_handler &rArr; suble_key_timeout_handler &rArr; suble_key_state_handler &rArr; tmp_key_handler &rArr; tuya_ble_master_scan_start &rArr; tuya_ble_master_port_scan_start &rArr; suble_scan_start &rArr; appm_scan_adv_con_schedule &rArr; appm_start_connencting &rArr; elog_output &rArr;  elog_output (Cycle)
</UL>
<BR>[Calls]<UL><LI><a href="#[332]">&gt;&gt;</a>&nbsp;&nbsp;&nbsp;suble_timer_handler
</UL>
<BR>[Address Reference Count : 1]<UL><LI> appm_task.o(.constdata)
</UL>
<P><STRONG><a name="[86]"></a>suble_timer14_handler</STRONG> (Thumb, 12 bytes, Stack size 8 bytes, appm_task.o(i.suble_timer14_handler))
<BR><BR>[Stack]<UL><LI>Max Depth = 416 + Unknown Stack Size
<LI>Call Chain = suble_timer14_handler &rArr; suble_timer_handler &rArr; suble_key_timeout_handler &rArr; suble_key_state_handler &rArr; tmp_key_handler &rArr; tuya_ble_master_scan_start &rArr; tuya_ble_master_port_scan_start &rArr; suble_scan_start &rArr; appm_scan_adv_con_schedule &rArr; appm_start_connencting &rArr; elog_output &rArr;  elog_output (Cycle)
</UL>
<BR>[Calls]<UL><LI><a href="#[332]">&gt;&gt;</a>&nbsp;&nbsp;&nbsp;suble_timer_handler
</UL>
<BR>[Address Reference Count : 1]<UL><LI> appm_task.o(.constdata)
</UL>
<P><STRONG><a name="[87]"></a>suble_timer15_handler</STRONG> (Thumb, 12 bytes, Stack size 8 bytes, appm_task.o(i.suble_timer15_handler))
<BR><BR>[Stack]<UL><LI>Max Depth = 416 + Unknown Stack Size
<LI>Call Chain = suble_timer15_handler &rArr; suble_timer_handler &rArr; suble_key_timeout_handler &rArr; suble_key_state_handler &rArr; tmp_key_handler &rArr; tuya_ble_master_scan_start &rArr; tuya_ble_master_port_scan_start &rArr; suble_scan_start &rArr; appm_scan_adv_con_schedule &rArr; appm_start_connencting &rArr; elog_output &rArr;  elog_output (Cycle)
</UL>
<BR>[Calls]<UL><LI><a href="#[332]">&gt;&gt;</a>&nbsp;&nbsp;&nbsp;suble_timer_handler
</UL>
<BR>[Address Reference Count : 1]<UL><LI> appm_task.o(.constdata)
</UL>
<P><STRONG><a name="[88]"></a>suble_timer16_handler</STRONG> (Thumb, 12 bytes, Stack size 8 bytes, appm_task.o(i.suble_timer16_handler))
<BR><BR>[Stack]<UL><LI>Max Depth = 416 + Unknown Stack Size
<LI>Call Chain = suble_timer16_handler &rArr; suble_timer_handler &rArr; suble_key_timeout_handler &rArr; suble_key_state_handler &rArr; tmp_key_handler &rArr; tuya_ble_master_scan_start &rArr; tuya_ble_master_port_scan_start &rArr; suble_scan_start &rArr; appm_scan_adv_con_schedule &rArr; appm_start_connencting &rArr; elog_output &rArr;  elog_output (Cycle)
</UL>
<BR>[Calls]<UL><LI><a href="#[332]">&gt;&gt;</a>&nbsp;&nbsp;&nbsp;suble_timer_handler
</UL>
<BR>[Address Reference Count : 1]<UL><LI> appm_task.o(.constdata)
</UL>
<P><STRONG><a name="[89]"></a>suble_timer17_handler</STRONG> (Thumb, 12 bytes, Stack size 8 bytes, appm_task.o(i.suble_timer17_handler))
<BR><BR>[Stack]<UL><LI>Max Depth = 416 + Unknown Stack Size
<LI>Call Chain = suble_timer17_handler &rArr; suble_timer_handler &rArr; suble_key_timeout_handler &rArr; suble_key_state_handler &rArr; tmp_key_handler &rArr; tuya_ble_master_scan_start &rArr; tuya_ble_master_port_scan_start &rArr; suble_scan_start &rArr; appm_scan_adv_con_schedule &rArr; appm_start_connencting &rArr; elog_output &rArr;  elog_output (Cycle)
</UL>
<BR>[Calls]<UL><LI><a href="#[332]">&gt;&gt;</a>&nbsp;&nbsp;&nbsp;suble_timer_handler
</UL>
<BR>[Address Reference Count : 1]<UL><LI> appm_task.o(.constdata)
</UL>
<P><STRONG><a name="[8a]"></a>suble_timer18_handler</STRONG> (Thumb, 12 bytes, Stack size 8 bytes, appm_task.o(i.suble_timer18_handler))
<BR><BR>[Stack]<UL><LI>Max Depth = 416 + Unknown Stack Size
<LI>Call Chain = suble_timer18_handler &rArr; suble_timer_handler &rArr; suble_key_timeout_handler &rArr; suble_key_state_handler &rArr; tmp_key_handler &rArr; tuya_ble_master_scan_start &rArr; tuya_ble_master_port_scan_start &rArr; suble_scan_start &rArr; appm_scan_adv_con_schedule &rArr; appm_start_connencting &rArr; elog_output &rArr;  elog_output (Cycle)
</UL>
<BR>[Calls]<UL><LI><a href="#[332]">&gt;&gt;</a>&nbsp;&nbsp;&nbsp;suble_timer_handler
</UL>
<BR>[Address Reference Count : 1]<UL><LI> appm_task.o(.constdata)
</UL>
<P><STRONG><a name="[8b]"></a>suble_timer19_handler</STRONG> (Thumb, 12 bytes, Stack size 8 bytes, appm_task.o(i.suble_timer19_handler))
<BR><BR>[Stack]<UL><LI>Max Depth = 416 + Unknown Stack Size
<LI>Call Chain = suble_timer19_handler &rArr; suble_timer_handler &rArr; suble_key_timeout_handler &rArr; suble_key_state_handler &rArr; tmp_key_handler &rArr; tuya_ble_master_scan_start &rArr; tuya_ble_master_port_scan_start &rArr; suble_scan_start &rArr; appm_scan_adv_con_schedule &rArr; appm_start_connencting &rArr; elog_output &rArr;  elog_output (Cycle)
</UL>
<BR>[Calls]<UL><LI><a href="#[332]">&gt;&gt;</a>&nbsp;&nbsp;&nbsp;suble_timer_handler
</UL>
<BR>[Address Reference Count : 1]<UL><LI> appm_task.o(.constdata)
</UL>
<P><STRONG><a name="[79]"></a>suble_timer1_handler</STRONG> (Thumb, 12 bytes, Stack size 8 bytes, appm_task.o(i.suble_timer1_handler))
<BR><BR>[Stack]<UL><LI>Max Depth = 416 + Unknown Stack Size
<LI>Call Chain = suble_timer1_handler &rArr; suble_timer_handler &rArr; suble_key_timeout_handler &rArr; suble_key_state_handler &rArr; tmp_key_handler &rArr; tuya_ble_master_scan_start &rArr; tuya_ble_master_port_scan_start &rArr; suble_scan_start &rArr; appm_scan_adv_con_schedule &rArr; appm_start_connencting &rArr; elog_output &rArr;  elog_output (Cycle)
</UL>
<BR>[Calls]<UL><LI><a href="#[332]">&gt;&gt;</a>&nbsp;&nbsp;&nbsp;suble_timer_handler
</UL>
<BR>[Address Reference Count : 1]<UL><LI> appm_task.o(.constdata)
</UL>
<P><STRONG><a name="[96]"></a>suble_timer200_handler</STRONG> (Thumb, 12 bytes, Stack size 8 bytes, appm_task.o(i.suble_timer200_handler))
<BR><BR>[Stack]<UL><LI>Max Depth = 416 + Unknown Stack Size
<LI>Call Chain = suble_timer200_handler &rArr; suble_timer_handler &rArr; suble_key_timeout_handler &rArr; suble_key_state_handler &rArr; tmp_key_handler &rArr; tuya_ble_master_scan_start &rArr; tuya_ble_master_port_scan_start &rArr; suble_scan_start &rArr; appm_scan_adv_con_schedule &rArr; appm_start_connencting &rArr; elog_output &rArr;  elog_output (Cycle)
</UL>
<BR>[Calls]<UL><LI><a href="#[332]">&gt;&gt;</a>&nbsp;&nbsp;&nbsp;suble_timer_handler
</UL>
<BR>[Address Reference Count : 1]<UL><LI> appm_task.o(.constdata)
</UL>
<P><STRONG><a name="[7a]"></a>suble_timer2_handler</STRONG> (Thumb, 12 bytes, Stack size 8 bytes, appm_task.o(i.suble_timer2_handler))
<BR><BR>[Stack]<UL><LI>Max Depth = 416 + Unknown Stack Size
<LI>Call Chain = suble_timer2_handler &rArr; suble_timer_handler &rArr; suble_key_timeout_handler &rArr; suble_key_state_handler &rArr; tmp_key_handler &rArr; tuya_ble_master_scan_start &rArr; tuya_ble_master_port_scan_start &rArr; suble_scan_start &rArr; appm_scan_adv_con_schedule &rArr; appm_start_connencting &rArr; elog_output &rArr;  elog_output (Cycle)
</UL>
<BR>[Calls]<UL><LI><a href="#[332]">&gt;&gt;</a>&nbsp;&nbsp;&nbsp;suble_timer_handler
</UL>
<BR>[Address Reference Count : 1]<UL><LI> appm_task.o(.constdata)
</UL>
<P><STRONG><a name="[7b]"></a>suble_timer3_handler</STRONG> (Thumb, 12 bytes, Stack size 8 bytes, appm_task.o(i.suble_timer3_handler))
<BR><BR>[Stack]<UL><LI>Max Depth = 416 + Unknown Stack Size
<LI>Call Chain = suble_timer3_handler &rArr; suble_timer_handler &rArr; suble_key_timeout_handler &rArr; suble_key_state_handler &rArr; tmp_key_handler &rArr; tuya_ble_master_scan_start &rArr; tuya_ble_master_port_scan_start &rArr; suble_scan_start &rArr; appm_scan_adv_con_schedule &rArr; appm_start_connencting &rArr; elog_output &rArr;  elog_output (Cycle)
</UL>
<BR>[Calls]<UL><LI><a href="#[332]">&gt;&gt;</a>&nbsp;&nbsp;&nbsp;suble_timer_handler
</UL>
<BR>[Address Reference Count : 1]<UL><LI> appm_task.o(.constdata)
</UL>
<P><STRONG><a name="[7c]"></a>suble_timer4_handler</STRONG> (Thumb, 12 bytes, Stack size 8 bytes, appm_task.o(i.suble_timer4_handler))
<BR><BR>[Stack]<UL><LI>Max Depth = 416 + Unknown Stack Size
<LI>Call Chain = suble_timer4_handler &rArr; suble_timer_handler &rArr; suble_key_timeout_handler &rArr; suble_key_state_handler &rArr; tmp_key_handler &rArr; tuya_ble_master_scan_start &rArr; tuya_ble_master_port_scan_start &rArr; suble_scan_start &rArr; appm_scan_adv_con_schedule &rArr; appm_start_connencting &rArr; elog_output &rArr;  elog_output (Cycle)
</UL>
<BR>[Calls]<UL><LI><a href="#[332]">&gt;&gt;</a>&nbsp;&nbsp;&nbsp;suble_timer_handler
</UL>
<BR>[Address Reference Count : 1]<UL><LI> appm_task.o(.constdata)
</UL>
<P><STRONG><a name="[7d]"></a>suble_timer5_handler</STRONG> (Thumb, 12 bytes, Stack size 8 bytes, appm_task.o(i.suble_timer5_handler))
<BR><BR>[Stack]<UL><LI>Max Depth = 416 + Unknown Stack Size
<LI>Call Chain = suble_timer5_handler &rArr; suble_timer_handler &rArr; suble_key_timeout_handler &rArr; suble_key_state_handler &rArr; tmp_key_handler &rArr; tuya_ble_master_scan_start &rArr; tuya_ble_master_port_scan_start &rArr; suble_scan_start &rArr; appm_scan_adv_con_schedule &rArr; appm_start_connencting &rArr; elog_output &rArr;  elog_output (Cycle)
</UL>
<BR>[Calls]<UL><LI><a href="#[332]">&gt;&gt;</a>&nbsp;&nbsp;&nbsp;suble_timer_handler
</UL>
<BR>[Address Reference Count : 1]<UL><LI> appm_task.o(.constdata)
</UL>
<P><STRONG><a name="[7e]"></a>suble_timer6_handler</STRONG> (Thumb, 12 bytes, Stack size 8 bytes, appm_task.o(i.suble_timer6_handler))
<BR><BR>[Stack]<UL><LI>Max Depth = 416 + Unknown Stack Size
<LI>Call Chain = suble_timer6_handler &rArr; suble_timer_handler &rArr; suble_key_timeout_handler &rArr; suble_key_state_handler &rArr; tmp_key_handler &rArr; tuya_ble_master_scan_start &rArr; tuya_ble_master_port_scan_start &rArr; suble_scan_start &rArr; appm_scan_adv_con_schedule &rArr; appm_start_connencting &rArr; elog_output &rArr;  elog_output (Cycle)
</UL>
<BR>[Calls]<UL><LI><a href="#[332]">&gt;&gt;</a>&nbsp;&nbsp;&nbsp;suble_timer_handler
</UL>
<BR>[Address Reference Count : 1]<UL><LI> appm_task.o(.constdata)
</UL>
<P><STRONG><a name="[7f]"></a>suble_timer7_handler</STRONG> (Thumb, 12 bytes, Stack size 8 bytes, appm_task.o(i.suble_timer7_handler))
<BR><BR>[Stack]<UL><LI>Max Depth = 416 + Unknown Stack Size
<LI>Call Chain = suble_timer7_handler &rArr; suble_timer_handler &rArr; suble_key_timeout_handler &rArr; suble_key_state_handler &rArr; tmp_key_handler &rArr; tuya_ble_master_scan_start &rArr; tuya_ble_master_port_scan_start &rArr; suble_scan_start &rArr; appm_scan_adv_con_schedule &rArr; appm_start_connencting &rArr; elog_output &rArr;  elog_output (Cycle)
</UL>
<BR>[Calls]<UL><LI><a href="#[332]">&gt;&gt;</a>&nbsp;&nbsp;&nbsp;suble_timer_handler
</UL>
<BR>[Address Reference Count : 1]<UL><LI> appm_task.o(.constdata)
</UL>
<P><STRONG><a name="[80]"></a>suble_timer8_handler</STRONG> (Thumb, 12 bytes, Stack size 8 bytes, appm_task.o(i.suble_timer8_handler))
<BR><BR>[Stack]<UL><LI>Max Depth = 416 + Unknown Stack Size
<LI>Call Chain = suble_timer8_handler &rArr; suble_timer_handler &rArr; suble_key_timeout_handler &rArr; suble_key_state_handler &rArr; tmp_key_handler &rArr; tuya_ble_master_scan_start &rArr; tuya_ble_master_port_scan_start &rArr; suble_scan_start &rArr; appm_scan_adv_con_schedule &rArr; appm_start_connencting &rArr; elog_output &rArr;  elog_output (Cycle)
</UL>
<BR>[Calls]<UL><LI><a href="#[332]">&gt;&gt;</a>&nbsp;&nbsp;&nbsp;suble_timer_handler
</UL>
<BR>[Address Reference Count : 1]<UL><LI> appm_task.o(.constdata)
</UL>
<P><STRONG><a name="[81]"></a>suble_timer9_handler</STRONG> (Thumb, 12 bytes, Stack size 8 bytes, appm_task.o(i.suble_timer9_handler))
<BR><BR>[Stack]<UL><LI>Max Depth = 416 + Unknown Stack Size
<LI>Call Chain = suble_timer9_handler &rArr; suble_timer_handler &rArr; suble_key_timeout_handler &rArr; suble_key_state_handler &rArr; tmp_key_handler &rArr; tuya_ble_master_scan_start &rArr; tuya_ble_master_port_scan_start &rArr; suble_scan_start &rArr; appm_scan_adv_con_schedule &rArr; appm_start_connencting &rArr; elog_output &rArr;  elog_output (Cycle)
</UL>
<BR>[Calls]<UL><LI><a href="#[332]">&gt;&gt;</a>&nbsp;&nbsp;&nbsp;suble_timer_handler
</UL>
<BR>[Address Reference Count : 1]<UL><LI> appm_task.o(.constdata)
</UL>
<P><STRONG><a name="[a0]"></a>appc_check_device_link_timer_handler</STRONG> (Thumb, 62 bytes, Stack size 16 bytes, appc_task.o(i.appc_check_device_link_timer_handler))
<BR><BR>[Stack]<UL><LI>Max Depth = 24<LI>Call Chain = appc_check_device_link_timer_handler &rArr; sdp_discover_all_service
</UL>
<BR>[Calls]<UL><LI><a href="#[146]">&gt;&gt;</a>&nbsp;&nbsp;&nbsp;ke_state_get
<LI><a href="#[1af]">&gt;&gt;</a>&nbsp;&nbsp;&nbsp;ke_state_set
<LI><a href="#[1ae]">&gt;&gt;</a>&nbsp;&nbsp;&nbsp;sdp_discover_all_service
<LI><a href="#[1ad]">&gt;&gt;</a>&nbsp;&nbsp;&nbsp;appc_get_peer_dev_info
</UL>
<BR>[Address Reference Count : 1]<UL><LI> appc_task.o(.constdata)
</UL>
<P><STRONG><a name="[97]"></a>appc_msg_handler</STRONG> (Thumb, 52 bytes, Stack size 24 bytes, appc_task.o(i.appc_msg_handler))
<BR><BR>[Stack]<UL><LI>Max Depth = 256 + Unknown Stack Size
<LI>Call Chain = appc_msg_handler &rArr; elog_output &rArr;  elog_output (Cycle)
</UL>
<BR>[Calls]<UL><LI><a href="#[141]">&gt;&gt;</a>&nbsp;&nbsp;&nbsp;elog_output
</UL>
<BR>[Address Reference Count : 1]<UL><LI> appc_task.o(.constdata)
</UL>
<P><STRONG><a name="[99]"></a>gapc_cmp_evt_handler</STRONG> (Thumb, 190 bytes, Stack size 24 bytes, appc_task.o(i.gapc_cmp_evt_handler))
<BR><BR>[Stack]<UL><LI>Max Depth = 256 + Unknown Stack Size
<LI>Call Chain = gapc_cmp_evt_handler &rArr; elog_output &rArr;  elog_output (Cycle)
</UL>
<BR>[Calls]<UL><LI><a href="#[141]">&gt;&gt;</a>&nbsp;&nbsp;&nbsp;elog_output
<LI><a href="#[166]">&gt;&gt;</a>&nbsp;&nbsp;&nbsp;__ARM_common_switch8 (via BLX)
<LI><a href="#[1ad]">&gt;&gt;</a>&nbsp;&nbsp;&nbsp;appc_get_peer_dev_info
</UL>
<BR>[Address Reference Count : 1]<UL><LI> appc_task.o(.constdata)
</UL>
<P><STRONG><a name="[9a]"></a>gapc_disconnect_ind_handler</STRONG> (Thumb, 30 bytes, Stack size 16 bytes, appc_task.o(i.gapc_disconnect_ind_handler))
<BR><BR>[Stack]<UL><LI>Max Depth = 248 + Unknown Stack Size
<LI>Call Chain = gapc_disconnect_ind_handler &rArr; elog_output &rArr;  elog_output (Cycle)
</UL>
<BR>[Calls]<UL><LI><a href="#[141]">&gt;&gt;</a>&nbsp;&nbsp;&nbsp;elog_output
</UL>
<BR>[Address Reference Count : 1]<UL><LI> appc_task.o(.constdata)
</UL>
<P><STRONG><a name="[9c]"></a>gapc_peer_features_ind_handler</STRONG> (Thumb, 4 bytes, Stack size 0 bytes, appc_task.o(i.gapc_peer_features_ind_handler))
<BR>[Address Reference Count : 1]<UL><LI> appc_task.o(.constdata)
</UL>
<P><STRONG><a name="[9b]"></a>gapc_peer_version_ind_handler</STRONG> (Thumb, 4 bytes, Stack size 0 bytes, appc_task.o(i.gapc_peer_version_ind_handler))
<BR>[Address Reference Count : 1]<UL><LI> appc_task.o(.constdata)
</UL>
<P><STRONG><a name="[98]"></a>gapm_cmp_evt_handler</STRONG> (Thumb, 4 bytes, Stack size 0 bytes, appc_task.o(i.gapm_cmp_evt_handler))
<BR>[Address Reference Count : 1]<UL><LI> appc_task.o(.constdata)
</UL>
<P><STRONG><a name="[9d]"></a>gapm_profile_added_ind_handler</STRONG> (Thumb, 12 bytes, Stack size 8 bytes, appc_task.o(i.gapm_profile_added_ind_handler))
<BR><BR>[Stack]<UL><LI>Max Depth = 8<LI>Call Chain = gapm_profile_added_ind_handler
</UL>
<BR>[Calls]<UL><LI><a href="#[146]">&gt;&gt;</a>&nbsp;&nbsp;&nbsp;ke_state_get
</UL>
<BR>[Address Reference Count : 1]<UL><LI> appc_task.o(.constdata)
</UL>
<P><STRONG><a name="[9f]"></a>gattc_cmp_evt_handler</STRONG> (Thumb, 122 bytes, Stack size 24 bytes, appc_task.o(i.gattc_cmp_evt_handler))
<BR><BR>[Stack]<UL><LI>Max Depth = 328 + Unknown Stack Size
<LI>Call Chain = gattc_cmp_evt_handler &rArr; appm_scan_adv_con_schedule &rArr; appm_start_connencting &rArr; elog_output &rArr;  elog_output (Cycle)
</UL>
<BR>[Calls]<UL><LI><a href="#[141]">&gt;&gt;</a>&nbsp;&nbsp;&nbsp;elog_output
<LI><a href="#[23a]">&gt;&gt;</a>&nbsp;&nbsp;&nbsp;suble_svc_c_discovery_complete
<LI><a href="#[149]">&gt;&gt;</a>&nbsp;&nbsp;&nbsp;appm_scan_adv_con_schedule
<LI><a href="#[1af]">&gt;&gt;</a>&nbsp;&nbsp;&nbsp;ke_state_set
<LI><a href="#[1ba]">&gt;&gt;</a>&nbsp;&nbsp;&nbsp;appc_write_service_ntf_cfg_req
</UL>
<BR>[Address Reference Count : 1]<UL><LI> appc_task.o(.constdata)
</UL>
<P><STRONG><a name="[9e]"></a>gattc_sdp_svc_ind_handler</STRONG> (Thumb, 12 bytes, Stack size 8 bytes, appc_task.o(i.gattc_sdp_svc_ind_handler))
<BR><BR>[Stack]<UL><LI>Max Depth = 120<LI>Call Chain = gattc_sdp_svc_ind_handler &rArr; sdp_extract_svc_info &rArr; sdp_add_profiles
</UL>
<BR>[Calls]<UL><LI><a href="#[23c]">&gt;&gt;</a>&nbsp;&nbsp;&nbsp;sdp_extract_svc_info
</UL>
<BR>[Address Reference Count : 1]<UL><LI> appc_task.o(.constdata)
</UL>
<P><STRONG><a name="[10]"></a>_printf_input_char</STRONG> (Thumb, 10 bytes, Stack size 0 bytes, _printf_char_common.o(.text))
<BR>[Address Reference Count : 1]<UL><LI> _printf_char_common.o(.text)
</UL>
<P><STRONG><a name="[3d4]"></a>_dadd1</STRONG> (ARM, 0 bytes, Stack size unknown bytes, daddsub_clz.o(x$fpl$dadd), UNUSED)
<BR><BR>[Called By]<UL><LI><a href="#[3d5]">&gt;&gt;</a>&nbsp;&nbsp;&nbsp;_dsub
<LI><a href="#[3d3]">&gt;&gt;</a>&nbsp;&nbsp;&nbsp;_drsb
</UL>

<P><STRONG><a name="[3c6]"></a>_dsub1</STRONG> (ARM, 0 bytes, Stack size unknown bytes, daddsub_clz.o(x$fpl$dsub), UNUSED)
<BR><BR>[Called By]<UL><LI><a href="#[3d3]">&gt;&gt;</a>&nbsp;&nbsp;&nbsp;_drsb
<LI><a href="#[3c5]">&gt;&gt;</a>&nbsp;&nbsp;&nbsp;_dadd
</UL>

<P><STRONG><a name="[100]"></a>_fp_digits</STRONG> (Thumb, 410 bytes, Stack size 96 bytes, _printf_fp_dec.o(.text))
<BR><BR>[Stack]<UL><LI>Max Depth = 220<LI>Call Chain = _fp_digits &rArr; _btod_etento &rArr; _btod_emul &rArr; _e2e
</UL>
<BR>[Calls]<UL><LI><a href="#[2]">&gt;&gt;</a>&nbsp;&nbsp;&nbsp;__ieee_status (via BLX)
<LI><a href="#[104]">&gt;&gt;</a>&nbsp;&nbsp;&nbsp;_btod_emul (via BLX)
<LI><a href="#[103]">&gt;&gt;</a>&nbsp;&nbsp;&nbsp;_btod_ediv (via BLX)
<LI><a href="#[102]">&gt;&gt;</a>&nbsp;&nbsp;&nbsp;_btod_d2e (via BLX)
<LI><a href="#[101]">&gt;&gt;</a>&nbsp;&nbsp;&nbsp;_btod_etento
<LI><a href="#[fc]">&gt;&gt;</a>&nbsp;&nbsp;&nbsp;_ll_udiv10 (via BLX)
</UL>
<BR>[Called By]<UL><LI><a href="#[105]">&gt;&gt;</a>&nbsp;&nbsp;&nbsp;_printf_fp_dec_real
</UL>
<P>
<H3>
Undefined Global Symbols
</H3>
<P><STRONG><a name="[10f]"></a>_call_atexit_fns</STRONG> (ARM, 0 bytes, Stack size 0 bytes, UNDEFINED)
<BR><BR>[Called By]<UL><LI><a href="#[d7]">&gt;&gt;</a>&nbsp;&nbsp;&nbsp;exit
</UL>

<P><STRONG><a name="[f9]"></a>_printf_mbtowc</STRONG> (ARM, 0 bytes, Stack size 0 bytes, UNDEFINED)
<BR><BR>[Called By]<UL><LI><a href="#[f8]">&gt;&gt;</a>&nbsp;&nbsp;&nbsp;_printf_cs_common
</UL>

<P><STRONG><a name="[10b]"></a>_printf_wc</STRONG> (ARM, 0 bytes, Stack size 0 bytes, UNDEFINED)
<BR><BR>[Called By]<UL><LI><a href="#[10a]">&gt;&gt;</a>&nbsp;&nbsp;&nbsp;_printf_lcs_common
</UL>
<HR></body></html>
