Component: ARM Compiler 5.06 update 6 (build 750) Tool: armlink [4d35ed]

==============================================================================

Section Cross References

    lock_common.o(i.lock_common_init) refers to app_ota.o(i.app_ota_init) for app_ota_init
    lock_common.o(i.lock_common_init) refers to app_port.o(i.app_port_local_clock_start) for app_port_local_clock_start
    lock_common.o(i.lock_common_init) refers to app_port.o(i.app_port_nv_init) for app_port_nv_init
    lock_common.o(i.lock_common_init) refers to app_common.o(i.app_common_init) for app_common_init
    lock_common.o(i.lock_factory_handler) refers to app_port.o(i.app_port_tuya_ble_device_factory_reset) for app_port_tuya_ble_device_factory_reset
    lock_common.o(i.lock_factory_handler) refers to app_flash.o(i.lock_flash_erease_all) for lock_flash_erease_all
    lock_hard.o(i.lock_hard_uart_simulate) refers to elog.o(i.elog_output) for elog_output
    lock_hard.o(i.lock_hard_uart_simulate) refers to suble_common.o(i.suble_log_hexdump_for_tuya_ble_sdk) for suble_log_hexdump_for_tuya_ble_sdk
    lock_hard.o(i.lock_hard_uart_simulate) refers to app_port.o(i.app_port_dp_data_report) for app_port_dp_data_report
    lock_hard.o(i.lock_hard_uart_simulate) refers to app_port.o(i.app_port_nv_set_default) for app_port_nv_set_default
    lock_hard.o(i.lock_hard_uart_simulate) refers to app_flash.o(i.lock_get_hardid) for lock_get_hardid
    lock_hard.o(i.lock_hard_uart_simulate) refers to lock_dp_report.o(i.lock_hard_creat_sub_report) for lock_hard_creat_sub_report
    lock_hard.o(i.lock_hard_uart_simulate) refers to app_flash.o(i.lock_hard_save_in_local_flash) for lock_hard_save_in_local_flash
    lock_hard.o(i.lock_hard_uart_simulate) refers to lock_dp_report.o(i.lock_open_record_report) for lock_open_record_report
    lock_hard.o(i.lock_hard_uart_simulate) refers to lock_dp_report.o(i.lock_alarm_record_report) for lock_alarm_record_report
    lock_hard.o(i.lock_hard_uart_simulate) refers to lock_dp_report.o(i.lock_state_sync_report) for lock_state_sync_report
    lock_hard.o(i.lock_hard_uart_simulate) refers to rt_memclr_w.o(.text) for __aeabi_memclr4
    lock_hard.o(i.lock_hard_uart_simulate) refers to suble_util.o(i.source_to_object) for source_to_object
    lock_hard.o(i.lock_hard_uart_simulate) refers to lock_hard.o(.constdata) for .constdata
    lock_hard.o(i.lock_hard_uart_simulate) refers to lock_hard.o(.data) for .data
    lock_hard.o(i.lock_hard_uart_simulate) refers to lock_dynamic_pwd.o(i.lock_dynamic_pwd_verify) for lock_dynamic_pwd_verify
    lock_hard.o(i.lock_hard_uart_simulate) refers to app_port.o(i.app_port_get_timestamp) for app_port_get_timestamp
    lock_hard.o(i.lock_hard_uart_simulate) refers to lock_offline_pwd.o(i.lock_offline_pwd_verify) for lock_offline_pwd_verify
    lock_hard.o(i.lock_hard_uart_simulate) refers to app_port.o(i.app_port_aes128_cbc_encrypt) for app_port_aes128_cbc_encrypt
    lock_hard.o(i.lock_hard_uart_simulate) refers to lock_dp_report.o(i.lock_open_record_report_offline_pwd) for lock_open_record_report_offline_pwd
    lock_hard.o(i.lock_hard_uart_simulate) refers to app_flash.o(i.lock_hard_load_by_password) for lock_hard_load_by_password
    lock_hard.o(i.lock_hard_uart_simulate) refers to suble_key.o(i.suble_gpio_open_with_common_pwd) for suble_gpio_open_with_common_pwd
    lock_hard.o(i.lock_hard_uart_simulate) refers to app_flash.o(i.lock_hard_load_by_temp_password) for lock_hard_load_by_temp_password
    lock_hard.o(i.lock_hard_uart_simulate) refers to suble_key.o(i.suble_gpio_open_with_tmp_pwd) for suble_gpio_open_with_tmp_pwd
    lock_hard.o(i.lock_hard_uart_simulate) refers to lock_common.o(i.lock_factory_handler) for lock_factory_handler
    lock_hard.o(i.lock_hard_uart_simulate) refers to lock_timer.o(i.lock_timer_start) for lock_timer_start
    lock_hard.o(i.lock_hard_uart_simulate) refers to app_port.o(i.app_port_dp_data_with_time_report) for app_port_dp_data_with_time_report
    lock_hard.o(i.lock_hard_uart_simulate) refers to app_active_report.o(i.app_active_report_finished_and_disconnect) for app_active_report_finished_and_disconnect
    lock_hard.o(i.lock_hard_uart_simulate) refers to app_active_report.o(i.app_active_report_start) for app_active_report_start
    lock_hard.o(i.lock_hard_uart_simulate) refers to tuya_ble_main.o(.bss) for tuya_ble_current_para
    lock_dp_parser.o(i.lock_dp_parser_handler) refers to elog.o(i.elog_output) for elog_output
    lock_dp_parser.o(i.lock_dp_parser_handler) refers to suble_common.o(i.suble_log_hexdump_for_tuya_ble_sdk) for suble_log_hexdump_for_tuya_ble_sdk
    lock_dp_parser.o(i.lock_dp_parser_handler) refers to lock_dp_parser.o(i.open_meth_creat_handler) for open_meth_creat_handler
    lock_dp_parser.o(i.lock_dp_parser_handler) refers to lock_dp_parser.o(i.open_meth_delete_handler) for open_meth_delete_handler
[...]
    0x0002a590   0x0002a590   0x00000408   Code   RO         4014    i.mbedtls_internal_aes_decrypt  aes.o
    0x0002a998   0x0002a998   0x0000040c   Code   RO         4015    i.mbedtls_internal_aes_encrypt  aes.o
    0x0002ada4   0x0002ada4   0x00000848   Code   RO         4079    i.mbedtls_internal_md5_process  md5.o
    0x0002b5ec   0x0002b5ec   0x00000008   Code   RO         4082    i.mbedtls_md5_finish  md5.o
    0x0002b5f4   0x0002b5f4   0x000000de   Code   RO         4083    i.mbedtls_md5_finish_ret  md5.o
    0x0002b6d2   0x0002b6d2   0x0000000e   Code   RO         4084    i.mbedtls_md5_free  md5.o
    0x0002b6e0   0x0002b6e0   0x0000000a   Code   RO         4085    i.mbedtls_md5_init  md5.o
    0x0002b6ea   0x0002b6ea   0x00000008   Code   RO         4088    i.mbedtls_md5_starts  md5.o
    0x0002b6f2   0x0002b6f2   0x00000002   PAD
    0x0002b6f4   0x0002b6f4   0x00000028   Code   RO         4089    i.mbedtls_md5_starts_ret  md5.o
    0x0002b71c   0x0002b71c   0x00000008   Code   RO         4090    i.mbedtls_md5_update  md5.o
    0x0002b724   0x0002b724   0x0000007c   Code   RO         4091    i.mbedtls_md5_update_ret  md5.o
    0x0002b7a0   0x0002b7a0   0x00000050   Code   RO         1709    i.num_str_concatenate  fpe_str.o
    0x0002b7f0   0x0002b7f0   0x00000040   Code   RO         1710    i.num_str_copy_of_range  fpe_str.o
    0x0002b830   0x0002b830   0x0000001e   Code   RO         1711    i.num_str_to_num    fpe_str.o
    0x0002b84e   0x0002b84e   0x00000036   Code   RO         1712    i.num_to_num_str    fpe_str.o
    0x0002b884   0x0002b884   0x0000000a   Code   RO         5246    i.nv_erase          sf_nv.o
    0x0002b88e   0x0002b88e   0x00000002   PAD
    0x0002b890   0x0002b890   0x00000104   Code   RO         5247    i.nv_read           sf_nv.o
    0x0002b994   0x0002b994   0x00000108   Code   RO         5248    i.nv_write          sf_nv.o
    0x0002ba9c   0x0002ba9c   0x000004d8   Code   RO          428    i.open_meth_creat_handler  lock_dp_parser.o
    0x0002bf74   0x0002bf74   0x00000204   Code   RO          429    i.open_meth_delete_handler  lock_dp_parser.o
    0x0002c178   0x0002c178   0x000001f0   Code   RO          430    i.open_meth_modify_handler  lock_dp_parser.o
    0x0002c368   0x0002c368   0x0000007c   Code   RO          431    i.open_meth_sync_new_handler  lock_dp_parser.o
    0x0002c3e4   0x0002c3e4   0x0000007c   Code   RO         5634    i.platform_reset    arch_main.o
    0x0002c460   0x0002c460   0x00000eb4   Code   RO         8753    i.pow               m_5s.l(pow.o)
    0x0002d314   0x0002d314   0x00000088   Code   RO         1627    i.prf               fpe_cipher.o
    0x0002d39c   0x0002d39c   0x00000088   Code   RO         7428    i.prf_add_profile   prf.o
    0x0002d424   0x0002d424   0x00000034   Code   RO         7429    i.prf_cleanup       prf.o
    0x0002d458   0x0002d458   0x00000030   Code   RO         7430    i.prf_create        prf.o
    0x0002d488   0x0002d488   0x00000010   Code   RO         7431    i.prf_dst_task_get  prf.o
    0x0002d498   0x0002d498   0x00000030   Code   RO         7432    i.prf_env_get       prf.o
    0x0002d4c8   0x0002d4c8   0x00000090   Code   RO         7433    i.prf_env_get_from_handle  prf.o
    0x0002d558   0x0002d558   0x00000074   Code   RO         7434    i.prf_env_get_from_uuid  prf.o
    0x0002d5cc   0x0002d5cc   0x00000058   Code   RO         7527    i.prf_gatt_write    prf_utils.o
    0x0002d624   0x0002d624   0x0000001e   Code   RO         7528    i.prf_gatt_write_ntf_ind  prf_utils.o
    0x0002d642   0x0002d642   0x00000002   PAD
    0x0002d644   0x0002d644   0x00000038   Code   RO         7435    i.prf_get_id_from_task  prf.o
    0x0002d67c   0x0002d67c   0x00000038   Code   RO         7436    i.prf_get_task_from_id  prf.o
    0x0002d6b4   0x0002d6b4   0x00000074   Code   RO         7437    i.prf_init          prf.o
    0x0002d728   0x0002d728   0x00000026   Code   RO         7438    i.prf_itf_get       prf.o
    0x0002d74e   0x0002d74e   0x00000002   PAD
    0x0002d750   0x0002d750   0x00000034   Code   RO         7530    i.prf_read_char_send  prf_utils.o
    0x0002d784   0x0002d784   0x00000038   Code   RO         7531    i.prf_register_atthdl2gatt  prf_utils.o
    0x0002d7bc   0x0002d7bc   0x00000010   Code   RO         7439    i.prf_src_task_get  prf.o
    0x0002d7cc   0x0002d7cc   0x00000044   Code   RO         2977    i.prvHeapInit       tuya_ble_heap.o
    0x0002d810   0x0002d810   0x0000004c   Code   RO         2978    i.prvInsertBlockIntoFreeList  tuya_ble_heap.o
    0x0002d85c   0x0002d85c   0x00000098   Code   RO         2979    i.pvTuyaPortMalloc  tuya_ble_heap.o
    0x0002d8f4   0x0002d8f4   0x00000020   Code   RO         6613    i.pwm_disable       pwm.o
    0x0002d914   0x0002d914   0x00000018   Code   RO         6614    i.pwm_enable        pwm.o
    0x0002d92c   0x0002d92c   0x000000dc   Code   RO         6615    i.pwm_init          pwm.o
    0x0002da08   0x0002da08   0x0000003c   Code   RO         6619    i.pwm_isr           pwm.o
    0x0002da44   0x0002da44   0x0000000c   Code   RO         1713    i.release_str       fpe_str.o
    0x0002da50   0x0002da50   0x0000000a   Code   RO          580    i.reset_with_disconn2_outtime_cb  lock_timer.o
    0x0002da5a   0x0002da5a   0x00000008   Code   RO          581    i.reset_with_disconn2_outtime_cb_handler  lock_timer.o
    0x0002da62   0x0002da62   0x0000000a   Code   RO          582    i.reset_with_disconn_outtime_cb  lock_timer.o
    0x0002da6c   0x0002da6c   0x00000010   Code   RO         1060    i.reset_with_disconn_outtime_cb  app_ota.o
    0x0002da7c   0x0002da7c   0x0000000e   Code   RO          583    i.reset_with_disconn_outtime_cb_handler  lock_timer.o
    0x0002da8a   0x0002da8a   0x00000002   PAD
    0x0002da8c   0x0002da8c   0x00000014   Code   RO         7000    i.rf_force_agc_enable  rf_xvr.o
    0x0002daa0   0x0002daa0   0x00000048   Code   RO         7001    i.rf_init           rf_xvr.o
    0x0002dae8   0x0002dae8   0x00000002   Code   RO         7002    i.rf_reset          rf_xvr.o
    0x0002daea   0x0002daea   0x00000004   Code   RO         7003    i.rf_rpl_reg_rd     rf_xvr.o
    0x0002daee   0x0002daee   0x00000004   Code   RO         7004    i.rf_rpl_reg_wr     rf_xvr.o
    0x0002daf2   0x0002daf2   0x0000000a   Code   RO         7005    i.rf_rssi_convert   rf_xvr.o
    0x0002dafc   0x0002dafc   0x0000000e   Code   RO         7006    i.rf_sleep          rf_xvr.o
    0x0002db0a   0x0002db0a   0x00000004   Code   RO         7007    i.rf_txpwr_dbm_get  rf_xvr.o
    0x0002db0e   0x0002db0e   0x00000002   PAD
    0x0002db10   0x0002db10   0x000000a4   Code   RO         5635    i.rom_env_init      arch_main.o
    0x0002dbb4   0x0002dbb4   0x00000044   Code   RO         5636    i.rw_app_enter      arch_main.o
    0x0002dbf8   0x0002dbf8   0x0000001c   Code   RO         5990    i.rwble_hl_init     rwble_hl.o
    0x0002dc14   0x0002dc14   0x0000001c   Code   RO         5991    i.rwble_hl_reset    rwble_hl.o
    0x0002dc30   0x0002dc30   0x0000001c   Code   RO         5832    i.rwble_init        rwble.o
    0x0002dc4c   0x0002dc4c   0x000000a6   Code   RO         5833    i.rwble_isr         rwble.o
    0x0002dcf2   0x0002dcf2   0x00000056   Code   RO         5834    i.rwble_reset       rwble.o
    0x0002dd48   0x0002dd48   0x00000028   Code   RO         5638    i.rwip_eif_api_init  arch_main.o
    0x0002dd70   0x0002dd70   0x00000014   Code   RO         5639    i.rwip_eif_get      arch_main.o
    0x0002dd84   0x0002dd84   0x000000d0   Code   RO         6084    i.rwip_init         rwip.o
    0x0002de54   0x0002de54   0x00000030   Code   RO         6085    i.rwip_prevent_sleep_clear  rwip.o
    0x0002de84   0x0002de84   0x00000030   Code   RO         6087    i.rwip_prevent_sleep_set  rwip.o
    0x0002deb4   0x0002deb4   0x0000003c   Code   RO         6088    i.rwip_reset        rwip.o
    0x0002def0   0x0002def0   0x00000014   Code   RO         6089    i.rwip_schedule     rwip.o
    0x0002df04   0x0002df04   0x00000024   Code   RO         6092    i.rwip_sleep_lpcycles_2_us  rwip.o
    0x0002df28   0x0002df28   0x00000010   Code   RO         6093    i.rwip_us_2_lpcycles  rwip.o
    0x0002df38   0x0002df38   0x00000012   Code   RO         6095    i.rwip_wakeup       rwip.o
    0x0002df4a   0x0002df4a   0x00000002   PAD
    0x0002df4c   0x0002df4c   0x00000010   Code   RO         6096    i.rwip_wakeup_delay_set  rwip.o
    0x0002df5c   0x0002df5c   0x00000028   Code   RO         6097    i.rwip_wakeup_end   rwip.o
    0x0002df84   0x0002df84   0x00000034   Code   RO         5369    i.sd_free           sf_mem.o
    0x0002dfb8   0x0002dfb8   0x00000050   Code   RO         5370    i.sd_malloc         sf_mem.o
    0x0002e008   0x0002e008   0x0000001c   Code   RO         5371    i.sd_mem_init       sf_mem.o
    0x0002e024   0x0002e024   0x0000003c   Code   RO         7726    i.sdp_add_profiles  sdp_service.o
    0x0002e060   0x0002e060   0x00000098   Code   RO         7727    i.sdp_cleanup       sdp_service.o
    0x0002e0f8   0x0002e0f8   0x00000010   Code   RO         7728    i.sdp_create        sdp_service.o
    0x0002e108   0x0002e108   0x00000004   Code   RO         7869    i.sdp_default_msg_handler  sdp_service_task.o
    0x0002e10c   0x0002e10c   0x0000002c   Code   RO         7729    i.sdp_destroy       sdp_service.o
    0x0002e138   0x0002e138   0x00000034   Code   RO         7730    i.sdp_discover_all_service  sdp_service.o
    0x0002e16c   0x0002e16c   0x00000004   Code   RO         7870    i.sdp_enable_req_handler  sdp_service_task.o
    0x0002e170   0x0002e170   0x000002e8   Code   RO         7733    i.sdp_extract_svc_info  sdp_service.o
    0x0002e458   0x0002e458   0x000000c8   Code   RO         7734    i.sdp_init          sdp_service.o
    0x0002e520   0x0002e520   0x00000008   Code   RO         7735    i.sdp_prf_itf_get   sdp_service.o
    0x0002e528   0x0002e528   0x000000e0   Code   RO         7871    i.sdp_read_info_req_handler  sdp_service_task.o
    0x0002e608   0x0002e608   0x00000024   Code   RO         7736    i.sdp_service_free_env_find  sdp_service.o
    0x0002e62c   0x0002e62c   0x00000044   Code   RO         7737    i.sdp_service_init  sdp_service.o
    0x0002e670   0x0002e670   0x00000054   Code   RO         7872    i.sdp_write_ntf_cfg_req_handler  sdp_service_task.o
    0x0002e6c4   0x0002e6c4   0x00000056   Code   RO         7873    i.sdp_write_value_info_req_handler  sdp_service_task.o
    0x0002e71a   0x0002e71a   0x00000002   PAD
    0x0002e71c   0x0002e71c   0x0000000c   Code   RO         4988    i.set_s_master_scan_is_running  suble_key.o
    0x0002e728   0x0002e728   0x0000000e   Code   RO         5315    i.sf_free           sf_port.o
    0x0002e736   0x0002e736   0x00000008   Code   RO         5318    i.sf_malloc         sf_port.o
    0x0002e73e   0x0002e73e   0x00000008   Code   RO         5319    i.sf_mem_init       sf_port.o
    0x0002e746   0x0002e746   0x00000002   PAD
    0x0002e748   0x0002e748   0x00000020   Code   RO         5249    i.sf_next_unit_addr  sf_nv.o
    0x0002e768   0x0002e768   0x000000b4   Code   RO         5250    i.sf_nv_delete      sf_nv.o
    0x0002e81c   0x0002e81c   0x0000019c   Code   RO         5251    i.sf_nv_init        sf_nv.o
    0x0002e9b8   0x0002e9b8   0x000000d4   Code   RO         5252    i.sf_nv_read        sf_nv.o
    0x0002ea8c   0x0002ea8c   0x0000033c   Code   RO         5254    i.sf_nv_write       sf_nv.o
    0x0002edc8   0x0002edc8   0x0000000a   Code   RO         5320    i.sf_port_flash_erase  sf_port.o
    0x0002edd2   0x0002edd2   0x0000000a   Code   RO         5321    i.sf_port_flash_read  sf_port.o
    0x0002eddc   0x0002eddc   0x0000000a   Code   RO         5322    i.sf_port_flash_write  sf_port.o
    0x0002ede6   0x0002ede6   0x0000002c   Code   RO         5128    i.source_to_decimal  suble_util.o
    0x0002ee12   0x0002ee12   0x00000020   Code   RO         5129    i.source_to_object  suble_util.o
    0x0002ee32   0x0002ee32   0x00000002   PAD
    0x0002ee34   0x0002ee34   0x00000064   Code   RO         8869    i.sqrt              m_5s.l(sqrt.o)
    0x0002ee98   0x0002ee98   0x0000001c   Code   RO         4420    i.suble_adv_param_set  suble_adv_scan.o
    0x0002eeb4   0x0002eeb4   0x00000018   Code   RO         4421    i.suble_adv_start   suble_adv_scan.o
    0x0002eecc   0x0002eecc   0x00000018   Code   RO         4422    i.suble_adv_stop    suble_adv_scan.o
    0x0002eee4   0x0002eee4   0x0000002c   Code   RO         4423    i.suble_adv_update_advDataAndScanRsp  suble_adv_scan.o
    0x0002ef10   0x0002ef10   0x00000140   Code   RO         5043    i.suble_battery_get_value_outtime_handler  suble_battery.o
    0x0002f050   0x0002f050   0x0000000c   Code   RO         5044    i.suble_battery_init  suble_battery.o
    0x0002f05c   0x0002f05c   0x000000b0   Code   RO         5045    i.suble_battery_sample_start  suble_battery.o
    0x0002f10c   0x0002f10c   0x000000b0   Code   RO         4664    i.suble_buzzer_start  suble_gpio.o
    0x0002f1bc   0x0002f1bc   0x0000000a   Code   RO         4665    i.suble_buzzer_stop  suble_gpio.o
    0x0002f1c6   0x0002f1c6   0x00000002   PAD
    0x0002f1c8   0x0002f1c8   0x0000011c   Code   RO         5074    i.suble_buzzer_timeout_handler  suble_music.o
    0x0002f2e4   0x0002f2e4   0x00000048   Code   RO         2228    i.suble_connect_result_handler  tuya_ble_master.o
    0x0002f32c   0x0002f32c   0x0000000c   Code   RO         4581    i.suble_db_discovery_start  suble_svc.o
    0x0002f338   0x0002f338   0x00000008   Code   RO         4866    i.suble_delay_ms    suble_timer.o
    0x0002f340   0x0002f340   0x00000018   Code   RO         4344    i.suble_enter_critical  suble_common.o
    0x0002f358   0x0002f358   0x00000020   Code   RO         4345    i.suble_exit_critical  suble_common.o
    0x0002f378   0x0002f378   0x00000028   Code   RO         4832    i.suble_flash_erase  suble_flash.o
    0x0002f3a0   0x0002f3a0   0x0000002c   Code   RO         4834    i.suble_flash_read  suble_flash.o
    0x0002f3cc   0x0002f3cc   0x0000002c   Code   RO         4835    i.suble_flash_write  suble_flash.o
    0x0002f3f8   0x0002f3f8   0x0000000a   Code   RO         4494    i.suble_gap_conn_handler  suble_gap.o
    0x0002f402   0x0002f402   0x0000003e   Code   RO         4495    i.suble_gap_conn_param_update  suble_gap.o
    0x0002f440   0x0002f440   0x00000010   Code   RO         4496    i.suble_gap_connect  suble_gap.o
    0x0002f450   0x0002f450   0x0000000a   Code   RO         4497    i.suble_gap_disconn_handler  suble_gap.o
    0x0002f45a   0x0002f45a   0x0000000c   Code   RO         4498    i.suble_gap_disconnect  suble_gap.o
    0x0002f466   0x0002f466   0x00000002   PAD
    0x0002f468   0x0002f468   0x00000098   Code   RO         4499    i.suble_gap_disconnect_for_tuya_ble_sdk  suble_gap.o
    0x0002f500   0x0002f500   0x000000a8   Code   RO         4500    i.suble_gap_get_bt_mac  suble_gap.o
    0x0002f5a8   0x0002f5a8   0x000000fc   Code   RO         4501    i.suble_gap_init_bt_mac  suble_gap.o
    0x0002f6a4   0x0002f6a4   0x00000010   Code   RO         4502    i.suble_gap_master_conn_handler  suble_gap.o
    0x0002f6b4   0x0002f6b4   0x00000010   Code   RO         4503    i.suble_gap_master_connect_timeout_handler  suble_gap.o
    0x0002f6c4   0x0002f6c4   0x00000010   Code   RO         4504    i.suble_gap_master_disconn_handler  suble_gap.o
    0x0002f6d4   0x0002f6d4   0x0000002c   Code   RO         4505    i.suble_gap_set_bt_mac  suble_gap.o
    0x0002f700   0x0002f700   0x00000014   Code   RO         4870    i.suble_get_old_timestamp  suble_timer.o
    0x0002f714   0x0002f714   0x00000010   Code   RO         4871    i.suble_get_timestamp  suble_timer.o
    0x0002f724   0x0002f724   0x00000008   Code   RO         4666    i.suble_gpio_get_input  suble_gpio.o
    0x0002f72c   0x0002f72c   0x00000030   Code   RO         4667    i.suble_gpio_get_output  suble_gpio.o
    0x0002f75c   0x0002f75c   0x0000002c   Code   RO         4668    i.suble_gpio_init   suble_gpio.o
    0x0002f788   0x0002f788   0x0000000c   Code   RO         4669    i.suble_gpio_init_input  suble_gpio.o
    0x0002f794   0x0002f794   0x00000038   Code   RO         4670    i.suble_gpio_init_output  suble_gpio.o
    0x0002f7cc   0x0002f7cc   0x00000094   Code   RO         4671    i.suble_gpio_int_config  suble_gpio.o
    0x0002f860   0x0002f860   0x00000040   Code   RO         4672    i.suble_gpio_irq_handler  suble_gpio.o
    0x0002f8a0   0x0002f8a0   0x0000001c   Code   RO         4673    i.suble_gpio_irq_init  suble_gpio.o
    0x0002f8bc   0x0002f8bc   0x0000000a   Code   RO         4674    i.suble_gpio_led_off  suble_gpio.o
    0x0002f8c6   0x0002f8c6   0x00000008   Code   RO         4676    i.suble_gpio_led_reverse  suble_gpio.o
    0x0002f8ce   0x0002f8ce   0x00000002   PAD
    0x0002f8d0   0x0002f8d0   0x000000dc   Code   RO         4989    i.suble_gpio_open_with_common_pwd  suble_key.o
    0x0002f9ac   0x0002f9ac   0x000000dc   Code   RO         4990    i.suble_gpio_open_with_tmp_pwd  suble_key.o
    0x0002fa88   0x0002fa88   0x0000001a   Code   RO         4677    i.suble_gpio_reverse  suble_gpio.o
    0x0002faa2   0x0002faa2   0x00000002   PAD
    0x0002faa4   0x0002faa4   0x0000001c   Code   RO         4678    i.suble_gpio_rled_blink  suble_gpio.o
    0x0002fac0   0x0002fac0   0x00000034   Code   RO         4682    i.suble_gpio_set    suble_gpio.o
    0x0002faf4   0x0002faf4   0x0000002c   Code   RO         4346    i.suble_init_func   suble_common.o
    0x0002fb20   0x0002fb20   0x00000084   Code   RO         4991    i.suble_key_clear_s_key_press_count  suble_key.o
    0x0002fba4   0x0002fba4   0x000000b0   Code   RO         4992    i.suble_key_state_handler  suble_key.o
    0x0002fc54   0x0002fc54   0x000000f4   Code   RO         4993    i.suble_key_timeout_handler  suble_key.o
    0x0002fd48   0x0002fd48   0x00000018   Code   RO         4872    i.suble_local_timer_start  suble_timer.o
    0x0002fd60   0x0002fd60   0x00000008   Code   RO         4349    i.suble_log_hexdump_for_tuya_ble_sdk  suble_common.o
    0x0002fd68   0x0002fd68   0x0000000c   Code   RO         4350    i.suble_log_init    suble_common.o
    0x0002fd74   0x0002fd74   0x0000000c   Code   RO         4351    i.suble_mainloop    suble_common.o
    0x0002fd80   0x0002fd80   0x00000050   Code   RO         2229    i.suble_master_evt_handler  tuya_ble_master.o
    0x0002fdd0   0x0002fdd0   0x00000010   Code   RO         4424    i.suble_scan_evt_handler  suble_adv_scan.o
    0x0002fde0   0x0002fde0   0x00000028   Code   RO         2230    i.suble_scan_result_handler  tuya_ble_master.o
    0x0002fe08   0x0002fe08   0x00000024   Code   RO         4427    i.suble_scan_start  suble_adv_scan.o
    0x0002fe2c   0x0002fe2c   0x00000018   Code   RO         4428    i.suble_scan_stop   suble_adv_scan.o
    0x0002fe44   0x0002fe44   0x00000010   Code   RO         4429    i.suble_scan_timeout_handler  suble_adv_scan.o
    0x0002fe54   0x0002fe54   0x00000010   Code   RO         4582    i.suble_svc_c_discovery_complete  suble_svc.o
    0x0002fe64   0x0002fe64   0x00000010   Code   RO         4585    i.suble_svc_c_receive_data_from_slave  suble_svc.o
    0x0002fe74   0x0002fe74   0x00000028   Code   RO         4586    i.suble_svc_c_send_data  suble_svc.o
    0x0002fe9c   0x0002fe9c   0x000000cc   Code   RO         4588    i.suble_svc_notify  suble_svc.o
    0x0002ff68   0x0002ff68   0x00000030   Code   RO         4589    i.suble_svc_notify_handler  suble_svc.o
    0x0002ff98   0x0002ff98   0x0000000c   Code   RO         4590    i.suble_svc_receive_data  suble_svc.o
    0x0002ffa4   0x0002ffa4   0x0000002a   Code   RO         2231    i.suble_svc_result_handler  tuya_ble_master.o
    0x0002ffce   0x0002ffce   0x00000002   PAD
    0x0002ffd0   0x0002ffd0   0x0000001c   Code   RO         4591    i.suble_svc_send_data_complete  suble_svc.o
    0x0002ffec   0x0002ffec   0x0000000a   Code   RO         4352    i.suble_system_reset  suble_common.o
    0x0002fff6   0x0002fff6   0x00000002   Code   RO         5229    i.suble_test_func   suble_test.o
    0x0002fff8   0x0002fff8   0x00000010   Code   RO         8126    i.suble_timer0_handler  appm_task.o
    0x00030008   0x00030008   0x00000010   Code   RO         8127    i.suble_timer100_handler  appm_task.o
    0x00030018   0x00030018   0x00000010   Code   RO         8128    i.suble_timer101_handler  appm_task.o
    0x00030028   0x00030028   0x00000010   Code   RO         8129    i.suble_timer102_handler  appm_task.o
    0x00030038   0x00030038   0x00000010   Code   RO         8130    i.suble_timer103_handler  appm_task.o
    0x00030048   0x00030048   0x00000010   Code   RO         8131    i.suble_timer104_handler  appm_task.o
    0x00030058   0x00030058   0x00000010   Code   RO         8132    i.suble_timer105_handler  appm_task.o
    0x00030068   0x00030068   0x0000000e   Code   RO         8133    i.suble_timer106_handler  appm_task.o
    0x00030076   0x00030076   0x00000002   PAD
    0x00030078   0x00030078   0x00000010   Code   RO         8134    i.suble_timer107_handler  appm_task.o
    0x00030088   0x00030088   0x00000010   Code   RO         8135    i.suble_timer108_handler  appm_task.o
    0x00030098   0x00030098   0x00000010   Code   RO         8136    i.suble_timer109_handler  appm_task.o
    0x000300a8   0x000300a8   0x0000000e   Code   RO         8137    i.suble_timer10_handler  appm_task.o
    0x000300b6   0x000300b6   0x00000002   PAD
    0x000300b8   0x000300b8   0x00000010   Code   RO         8138    i.suble_timer11_handler  appm_task.o
    0x000300c8   0x000300c8   0x00000010   Code   RO         8139    i.suble_timer12_handler  appm_task.o
    0x000300d8   0x000300d8   0x00000010   Code   RO         8140    i.suble_timer13_handler  appm_task.o
    0x000300e8   0x000300e8   0x00000010   Code   RO         8141    i.suble_timer14_handler  appm_task.o
    0x000300f8   0x000300f8   0x00000010   Code   RO         8142    i.suble_timer15_handler  appm_task.o
    0x00030108   0x00030108   0x00000010   Code   RO         8143    i.suble_timer16_handler  appm_task.o
    0x00030118   0x00030118   0x00000010   Code   RO         8144    i.suble_timer17_handler  appm_task.o
    0x00030128   0x00030128   0x00000010   Code   RO         8145    i.suble_timer18_handler  appm_task.o
    0x00030138   0x00030138   0x00000010   Code   RO         8146    i.suble_timer19_handler  appm_task.o
    0x00030148   0x00030148   0x00000010   Code   RO         8147    i.suble_timer1_handler  appm_task.o
    0x00030158   0x00030158   0x00000010   Code   RO         8148    i.suble_timer200_handler  appm_task.o
    0x00030168   0x00030168   0x00000010   Code   RO         8149    i.suble_timer2_handler  appm_task.o
    0x00030178   0x00030178   0x00000010   Code   RO         8150    i.suble_timer3_handler  appm_task.o
    0x00030188   0x00030188   0x00000010   Code   RO         8151    i.suble_timer4_handler  appm_task.o
    0x00030198   0x00030198   0x00000010   Code   RO         8152    i.suble_timer5_handler  appm_task.o
    0x000301a8   0x000301a8   0x00000010   Code   RO         8153    i.suble_timer6_handler  appm_task.o
    0x000301b8   0x000301b8   0x00000010   Code   RO         8154    i.suble_timer7_handler  appm_task.o
    0x000301c8   0x000301c8   0x00000010   Code   RO         8155    i.suble_timer8_handler  appm_task.o
    0x000301d8   0x000301d8   0x00000010   Code   RO         8156    i.suble_timer9_handler  appm_task.o
    0x000301e8   0x000301e8   0x00000064   Code   RO         4873    i.suble_timer_continue  suble_timer.o
    0x0003024c   0x0003024c   0x00000044   Code   RO         4874    i.suble_timer_create  suble_timer.o
    0x00030290   0x00030290   0x00000090   Code   RO         4876    i.suble_timer_handler  suble_timer.o
    0x00030320   0x00030320   0x000000ac   Code   RO         4879    i.suble_timer_start  suble_timer.o
    0x000303cc   0x000303cc   0x0000004c   Code   RO         4880    i.suble_timer_start_0  suble_timer.o
    0x00030418   0x00030418   0x0000000c   Code   RO         4881    i.suble_timer_stop  suble_timer.o
    0x00030424   0x00030424   0x0000003c   Code   RO         4882    i.suble_timer_stop_0  suble_timer.o
    0x00030460   0x00030460   0x00000018   Code   RO         4792    i.suble_uart1_init  suble_uart.o
    0x00030478   0x00030478   0x00000008   Code   RO         4793    i.suble_uart1_send  suble_uart.o
    0x00030480   0x00030480   0x00000018   Code   RO         4794    i.suble_uart2_init  suble_uart.o
    0x00030498   0x00030498   0x00000010   Code   RO         4883    i.suble_update_timestamp  suble_timer.o
    0x000304a8   0x000304a8   0x0000001a   Code   RO         5131    i.suble_util_check_sum8  suble_util.o
    0x000304c2   0x000304c2   0x00000002   PAD
    0x000304c4   0x000304c4   0x0000003c   Code   RO         5132    i.suble_util_crc16  suble_util.o
    0x00030500   0x00030500   0x0000003c   Code   RO         5133    i.suble_util_crc32  suble_util.o
    0x0003053c   0x0003053c   0x00000024   Code   RO         5134    i.suble_util_numarray2int  suble_util.o
    0x00030560   0x00030560   0x0000001e   Code   RO         5135    i.suble_util_reverse_byte  suble_util.o
    0x0003057e   0x0003057e   0x00000042   Code   RO         5136    i.suble_util_shell_sort  suble_util.o
    0x000305c0   0x000305c0   0x00000098   Code   RO         5138    i.suble_util_str_hexchar2int  suble_util.o
    0x00030658   0x00030658   0x00000032   Code   RO         5139    i.suble_util_str_hexstr2hexarray  suble_util.o
    0x0003068a   0x0003068a   0x00000032   Code   RO         5142    i.suble_util_str_intstr2int  suble_util.o
    0x000306bc   0x000306bc   0x0000006c   Code   RO         6493    i.switch_clk        icu.o
    0x00030728   0x00030728   0x0000003a   Code   RO         3253    i.sys_settings_crc_ok  tuya_ble_storage.o
    0x00030762   0x00030762   0x00000002   PAD
    0x00030764   0x00030764   0x0000001c   Code   RO         6494    i.system_sleep_init  icu.o
    0x00030780   0x00030780   0x00000138   Code   RO          432    i.temp_pw_creat_handler  lock_dp_parser.o
    0x000308b8   0x000308b8   0x0000011c   Code   RO          433    i.temp_pw_delete_handler  lock_dp_parser.o
    0x000309d4   0x000309d4   0x0000011c   Code   RO          434    i.temp_pw_modify_handler  lock_dp_parser.o
    0x00030af0   0x00030af0   0x00000002   Code   RO         6677    i.timer_init        timer.o
    0x00030af2   0x00030af2   0x00000002   PAD
    0x00030af4   0x00030af4   0x000000d8   Code   RO         4994    i.tmp_key_handler   suble_key.o
    0x00030bcc   0x00030bcc   0x0000002e   Code   RO         1714    i.to_byte_str       fpe_str.o
    0x00030bfa   0x00030bfa   0x00000048   Code   RO         1715    i.to_byte_str_with_bignum  fpe_str.o
    0x00030c42   0x00030c42   0x0000000a   Code   RO         3668    i.trsmitr_init      tuya_ble_mutli_tsf_protocol.o
    0x00030c4c   0x00030c4c   0x0000010c   Code   RO         3669    i.trsmitr_recv_pkg_decode  tuya_ble_mutli_tsf_protocol.o
    0x00030d58   0x00030d58   0x000000fc   Code   RO         3670    i.trsmitr_send_pkg_encode  tuya_ble_mutli_tsf_protocol.o
    0x00030e54   0x00030e54   0x00000044   Code   RO         3952    i.tuya_ble_Add_Pkcs  tuya_ble_secure.o
    0x00030e98   0x00030e98   0x00000114   Code   RO         3026    i.tuya_ble_adv_change  tuya_ble_main.o
    0x00030fac   0x00030fac   0x00000110   Code   RO         3027    i.tuya_ble_adv_change_with_connecting_request  tuya_ble_main.o
    0x000310bc   0x000310bc   0x00000042   Code   RO         1936    i.tuya_ble_aes128_cbc_decrypt  tuya_ble_port_bk3431q.o
    0x000310fe   0x000310fe   0x00000042   Code   RO         1937    i.tuya_ble_aes128_cbc_encrypt  tuya_ble_port_bk3431q.o
    0x00031140   0x00031140   0x0000004c   Code   RO         1939    i.tuya_ble_aes128_ecb_encrypt  tuya_ble_port_bk3431q.o
    0x0003118c   0x0003118c   0x0000001c   Code   RO         2232    i.tuya_ble_air_recv_packet_free  tuya_ble_master.o
    0x000311a8   0x000311a8   0x0000001c   Code   RO         3362    i.tuya_ble_air_recv_packet_free  tuya_ble_data_handler.o
    0x000311c4   0x000311c4   0x000000d4   Code   RO         1777    i.tuya_ble_app_data_process  tuya_ble_app_demo.o
    0x00031298   0x00031298   0x00000010   Code   RO         1778    i.tuya_ble_app_evt_send  tuya_ble_app_demo.o
    0x000312a8   0x000312a8   0x000000a0   Code   RO         1779    i.tuya_ble_app_evt_send_with_data  tuya_ble_app_demo.o
    0x00031348   0x00031348   0x00000120   Code   RO         1780    i.tuya_ble_app_init  tuya_ble_app_demo.o
    0x00031468   0x00031468   0x0000000c   Code   RO         1781    i.tuya_ble_app_master_evt_register  tuya_ble_app_demo.o
    0x00031474   0x00031474   0x00000012   Code   RO         3869    i.tuya_ble_app_production_test_process  tuya_ble_app_production_test.o
    0x00031486   0x00031486   0x00000020   Code   RO         2829    i.tuya_ble_buffer_value_is_all_x  tuya_ble_utils.o
    0x000314a6   0x000314a6   0x00000002   PAD
    0x000314a8   0x000314a8   0x00000030   Code   RO         2361    i.tuya_ble_callback_queue_register  tuya_ble_api.o
    0x000314d8   0x000314d8   0x00000020   Code   RO         3028    i.tuya_ble_cb_event_send  tuya_ble_main.o
    0x000314f8   0x000314f8   0x00000018   Code   RO         2832    i.tuya_ble_check_sum  tuya_ble_utils.o
    0x00031510   0x00031510   0x000001cc   Code   RO         3363    i.tuya_ble_commData_send  tuya_ble_data_handler.o
    0x000316dc   0x000316dc   0x00000174   Code   RO         3364    i.tuya_ble_commonData_rx_proc  tuya_ble_data_handler.o
    0x00031850   0x00031850   0x00000004   Code   RO         1940    i.tuya_ble_common_uart_init  tuya_ble_port_bk3431q.o
    0x00031854   0x00031854   0x0000000a   Code   RO         1941    i.tuya_ble_common_uart_send_data  tuya_ble_port_bk3431q.o
    0x0003185e   0x0003185e   0x00000056   Code   RO         2364    i.tuya_ble_common_uart_send_full_instruction_received  tuya_ble_api.o
    0x000318b4   0x000318b4   0x00000010   Code   RO         2365    i.tuya_ble_connect_monitor_timer_start  tuya_ble_api.o
    0x000318c4   0x000318c4   0x00000010   Code   RO         2366    i.tuya_ble_connect_monitor_timer_stop  tuya_ble_api.o
    0x000318d4   0x000318d4   0x0000000c   Code   RO         3029    i.tuya_ble_connect_status_get  tuya_ble_main.o
    0x000318e0   0x000318e0   0x00000018   Code   RO         3030    i.tuya_ble_connect_status_set  tuya_ble_main.o
    0x000318f8   0x000318f8   0x00000016   Code   RO         2367    i.tuya_ble_connected_handler  tuya_ble_api.o
    0x0003190e   0x0003190e   0x00000002   PAD
    0x00031910   0x00031910   0x0000003c   Code   RO         2833    i.tuya_ble_crc16_compute  tuya_ble_utils.o
    0x0003194c   0x0003194c   0x0000003c   Code   RO         2834    i.tuya_ble_crc32_compute  tuya_ble_utils.o
    0x00031988   0x00031988   0x00000002   Code   RO         1921    i.tuya_ble_custom_app_uart_common_process  tuya_ble_app_uart_module_handler.o
    0x0003198a   0x0003198a   0x00000002   PAD
    0x0003198c   0x0003198c   0x00000030   Code   RO         3031    i.tuya_ble_custom_event_send  tuya_ble_main.o
    0x000319bc   0x000319bc   0x0000005c   Code   RO         2368    i.tuya_ble_data_passthrough  tuya_ble_api.o
    0x00031a18   0x00031a18   0x000000a0   Code   RO         3953    i.tuya_ble_decryption  tuya_ble_secure.o
    0x00031ab8   0x00031ab8   0x00000036   Code   RO         3198    i.tuya_ble_dequeue  tuya_ble_queue.o
    0x00031aee   0x00031aee   0x00000008   Code   RO         1943    i.tuya_ble_device_enter_critical  tuya_ble_port_bk3431q.o
    0x00031af6   0x00031af6   0x00000008   Code   RO         1944    i.tuya_ble_device_exit_critical  tuya_ble_port_bk3431q.o
    0x00031afe   0x00031afe   0x0000001a   Code   RO         2369    i.tuya_ble_device_factory_reset  tuya_ble_api.o
    0x00031b18   0x00031b18   0x0000008a   Code   RO         2835    i.tuya_ble_device_id_16_to_20  tuya_ble_utils.o
    0x00031ba2   0x00031ba2   0x00000086   Code   RO         2836    i.tuya_ble_device_id_20_to_16  tuya_ble_utils.o
    0x00031c28   0x00031c28   0x00000056   Code   RO         3954    i.tuya_ble_device_id_encrypt  tuya_ble_secure.o
    0x00031c7e   0x00031c7e   0x0000000a   Code   RO         1945    i.tuya_ble_device_reset  tuya_ble_port_bk3431q.o
    0x00031c88   0x00031c88   0x0000002c   Code   RO         3365    i.tuya_ble_device_unbond  tuya_ble_data_handler.o
    0x00031cb4   0x00031cb4   0x00000016   Code   RO         2374    i.tuya_ble_disconnected_handler  tuya_ble_api.o
    0x00031cca   0x00031cca   0x0000007a   Code   RO         2375    i.tuya_ble_dp_data_report  tuya_ble_api.o
    0x00031d44   0x00031d44   0x0000007c   Code   RO         2377    i.tuya_ble_dp_data_with_time_report  tuya_ble_api.o
    0x00031dc0   0x00031dc0   0x00000082   Code   RO         3955    i.tuya_ble_encrypt_old_with_key  tuya_ble_secure.o
    0x00031e42   0x00031e42   0x0000006c   Code   RO         3956    i.tuya_ble_encryption  tuya_ble_secure.o
    0x00031eae   0x00031eae   0x00000034   Code   RO         3199    i.tuya_ble_enqueue  tuya_ble_queue.o
    0x00031ee2   0x00031ee2   0x00000002   PAD
    0x00031ee4   0x00031ee4   0x00000020   Code   RO         3032    i.tuya_ble_event_init  tuya_ble_main.o
    0x00031f04   0x00031f04   0x000000a2   Code   RO         3957    i.tuya_ble_event_process  tuya_ble_secure.o
    0x00031fa6   0x00031fa6   0x00000002   PAD
    0x00031fa8   0x00031fa8   0x00000014   Code   RO         3142    i.tuya_ble_event_queue_init  tuya_ble_event.o
    0x00031fbc   0x00031fbc   0x0000000e   Code   RO         3033    i.tuya_ble_event_send  tuya_ble_main.o
    0x00031fca   0x00031fca   0x00000002   PAD
    0x00031fcc   0x00031fcc   0x000001b4   Code   RO         3366    i.tuya_ble_evt_process  tuya_ble_data_handler.o
    0x00032180   0x00032180   0x0000000e   Code   RO         3113    i.tuya_ble_free     tuya_ble_mem.o
    0x0003218e   0x0003218e   0x0000000c   Code   RO         1946    i.tuya_ble_gap_addr_get  tuya_ble_port_bk3431q.o
    0x0003219a   0x0003219a   0x0000000a   Code   RO         1947    i.tuya_ble_gap_addr_set  tuya_ble_port_bk3431q.o
    0x000321a4   0x000321a4   0x00000028   Code   RO         1948    i.tuya_ble_gap_advertising_adv_data_update  tuya_ble_port_bk3431q.o
    0x000321cc   0x000321cc   0x00000028   Code   RO         1949    i.tuya_ble_gap_advertising_scan_rsp_data_update  tuya_ble_port_bk3431q.o
    0x000321f4   0x000321f4   0x0000000a   Code   RO         1950    i.tuya_ble_gap_disconnect  tuya_ble_port_bk3431q.o
    0x000321fe   0x000321fe   0x0000002e   Code   RO         2378    i.tuya_ble_gatt_receive_data  tuya_ble_api.o
    0x0003222c   0x0003222c   0x0000000a   Code   RO         1951    i.tuya_ble_gatt_send_data  tuya_ble_port_bk3431q.o
    0x00032236   0x00032236   0x00000002   PAD
    0x00032238   0x00032238   0x00000058   Code   RO         3619    i.tuya_ble_gatt_send_data_enqueue  tuya_ble_gatt_send_queue.o
    0x00032290   0x00032290   0x0000007c   Code   RO         3620    i.tuya_ble_gatt_send_data_handle  tuya_ble_gatt_send_queue.o
    0x0003230c   0x0003230c   0x00000028   Code   RO         3621    i.tuya_ble_gatt_send_queue_free  tuya_ble_gatt_send_queue.o
    0x00032334   0x00032334   0x00000020   Code   RO         3622    i.tuya_ble_gatt_send_queue_init  tuya_ble_gatt_send_queue.o
    0x00032354   0x00032354   0x00000010   Code   RO         3034    i.tuya_ble_get_adv_connect_request_bit_status  tuya_ble_main.o
    0x00032364   0x00032364   0x00000004   Code   RO         3200    i.tuya_ble_get_queue_used  tuya_ble_queue.o
    0x00032368   0x00032368   0x00000002   Code   RO         3496    i.tuya_ble_handle_anomaly_unbound_response_evt  tuya_ble_event_handler.o
    0x0003236a   0x0003236a   0x0000001e   Code   RO         3497    i.tuya_ble_handle_ble_cmd_evt  tuya_ble_event_handler.o
    0x00032388   0x00032388   0x00000008   Code   RO         3498    i.tuya_ble_handle_ble_data_evt  tuya_ble_event_handler.o
    0x00032390   0x00032390   0x00000068   Code   RO         3499    i.tuya_ble_handle_connect_change_evt  tuya_ble_event_handler.o
    0x000323f8   0x000323f8   0x00000022   Code   RO         3500    i.tuya_ble_handle_connecting_request_evt  tuya_ble_event_handler.o
    0x0003241a   0x0003241a   0x00000002   PAD
    0x0003241c   0x0003241c   0x0000003c   Code   RO         3501    i.tuya_ble_handle_data_passthrough_evt  tuya_ble_event_handler.o
    0x00032458   0x00032458   0x00000040   Code   RO         3502    i.tuya_ble_handle_data_prod_test_response_evt  tuya_ble_event_handler.o
    0x00032498   0x00032498   0x000000e8   Code   RO         3367    i.tuya_ble_handle_dev_info_req  tuya_ble_data_handler.o
    0x00032580   0x00032580   0x00000038   Code   RO         3503    i.tuya_ble_handle_device_info_update_evt  tuya_ble_event_handler.o
    0x000325b8   0x000325b8   0x00000064   Code   RO         3368    i.tuya_ble_handle_device_reset_req  tuya_ble_data_handler.o
    0x0003261c   0x0003261c   0x00000002   Code   RO         3504    i.tuya_ble_handle_device_reset_response_evt  tuya_ble_event_handler.o
    0x0003261e   0x0003261e   0x00000002   PAD
    0x00032620   0x00032620   0x00000030   Code   RO         3505    i.tuya_ble_handle_dp_data_reported_evt  tuya_ble_event_handler.o
    0x00032650   0x00032650   0x00000074   Code   RO         3506    i.tuya_ble_handle_dp_data_with_time_reported_evt  tuya_ble_event_handler.o
    0x000326c4   0x000326c4   0x0000006c   Code   RO         3507    i.tuya_ble_handle_dp_data_with_time_string_reported_evt  tuya_ble_event_handler.o
    0x00032730   0x00032730   0x00000072   Code   RO         3369    i.tuya_ble_handle_dp_query_req  tuya_ble_data_handler.o
    0x000327a2   0x000327a2   0x000000a6   Code   RO         3370    i.tuya_ble_handle_dp_write_req  tuya_ble_data_handler.o
    0x00032848   0x00032848   0x0000002c   Code   RO         3508    i.tuya_ble_handle_factory_reset_evt  tuya_ble_event_handler.o
    0x00032874   0x00032874   0x00000082   Code   RO         3371    i.tuya_ble_handle_net_config_info_req  tuya_ble_data_handler.o
    0x000328f6   0x000328f6   0x0000002c   Code   RO         3509    i.tuya_ble_handle_net_config_response_evt  tuya_ble_event_handler.o
    0x00032922   0x00032922   0x00000088   Code   RO         3372    i.tuya_ble_handle_ota_req  tuya_ble_data_handler.o
    0x000329aa   0x000329aa   0x0000004c   Code   RO         3510    i.tuya_ble_handle_ota_response_evt  tuya_ble_event_handler.o
    0x000329f6   0x000329f6   0x00000002   PAD
    0x000329f8   0x000329f8   0x00000120   Code   RO         3373    i.tuya_ble_handle_pair_req  tuya_ble_data_handler.o
    0x00032b18   0x00032b18   0x00000034   Code   RO         3511    i.tuya_ble_handle_time_request_evt  tuya_ble_event_handler.o
    0x00032b4c   0x00032b4c   0x00000054   Code   RO         3512    i.tuya_ble_handle_uart_cmd_evt  tuya_ble_event_handler.o
    0x00032ba0   0x00032ba0   0x00000002   Code   RO         3513    i.tuya_ble_handle_unbound_response_evt  tuya_ble_event_handler.o
    0x00032ba2   0x00032ba2   0x00000002   PAD
    0x00032ba4   0x00032ba4   0x00000080   Code   RO         3374    i.tuya_ble_handle_unix_time_char_ms_resp  tuya_ble_data_handler.o
    0x00032c24   0x00032c24   0x0000008c   Code   RO         3375    i.tuya_ble_handle_unix_time_date_resp  tuya_ble_data_handler.o
    0x00032cb0   0x00032cb0   0x0000002a   Code   RO         3035    i.tuya_ble_inter_event_response  tuya_ble_main.o
    0x00032cda   0x00032cda   0x00000002   PAD
    0x00032cdc   0x00032cdc   0x0000000c   Code   RO         3871    i.tuya_ble_internal_production_test_with_ble_flag_clear  tuya_ble_app_production_test.o
    0x00032ce8   0x00032ce8   0x0000000c   Code   RO         2842    i.tuya_ble_is_word_aligned_tuya  tuya_ble_utils.o
    0x00032cf4   0x00032cf4   0x00000180   Code   RO         2233    i.tuya_ble_key_generate  tuya_ble_master.o
    0x00032e74   0x00032e74   0x00000168   Code   RO         3958    i.tuya_ble_key_generate  tuya_ble_secure.o
    0x00032fdc   0x00032fdc   0x00000008   Code   RO         3036    i.tuya_ble_main_tasks_exec  tuya_ble_main.o
    0x00032fe4   0x00032fe4   0x00000016   Code   RO         3115    i.tuya_ble_malloc   tuya_ble_mem.o
    0x00032ffa   0x00032ffa   0x00000002   PAD
    0x00032ffc   0x00032ffc   0x00000358   Code   RO         2234    i.tuya_ble_master_commData_send  tuya_ble_master.o
    0x00033354   0x00033354   0x000003c4   Code   RO         2235    i.tuya_ble_master_commonData_rx_proc  tuya_ble_master.o
    0x00033718   0x00033718   0x00000010   Code   RO         2236    i.tuya_ble_master_connect_monitor_timer_stop  tuya_ble_master.o
    0x00033728   0x00033728   0x00000268   Code   RO         2237    i.tuya_ble_master_data_passthrough_with_phone  tuya_ble_master.o
    0x00033990   0x00033990   0x000000a0   Code   RO         2238    i.tuya_ble_master_decryption  tuya_ble_master.o
    0x00033a30   0x00033a30   0x0000009c   Code   RO         2239    i.tuya_ble_master_encryption  tuya_ble_master.o
    0x00033acc   0x00033acc   0x00000070   Code   RO         2240    i.tuya_ble_master_info_init  tuya_ble_master.o
    0x00033b3c   0x00033b3c   0x000000a4   Code   RO         2241    i.tuya_ble_master_open_with_master  tuya_ble_master.o
    0x00033be0   0x00033be0   0x00000008   Code   RO         2128    i.tuya_ble_master_port_connect  tuya_ble_master_port.o
    0x00033be8   0x00033be8   0x00000008   Code   RO         2129    i.tuya_ble_master_port_db_discovery_start  tuya_ble_master_port.o
    0x00033bf0   0x00033bf0   0x00000008   Code   RO         2130    i.tuya_ble_master_port_delete_slave_info  tuya_ble_master_port.o
    0x00033bf8   0x00033bf8   0x00000018   Code   RO         2131    i.tuya_ble_master_port_disconnect  tuya_ble_master_port.o
    0x00033c10   0x00033c10   0x00000008   Code   RO         2132    i.tuya_ble_master_port_evt_register  tuya_ble_master_port.o
    0x00033c18   0x00033c18   0x00000008   Code   RO         2134    i.tuya_ble_master_port_nv_delete  tuya_ble_master_port.o
    0x00033c20   0x00033c20   0x00000008   Code   RO         2135    i.tuya_ble_master_port_nv_read  tuya_ble_master_port.o
    0x00033c28   0x00033c28   0x00000008   Code   RO         2136    i.tuya_ble_master_port_nv_write  tuya_ble_master_port.o
    0x00033c30   0x00033c30   0x00000068   Code   RO         2138    i.tuya_ble_master_port_scan_start  tuya_ble_master_port.o
    0x00033c98   0x00033c98   0x00000008   Code   RO         2139    i.tuya_ble_master_port_scan_stop  tuya_ble_master_port.o
    0x00033ca0   0x00033ca0   0x000001f8   Code   RO         2242    i.tuya_ble_master_receive_data_from_slave_decrypt  tuya_ble_master.o
    0x00033e98   0x00033e98   0x0000001c   Code   RO         2243    i.tuya_ble_master_reset_ble_sn  tuya_ble_master.o
    0x00033eb4   0x00033eb4   0x00000204   Code   RO         2244    i.tuya_ble_master_scan_finish_handler  tuya_ble_master.o
    0x000340b8   0x000340b8   0x00000034   Code   RO         2245    i.tuya_ble_master_scan_start  tuya_ble_master.o
    0x000340ec   0x000340ec   0x00000088   Code   RO         2246    i.tuya_ble_master_send_data  tuya_ble_master.o
    0x00034174   0x00034174   0x00000018   Code   RO         2247    i.tuya_ble_master_timer_conncet_monitor_callback  tuya_ble_master.o
    0x0003418c   0x0003418c   0x00000034   Code   RO         1954    i.tuya_ble_md5_crypt  tuya_ble_port_bk3431q.o
    0x000341c0   0x000341c0   0x00000010   Code   RO         3143    i.tuya_ble_message_send  tuya_ble_event.o
    0x000341d0   0x000341d0   0x0000007c   Code   RO         3319    i.tuya_ble_mytime_2_utc_sec  tuya_ble_unix_time.o
    0x0003424c   0x0003424c   0x00000014   Code   RO         1955    i.tuya_ble_nv_erase  tuya_ble_port_bk3431q.o
    0x00034260   0x00034260   0x00000004   Code   RO         1956    i.tuya_ble_nv_init  tuya_ble_port_bk3431q.o
    0x00034264   0x00034264   0x0000000a   Code   RO         1957    i.tuya_ble_nv_read  tuya_ble_port_bk3431q.o
    0x0003426e   0x0003426e   0x0000000a   Code   RO         1958    i.tuya_ble_nv_write  tuya_ble_port_bk3431q.o
    0x00034278   0x00034278   0x0000005c   Code   RO         2380    i.tuya_ble_ota_response  tuya_ble_api.o
    0x000342d4   0x000342d4   0x0000000c   Code   RO         3376    i.tuya_ble_ota_status_get  tuya_ble_data_handler.o
    0x000342e0   0x000342e0   0x0000001c   Code   RO         3378    i.tuya_ble_pair_rand_clear  tuya_ble_data_handler.o
    0x000342fc   0x000342fc   0x0000000c   Code   RO         3379    i.tuya_ble_pair_rand_valid_get  tuya_ble_data_handler.o
    0x00034308   0x00034308   0x0000001c   Code   RO         3201    i.tuya_ble_queue_decrease  tuya_ble_queue.o
    0x00034324   0x00034324   0x0000000a   Code   RO         3202    i.tuya_ble_queue_flush  tuya_ble_queue.o
    0x0003432e   0x0003432e   0x00000022   Code   RO         3203    i.tuya_ble_queue_get  tuya_ble_queue.o
    0x00034350   0x00034350   0x0000001e   Code   RO         3204    i.tuya_ble_queue_init  tuya_ble_queue.o
    0x0003436e   0x0003436e   0x0000003a   Code   RO         1959    i.tuya_ble_rand_generator  tuya_ble_port_bk3431q.o
    0x000343a8   0x000343a8   0x00000020   Code   RO         3959    i.tuya_ble_register_key_generate  tuya_ble_secure.o
    0x000343c8   0x000343c8   0x0000001c   Code   RO         3380    i.tuya_ble_reset_ble_sn  tuya_ble_data_handler.o
    0x000343e4   0x000343e4   0x00000004   Code   RO         1961    i.tuya_ble_rtc_set_timestamp  tuya_ble_port_bk3431q.o
    0x000343e8   0x000343e8   0x00000064   Code   RO         3144    i.tuya_ble_sched_event_put  tuya_ble_event.o
    0x0003444c   0x0003444c   0x0000002c   Code   RO         3145    i.tuya_ble_sched_init  tuya_ble_event.o
    0x00034478   0x00034478   0x000002c4   Code   RO         1782    i.tuya_ble_sdk_callback  tuya_ble_app_demo.o
    0x0003473c   0x0003473c   0x000000e4   Code   RO         2385    i.tuya_ble_sdk_init  tuya_ble_api.o
    0x00034820   0x00034820   0x0000000c   Code   RO         3381    i.tuya_ble_set_device_version  tuya_ble_data_handler.o
    0x0003482c   0x0003482c   0x0000001c   Code   RO         3382    i.tuya_ble_set_external_mcu_version  tuya_ble_data_handler.o
    0x00034848   0x00034848   0x00000060   Code   RO         3254    i.tuya_ble_storage_init  tuya_ble_storage.o
    0x000348a8   0x000348a8   0x0000017c   Code   RO         3255    i.tuya_ble_storage_load_settings  tuya_ble_storage.o
    0x00034a24   0x00034a24   0x0000005c   Code   RO         3257    i.tuya_ble_storage_save_auth_settings  tuya_ble_storage.o
    0x00034a80   0x00034a80   0x00000060   Code   RO         3258    i.tuya_ble_storage_save_sys_settings  tuya_ble_storage.o
    0x00034ae0   0x00034ae0   0x0000000a   Code   RO         1962    i.tuya_ble_timer_create  tuya_ble_port_bk3431q.o
    0x00034aea   0x00034aea   0x0000000a   Code   RO         1965    i.tuya_ble_timer_start  tuya_ble_port_bk3431q.o
    0x00034af4   0x00034af4   0x0000000a   Code   RO         1966    i.tuya_ble_timer_stop  tuya_ble_port_bk3431q.o
    0x00034afe   0x00034afe   0x00000002   PAD
    0x00034b00   0x00034b00   0x000000e4   Code   RO         3922    i.tuya_ble_uart_common_mcu_ota_data_from_ble_handler  tuya_ble_app_uart_common_handler.o
    0x00034be4   0x00034be4   0x000000b0   Code   RO         3923    i.tuya_ble_uart_common_mcu_ota_data_from_uart_handler  tuya_ble_app_uart_common_handler.o
    0x00034c94   0x00034c94   0x0000002c   Code   RO         3924    i.tuya_ble_uart_common_process  tuya_ble_app_uart_common_handler.o
    0x00034cc0   0x00034cc0   0x00000088   Code   RO         3320    i.tuya_ble_utc_sec_2_mytime  tuya_ble_unix_time.o
    0x00034d48   0x00034d48   0x00000078   Code   RO         2387    i.tuya_ble_vtimer_conncet_monitor_callback  tuya_ble_api.o
    0x00034dc0   0x00034dc0   0x00000044   Code   RO         3149    i.tuya_sched_execute  tuya_ble_event.o
    0x00034e04   0x00034e04   0x00000008   Code   RO         4796    i.uart1_rx_handler  suble_uart.o
    0x00034e0c   0x00034e0c   0x00000010   Code   RO         6767    i.uart2_cb_register  uart.o
    0x00034e1c   0x00034e1c   0x00000128   Code   RO         6768    i.uart2_init        uart.o
    0x00034f44   0x00034f44   0x00000080   Code   RO         6769    i.uart2_isr         uart.o
    0x00034fc4   0x00034fc4   0x00000044   Code   RO         6770    i.uart2_printf      uart.o
    0x00035008   0x00035008   0x00000028   Code   RO         6772    i.uart2_putchar     uart.o
    0x00035030   0x00035030   0x00000008   Code   RO         4797    i.uart2_rx_handler  suble_uart.o
    0x00035038   0x00035038   0x00000010   Code   RO         6776    i.uart_cb_register  uart.o
    0x00035048   0x00035048   0x00000030   Code   RO         6777    i.uart_clear_rxfifo  uart.o
    0x00035078   0x00035078   0x0000001c   Code   RO         6779    i.uart_finish_transfers  uart.o
    0x00035094   0x00035094   0x00000004   Code   RO         6780    i.uart_flow_off     uart.o
    0x00035098   0x00035098   0x00000002   Code   RO         6781    i.uart_flow_on      uart.o
    0x0003509a   0x0003509a   0x00000002   PAD
    0x0003509c   0x0003509c   0x00000128   Code   RO         6782    i.uart_init         uart.o
    0x000351c4   0x000351c4   0x000000ec   Code   RO         6783    i.uart_isr          uart.o
    0x000352b0   0x000352b0   0x00000044   Code   RO         6785    i.uart_printf       uart.o
    0x000352f4   0x000352f4   0x00000028   Code   RO         6787    i.uart_putchar      uart.o
    0x0003531c   0x0003531c   0x00000014   Code   RO         6788    i.uart_read         uart.o
    0x00035330   0x00035330   0x00000016   Code   RO         6790    i.uart_send         uart.o
    0x00035346   0x00035346   0x00000002   PAD
    0x00035348   0x00035348   0x00000014   Code   RO         6791    i.uart_send_byte    uart.o
    0x0003535c   0x0003535c   0x0000004c   Code   RO         6792    i.uart_write        uart.o
    0x000353a8   0x000353a8   0x0000006c   Code   RO         6293    i.udi_exchange_fdata_to_adjoining_next_sector  flash.o
    0x00035414   0x00035414   0x00000068   Code   RO         6294    i.udi_exchange_fdata_to_adjoining_previous_sector  flash.o
    0x0003547c   0x0003547c   0x00000034   Code   RO         5255    i.update_area_header  sf_nv.o
    0x000354b0   0x000354b0   0x0000003c   Code   RO         2980    i.vTuyaPortFree     tuya_ble_heap.o
    0x000354ec   0x000354ec   0x000001c8   Code   RO          708    i.verify_dynamic_pwd_token  lock_dynamic_pwd.o
    0x000356b4   0x000356b4   0x0000002c   Code   RO         6727    i.wdt_enable        wdt.o
    0x000356e0   0x000356e0   0x00000024   Code   RO         6728    i.wdt_feed          wdt.o
    0x00035704   0x00035704   0x00000048   Code   RO         8956    locale$$code        c_5.l(lc_ctype_c.o)
    0x0003574c   0x0003574c   0x00000048   Code   RO         8959    locale$$code        c_5.l(lc_numeric_c.o)
    0x00035794   0x00035794   0x00000154   Code   RO         8822    x$fpl$dadd          fz_5s.l(daddsub_clz.o)
    0x000358e8   0x000358e8   0x00000010   Code   RO         8828    x$fpl$dcheck1       fz_5s.l(dcheck1.o)
    0x000358f8   0x000358f8   0x0000001c   Code   RO         8973    x$fpl$dcmpinf       fz_5s.l(dcmpi.o)
    0x00035914   0x00035914   0x000002d0   Code   RO         8725    x$fpl$ddiv          fz_5s.l(ddiv.o)
    0x00035be4   0x00035be4   0x00000070   Code   RO         8728    x$fpl$dfix          fz_5s.l(dfix.o)
    0x00035c54   0x00035c54   0x00000070   Code   RO         8732    x$fpl$dfixu         fz_5s.l(dfixu.o)
    0x00035cc4   0x00035cc4   0x00000034   Code   RO         8737    x$fpl$dflt          fz_5s.l(dflt_clz.o)
    0x00035cf8   0x00035cf8   0x0000002c   Code   RO         8736    x$fpl$dfltu         fz_5s.l(dflt_clz.o)
    0x00035d24   0x00035d24   0x00000094   Code   RO         8913    x$fpl$dleqf         fz_5s.l(dleqf.o)
    0x00035db8   0x00035db8   0x00000178   Code   RO         8742    x$fpl$dmul          fz_5s.l(dmul.o)
    0x00035f30   0x00035f30   0x000000b8   Code   RO         8830    x$fpl$dnaninf       fz_5s.l(dnaninf.o)
    0x00035fe8   0x00035fe8   0x00000010   Code   RO         8832    x$fpl$dretinf       fz_5s.l(dretinf.o)
    0x00035ff8   0x00035ff8   0x0000008c   Code   RO         8834    x$fpl$drleqf        fz_5s.l(drleqf.o)
    0x00036084   0x00036084   0x00000018   Code   RO         8823    x$fpl$drsb          fz_5s.l(daddsub_clz.o)
    0x0003609c   0x0003609c   0x00000200   Code   RO         8915    x$fpl$dsqrt         fz_5s.l(dsqrt_noumaal.o)
    0x0003629c   0x0003629c   0x00000200   Code   RO         8824    x$fpl$dsub          fz_5s.l(daddsub_clz.o)
    0x0003649c   0x0003649c   0x00000054   Code   RO         8744    x$fpl$ffixu         fz_5s.l(ffixu.o)
    0x000364f0   0x000364f0   0x00000100   Code   RO         8748    x$fpl$fmul          fz_5s.l(fmul.o)
    0x000365f0   0x000365f0   0x000000a0   Code   RO         8836    x$fpl$fnaninf       fz_5s.l(fnaninf.o)
    0x00036690   0x00036690   0x00000010   Code   RO         8838    x$fpl$fretinf       fz_5s.l(fretinf.o)
    0x000366a0   0x000366a0   0x00000008   Code   RO         8975    x$fpl$ieeestatus    fz_5s.l(istatus.o)
    0x000366a8   0x000366a8   0x00000004   Code   RO         8840    x$fpl$printf1       fz_5s.l(printf1.o)
    0x000366ac   0x000366ac   0x00000004   Code   RO         8842    x$fpl$printf2       fz_5s.l(printf2.o)
    0x000366b0   0x000366b0   0x00000074   Code   RO         8917    x$fpl$retnan        fz_5s.l(retnan.o)
    0x00036724   0x00036724   0x00000068   Code   RO         8750    x$fpl$scalbn        fz_5s.l(scalbn.o)
    0x0003678c   0x0003678c   0x0000003c   Code   RO         8977    x$fpl$trapveneer    fz_5s.l(trapv.o)
    0x000367c8   0x000367c8   0x00000000   Code   RO         8848    x$fpl$usenofp       fz_5s.l(usenofp.o)
    0x000367c8   0x000367c8   0x00000018   Data   RO          361    .constdata          lock_hard.o
    0x000367e0   0x000367e0   0x000000a5   Data   RO          436    .constdata          lock_dp_parser.o
    0x00036885   0x00036885   0x00000018   Data   RO          497    .constdata          lock_dp_report.o
    0x0003689d   0x0003689d   0x00000042   Data   RO          585    .constdata          lock_timer.o
    0x000368df   0x000368df   0x0000002a   Data   RO          709    .constdata          lock_dynamic_pwd.o
    0x00036909   0x00036909   0x0000007e   Data   RO          745    .constdata          lock_offline_pwd.o
    0x00036987   0x00036987   0x0000000e   Data   RO          880    .constdata          app_flash.o
    0x00036995   0x00036995   0x00000083   Data   RO         1062    .constdata          app_ota.o
    0x00036a18   0x00036a18   0x00000061   Data   RO         1133    .constdata          app_active_report.o
    0x00036a79   0x00036a79   0x00000014   Data   RO         1173    .constdata          app_test.o
    0x00036a8d   0x00036a8d   0x00000061   Data   RO         1272    .constdata          app_port.o
    0x00036aee   0x00036aee   0x00000002   PAD
    0x00036af0   0x00036af0   0x00000010   Data   RO         1536    .constdata          sha1.o
    0x00036b00   0x00036b00   0x00000008   Data   RO         1628    .constdata          fpe_cipher.o
    0x00036b08   0x00036b08   0x00000010   Data   RO         1716    .constdata          fpe_str.o
    0x00036b18   0x00036b18   0x0000007a   Data   RO         1785    .constdata          tuya_ble_app_demo.o
    0x00036b92   0x00036b92   0x00000020   Data   RO         2140    .constdata          tuya_ble_master_port.o
    0x00036bb2   0x00036bb2   0x000000db   Data   RO         2249    .constdata          tuya_ble_master.o
    0x00036c8d   0x00036c8d   0x00000029   Data   RO         2389    .constdata          tuya_ble_api.o
    0x00036cb6   0x00036cb6   0x00000002   PAD
    0x00036cb8   0x00036cb8   0x00000004   Data   RO         2851    .constdata          tuya_ble_utils.o
    0x00036cbc   0x00036cbc   0x0000003a   Data   RO         3038    .constdata          tuya_ble_main.o
    0x00036cf6   0x00036cf6   0x0000000c   Data   RO         3322    .constdata          tuya_ble_unix_time.o
    0x00036d02   0x00036d02   0x00000002   PAD
    0x00036d04   0x00036d04   0x00002228   Data   RO         4016    .constdata          aes.o
    0x00038f2c   0x00038f2c   0x00000051   Data   RO         4506    .constdata          suble_gap.o
    0x00038f7d   0x00038f7d   0x00000011   Data   RO         4593    .constdata          suble_svc.o
    0x00038f8e   0x00038f8e   0x00000013   Data   RO         4683    .constdata          suble_gpio.o
    0x00038fa1   0x00038fa1   0x00000026   Data   RO         4885    .constdata          suble_timer.o
    0x00038fc7   0x00038fc7   0x000000a4   Data   RO         4996    .constdata          suble_key.o
    0x0003906b   0x0003906b   0x00000043   Data   RO         5047    .constdata          suble_battery.o
    0x000390ae   0x000390ae   0x00000012   Data   RO         5075    .constdata          suble_music.o
    0x000390c0   0x000390c0   0x00000010   Data   RO         5076    .constdata          suble_music.o
    0x000390d0   0x000390d0   0x00000020   Data   RO         5077    .constdata          suble_music.o
    0x000390f0   0x000390f0   0x0000000a   Data   RO         5078    .constdata          suble_music.o
    0x000390fa   0x000390fa   0x0000000a   Data   RO         5079    .constdata          suble_music.o
    0x00039104   0x00039104   0x00000004   Data   RO         5080    .constdata          suble_music.o
    0x00039108   0x00039108   0x00000010   Data   RO         5081    .constdata          suble_music.o
    0x00039118   0x00039118   0x0000000a   Data   RO         5082    .constdata          suble_music.o
    0x00039122   0x00039122   0x0000001c   Data   RO         5083    .constdata          suble_music.o
    0x0003913e   0x0003913e   0x00000002   Data   RO         5084    .constdata          suble_music.o
    0x00039140   0x00039140   0x00000006   Data   RO         5085    .constdata          suble_music.o
    0x00039146   0x00039146   0x00000002   Data   RO         5086    .constdata          suble_music.o
    0x00039148   0x00039148   0x0000002d   Data   RO         5087    .constdata          suble_music.o
    0x00039175   0x00039175   0x00000003   PAD
    0x00039178   0x00039178   0x00000004   Data   RO         5143    .constdata          suble_util.o
    0x0003917c   0x0003917c   0x00000033   Data   RO         5257    .constdata          sf_nv.o
    0x000391af   0x000391af   0x0000008c   Data   RO         5417    .constdata          elog.o
    0x0003923b   0x0003923b   0x00000023   Data   RO         5550    .constdata          elog_utils.o
    0x0003925e   0x0003925e   0x00000042   Data   RO         5642    .constdata          arch_main.o
    0x000392a0   0x000392a0   0x00000040   Data   RO         7632    .constdata          fff0s.o
    0x000392e0   0x000392e0   0x00000028   Data   RO         7692    .constdata          fff0s_task.o
    0x00039308   0x00039308   0x00000008   Data   RO         7693    .constdata          fff0s_task.o
    0x00039310   0x00039310   0x00000010   Data   RO         7739    .constdata          sdp_service.o
    0x00039320   0x00039320   0x00000048   Data   RO         7874    .constdata          sdp_service_task.o
    0x00039368   0x00039368   0x00000008   Data   RO         7875    .constdata          sdp_service_task.o
    0x00039370   0x00039370   0x00000020   Data   RO         7971    .constdata          app_fff0.o
    0x00039390   0x00039390   0x00000008   Data   RO         7972    .constdata          app_fff0.o
    0x00039398   0x00039398   0x0000002f   Data   RO         8039    .constdata          appm.o
    0x000393c7   0x000393c7   0x00000001   PAD
    0x000393c8   0x000393c8   0x00000188   Data   RO         8157    .constdata          appm_task.o
    0x00039550   0x00039550   0x00000008   Data   RO         8158    .constdata          appm_task.o
    0x00039558   0x00039558   0x0000010a   Data   RO         8159    .constdata          appm_task.o
    0x00039662   0x00039662   0x00000002   PAD
    0x00039664   0x00039664   0x00000056   Data   RO         8385    .constdata          appc.o
    0x000396ba   0x000396ba   0x00000002   PAD
    0x000396bc   0x000396bc   0x00000050   Data   RO         8444    .constdata          appc_task.o
    0x0003970c   0x0003970c   0x00000008   Data   RO         8445    .constdata          appc_task.o
    0x00039714   0x00039714   0x00000058   Data   RO         8446    .constdata          appc_task.o
    0x0003976c   0x0003976c   0x0000002d   Data   RO         8504    .constdata          slave_app.o
    0x00039799   0x00039799   0x0000017b   Data   RO         8545    .constdata          master_app.o
    0x00039914   0x00039914   0x00000028   Data   RO         8669    .constdata          c_5.l(_printf_hex_int_ll_ptr.o)
    0x0003993c   0x0003993c   0x00000011   Data   RO         8689    .constdata          c_5.l(__printf_flags_ss_wp.o)
    0x0003994d   0x0003994d   0x00000003   PAD
    0x00039950   0x00039950   0x00000088   Data   RO         8754    .constdata          m_5s.l(pow.o)
    0x000399d8   0x000399d8   0x00000008   Data   RO         8789    .constdata          c_5.l(_printf_wctomb.o)
    0x000399e0   0x000399e0   0x00000008   Data   RO         8867    .constdata          m_5s.l(qnan.o)
    0x000399e8   0x000399e8   0x00000026   Data   RO         8903    .constdata          c_5.l(_printf_fp_hex.o)
    0x00039a0e   0x00039a0e   0x00000002   PAD
    0x00039a10   0x00039a10   0x00000094   Data   RO         8931    .constdata          c_5.l(bigflt0.o)
    0x00039aa4   0x00039aa4   0x0000004a   Data   RO          586    .conststring        lock_timer.o
    0x00039aee   0x00039aee   0x00000002   PAD
    0x00039af0   0x00039af0   0x000000d5   Data   RO         1063    .conststring        app_ota.o
    0x00039bc5   0x00039bc5   0x00000003   PAD
    0x00039bc8   0x00039bc8   0x00000042   Data   RO         1134    .conststring        app_active_report.o
    0x00039c0a   0x00039c0a   0x00000002   PAD
    0x00039c0c   0x00039c0c   0x00000049   Data   RO         1786    .conststring        tuya_ble_app_demo.o
    0x00039c55   0x00039c55   0x00000003   PAD
    0x00039c58   0x00039c58   0x0000004c   Data   RO         2141    .conststring        tuya_ble_master_port.o
    0x00039ca4   0x00039ca4   0x0000012b   Data   RO         2250    .conststring        tuya_ble_master.o
    0x00039dcf   0x00039dcf   0x00000001   PAD
    0x00039dd0   0x00039dd0   0x00000043   Data   RO         2390    .conststring        tuya_ble_api.o
    0x00039e13   0x00039e13   0x00000001   PAD
    0x00039e14   0x00039e14   0x00000017   Data   RO         5418    .conststring        elog.o
    0x00039e2b   0x00039e2b   0x00000001   PAD
    0x00039e2c   0x00039e2c   0x000000b5   Data   RO         8160    .conststring        appm_task.o
    0x00039ee1   0x00039ee1   0x00000003   PAD
    0x00039ee4   0x00039ee4   0x00000020   Data   RO         9105    Region$$Table       anon$$obj.o
    0x00039f04   0x00039f04   0x00000110   Data   RO         8955    locale$$data        c_5.l(lc_ctype_c.o)
    0x0003a014   0x0003a014   0x0000001c   Data   RO         8958    locale$$data        c_5.l(lc_numeric_c.o)


    Execution Region RAM_DATA (Exec base: 0x00401000, Load base: 0x0003a030, Size: 0x000005d4, Max: 0xffffffff, ABSOLUTE, COMPRESSED[0x000001a0])

    Exec Addr    Load Addr    Size         Type   Attr      Idx    E Section Name        Object

    0x00401000   COMPRESSED   0x00000008   Data   RW          362    .data               lock_hard.o
    0x00401008   COMPRESSED   0x00000004   Data   RW          498    .data               lock_dp_report.o
    0x0040100c   COMPRESSED   0x00000002   Data   RW          587    .data               lock_timer.o
    0x0040100e   COMPRESSED   0x00000002   PAD
    0x00401010   COMPRESSED   0x00000008   Data   RW          746    .data               lock_offline_pwd.o
    0x00401018   COMPRESSED   0x0000000b   Data   RW          881    .data               app_flash.o
    0x00401023   COMPRESSED   0x00000006   Data   RW          882    .data               app_flash.o
    0x00401029   COMPRESSED   0x00000003   PAD
    0x0040102c   COMPRESSED   0x00000014   Data   RW         1064    .data               app_ota.o
    0x00401040   COMPRESSED   0x00000002   Data   RW         1135    .data               app_active_report.o
    0x00401042   COMPRESSED   0x00000004   Data   RW         1174    .data               app_test.o
    0x00401046   COMPRESSED   0x00000002   PAD
    0x00401048   COMPRESSED   0x00000074   Data   RW         1787    .data               tuya_ble_app_demo.o
    0x004010bc   COMPRESSED   0x00000004   Data   RW         2142    .data               tuya_ble_master_port.o
    0x004010c0   COMPRESSED   0x00000038   Data   RW         2251    .data               tuya_ble_master.o
    0x004010f8   COMPRESSED   0x00000010   Data   RW         2391    .data               tuya_ble_api.o
    0x00401108   COMPRESSED   0x00000018   Data   RW         2985    .data               tuya_ble_heap.o
    0x00401120   COMPRESSED   0x00000008   Data   RW         3039    .data               tuya_ble_main.o
    0x00401128   COMPRESSED   0x0000000c   Data   RW         3151    .data               tuya_ble_event.o
    0x00401134   COMPRESSED   0x00000034   Data   RW         3384    .data               tuya_ble_data_handler.o
    0x00401168   COMPRESSED   0x00000001   Data   RW         3624    .data               tuya_ble_gatt_send_queue.o
    0x00401169   COMPRESSED   0x00000001   Data   RW         3671    .data               tuya_ble_mutli_tsf_protocol.o
    0x0040116a   COMPRESSED   0x00000001   Data   RW         3876    .data               tuya_ble_app_production_test.o
    0x0040116b   COMPRESSED   0x00000001   Data   RW         3926    .data               tuya_ble_app_uart_common_handler.o
    0x0040116c   COMPRESSED   0x00000004   Data   RW         4017    .data               aes.o
    0x00401170   COMPRESSED   0x00000001   Data   RW         4353    .data               suble_common.o
    0x00401171   COMPRESSED   0x00000003   PAD
    0x00401174   COMPRESSED   0x00000008   Data   RW         4354    .data               suble_common.o
    0x0040117c   COMPRESSED   0x00000052   Data   RW         4430    .data               suble_adv_scan.o
    0x004011ce   COMPRESSED   0x00000013   Data   RW         4431    .data               suble_adv_scan.o
    0x004011e1   COMPRESSED   0x00000003   PAD
    0x004011e4   COMPRESSED   0x00000024   Data   RW         4507    .data               suble_gap.o
    0x00401208   COMPRESSED   0x00000010   Data   RW         4594    .data               suble_svc.o
    0x00401218   COMPRESSED   0x0000000a   Data   RW         4684    .data               suble_gpio.o
    0x00401222   COMPRESSED   0x00000002   PAD
    0x00401224   COMPRESSED   0x0000014c   Data   RW         4886    .data               suble_timer.o
    0x00401370   COMPRESSED   0x00000019   Data   RW         4997    .data               suble_key.o
    0x00401389   COMPRESSED   0x00000003   PAD
    0x0040138c   COMPRESSED   0x00000008   Data   RW         5048    .data               suble_battery.o
    0x00401394   COMPRESSED   0x00000024   Data   RW         5088    .data               suble_music.o
    0x004013b8   COMPRESSED   0x00000014   Data   RW         5089    .data               suble_music.o
    0x004013cc   COMPRESSED   0x00000014   Data   RW         5090    .data               suble_music.o
    0x004013e0   COMPRESSED   0x00000008   Data   RW         5091    .data               suble_music.o
    0x004013e8   COMPRESSED   0x00000020   Data   RW         5092    .data               suble_music.o
    0x00401408   COMPRESSED   0x00000014   Data   RW         5093    .data               suble_music.o
    0x0040141c   COMPRESSED   0x00000038   Data   RW         5094    .data               suble_music.o
    0x00401454   COMPRESSED   0x00000004   Data   RW         5095    .data               suble_music.o
    0x00401458   COMPRESSED   0x0000000c   Data   RW         5096    .data               suble_music.o
    0x00401464   COMPRESSED   0x00000004   Data   RW         5097    .data               suble_music.o
    0x00401468   COMPRESSED   0x00000090   Data   RW         5098    .data               suble_music.o
    0x004014f8   COMPRESSED   0x00000014   Data   RW         5258    .data               sf_nv.o
    0x0040150c   COMPRESSED   0x0000001c   Data   RW         5419    .data               elog.o
    0x00401528   COMPRESSED   0x0000000c   Data   RW         6296    .data               flash.o
    0x00401534   COMPRESSED   0x0000002c   Data   RW         6417    .data               gpio.o
    0x00401560   COMPRESSED   0x00000002   Data   RW         6495    .data               icu.o
    0x00401562   COMPRESSED   0x00000001   Data   RW         6729    .data               wdt.o
    0x00401563   COMPRESSED   0x00000001   PAD
    0x00401564   COMPRESSED   0x00000024   Data   RW         6795    .data               uart.o
    0x00401588   COMPRESSED   0x00000004   Data   RW         7333    .data               adc.o
    0x0040158c   COMPRESSED   0x00000038   Data   RW         7740    .data               sdp_service.o
    0x004015c4   COMPRESSED   0x00000002   Data   RW         7973    .data               app_fff0.o
    0x004015c6   COMPRESSED   0x00000001   Data   RW         8162    .data               appm_task.o
    0x004015c7   COMPRESSED   0x00000001   PAD
    0x004015c8   COMPRESSED   0x00000008   Data   RW         8387    .data               appc.o
    0x004015d0   COMPRESSED   0x00000002   Data   RW         8447    .data               appc_task.o


    Execution Region RAM_BSS (Exec base: 0x004015d4, Load base: 0x0003a1d0, Size: 0x00005764, Max: 0xffffffff, ABSOLUTE)

    Exec Addr    Load Addr    Size         Type   Attr      Idx    E Section Name        Object

    0x004015d4        -       0x00000206   Zero   RW          435    .bss                lock_dp_parser.o
    0x004017da   0x0003a1d0   0x00000002   PAD
    0x004017dc        -       0x0000012a   Zero   RW          496    .bss                lock_dp_report.o
    0x00401906   0x0003a1d0   0x00000002   PAD
    0x00401908        -       0x00000028   Zero   RW          584    .bss                lock_timer.o
    0x00401930        -       0x000001eb   Zero   RW          879    .bss                app_flash.o
    0x00401b1b        -       0x000000f0   Zero   RW         1061    .bss                app_ota.o
    0x00401c0b        -       0x00000200   Zero   RW         1172    .bss                app_test.o
    0x00401e0b   0x0003a1d0   0x00000001   PAD
    0x00401e0c        -       0x00000263   Zero   RW         2248    .bss                tuya_ble_master.o
    0x0040206f        -       0x00000600   Zero   RW         2984    .bss                tuya_ble_heap.o
    0x0040266f   0x0003a1d0   0x00000001   PAD
    0x00402670        -       0x0000023a   Zero   RW         3037    .bss                tuya_ble_main.o
    0x004028aa   0x0003a1d0   0x00000002   PAD
    0x004028ac        -       0x000003a0   Zero   RW         3150    .bss                tuya_ble_event.o
    0x00402c4c        -       0x00000064   Zero   RW         3383    .bss                tuya_ble_data_handler.o
    0x00402cb0        -       0x000000ac   Zero   RW         3623    .bss                tuya_ble_gatt_send_queue.o
    0x00402d5c        -       0x00000048   Zero   RW         3925    .bss                tuya_ble_app_uart_common_handler.o
    0x00402da4        -       0x00000090   Zero   RW         3960    .bss                tuya_ble_secure.o
    0x00402e34        -       0x00000c00   Zero   RW         4592    .bss                suble_svc.o
    0x00403a34        -       0x000000f8   Zero   RW         4884    .bss                suble_timer.o
    0x00403b2c        -       0x00000044   Zero   RW         4995    .bss                suble_key.o
    0x00403b70        -       0x00000050   Zero   RW         5046    .bss                suble_battery.o
    0x00403bc0        -       0x00000212   Zero   RW         5256    .bss                sf_nv.o
    0x00403dd2   0x0003a1d0   0x00000002   PAD
    0x00403dd4        -       0x00000800   Zero   RW         5372    .bss                sf_mem.o
    0x004045d4        -       0x00000250   Zero   RW         5416    .bss                elog.o
    0x00404824        -       0x00000010   Zero   RW         5641    .bss                arch_main.o
    0x00404834        -       0x00001778   Zero   RW         6099    .bss                rwip.o
    0x00405fac        -       0x0000000c   Zero   RW         6295    .bss                flash.o
    0x00405fb8        -       0x00000014   Zero   RW         6620    .bss                pwm.o
    0x00405fcc        -       0x00000928   Zero   RW         6793    .bss                uart.o
    0x004068f4        -       0x00000040   Zero   RW         7008    .bss                rf_xvr.o
    0x00406934        -       0x00000118   Zero   RW         7440    .bss                prf.o
    0x00406a4c        -       0x00000118   Zero   RW         7738    .bss                sdp_service.o
    0x00406b64        -       0x00000074   Zero   RW         8038    .bss                appm.o
    0x00406bd8        -       0x00000060   Zero   RW         8877    .bss                c_5.l(libspace.o)
    0x00406c38        -       0x00000100   Zero   RW         5824    Myheap              boot_handlers.o


    Execution Region RAM_STACK_UNUSED (Exec base: 0x0040b50c, Load base: 0x0003a1d0, Size: 0x00000020, Max: 0x00000020, ABSOLUTE)

    Exec Addr    Load Addr    Size         Type   Attr      Idx    E Section Name        Object

    0x0040b50c        -       0x00000020   Zero   RW            1    RAM_STACK_UNUSED.bss  anon$$obj.o


    Execution Region RAM_STACK_SVC (Exec base: 0x0040b52c, Load base: 0x0003a1d0, Size: 0x000004f0, Max: 0x000004f0, ABSOLUTE)

    Exec Addr    Load Addr    Size         Type   Attr      Idx    E Section Name        Object

    0x0040b52c        -       0x000004f0   Zero   RW            2    RAM_STACK_SVC.bss   anon$$obj.o


    Execution Region RAM_STACK_IRQ (Exec base: 0x0040ba1c, Load base: 0x0003a1d0, Size: 0x000002f0, Max: 0x000002f0, ABSOLUTE)

    Exec Addr    Load Addr    Size         Type   Attr      Idx    E Section Name        Object

    0x0040ba1c        -       0x000002f0   Zero   RW            3    RAM_STACK_IRQ.bss   anon$$obj.o


    Execution Region RAM_STACK_FIQ (Exec base: 0x0040bd0c, Load base: 0x0003a1d0, Size: 0x000002f0, Max: 0x000002f0, ABSOLUTE)

    Exec Addr    Load Addr    Size         Type   Attr      Idx    E Section Name        Object

    0x0040bd0c        -       0x000002f0   Zero   RW            4    RAM_STACK_FIQ.bss   anon$$obj.o


    Execution Region RAM_BSS_1 (Exec base: 0x00815700, Load base: 0x0003a1d0, Size: 0x00000000, Max: 0xffffffff, ABSOLUTE)

    **** No section assigned to this execution region ****


==============================================================================

Image component sizes


      Code (inc. data)   RO Data    RW Data    ZI Data      Debug   Object Name

       192         32          0          4          0       2160   adc.o
      2896         80       8744          4          0      20602   aes.o
       676        390        163          2          0       3207   app_active_report.o
        12          0          0          0          0        574   app_common.o
       144         18         40          2          0       5589   app_fff0.o
      1740        224         14         17        491      22161   app_flash.o
      3008       1300        344         20        240      11451   app_ota.o
      1134        452         97          0          0      20741   app_port.o
      1518        498         20          4        512       8774   app_test.o
       404        108         86          8          0       6165   appc.o
      1188        708        176          2          0       7724   appc_task.o
       668        214         47          0        116       8387   appm.o
      3334       1262        847          1          0      31745   appm_task.o
      1352        712         66          0         16      10531   arch_main.o
       512         80          0          0        256        448   boot_handlers.o
        92         32          0          0          0        396   boot_vectors.o
      1956        680        163         28        592      15836   elog.o
        84         40          0          0          0       7328   elog_port.o
       276        126         35          0          0       3109   elog_utils.o
        24          4          0          0          0        599   emi.o
       784         26          0          0          0       5576   ff1.o
       416         16         64          0          0       9379   fff0s.o
       530         22         48          0          0       7972   fff0s_task.o
      1734        204          0         12         12      15285   flash.o
       136          6          8          0          0       3306   fpe_cipher.o
       112          6          0          0          0       1614   fpe_decrypt.o
       174          0          0          0          0       4424   fpe_math.o
       546         10         16          0          0      10312   fpe_str.o
       288         36          0         44          0      11670   gpio.o
       162          0          0          0          0       2332   hmac-sha1.o
       284         50          0          2          0       3558   icu.o
       248         20          0          0          0     110110   intc.o
        32          0          0          0          0     113680   lock_common.o
      4532       2464        165          0        518      17292   lock_dp_parser.o
      1052        180         24          4        298      14850   lock_dp_report.o
       848        382         42          0          0       4890   lock_dynamic_pwd.o
      2552       1224         24          8          0       9910   lock_hard.o
      3966       1720        126          8          0      12330   lock_offline_pwd.o
      1744        778        140          2         40      15504   lock_timer.o
      1680        758        379          0          0      11237   master_app.o
      2554        266          0          0          0       9827   md5.o
       842         40          0          0        280      12977   prf.o
       226         16          0          0          0       7673   prf_utils.o
       336         32          0          0         20       6624   pwm.o
      1150        284          0          0         64     114847   rf_xvr.o
       280          0          0          0          0     109371   rwble.o
        56          0          0          0          0       3415   rwble_hl.o
       510         62          0          0       6008       9138   rwip.o
      1400         76         16         56        280      24026   sdp_service.o
       558         14         80          0          0      14279   sdp_service_task.o
       160         16          0          0       2048       3569   sf_mem.o
      2298        730         51         20        530      12488   sf_nv.o
        60          0          0          0          0       3913   sf_port.o
       844         18         16          0          0       5791   sha1.o
       584        204         45          0          0       3393   slave_app.o
       212         44          0        101          0      10086   suble_adv_scan.o
       508        288         67          8         80       3072   suble_battery.o
       142         12          0          9          0       5152   suble_common.o
       128         18          0          0          0       2615   suble_flash.o
       774        370         81         36          0      12778   suble_gap.o
       718        154         19         10          0      11179   suble_gpio.o
      1892       1082        164         25         68       7699   suble_key.o
       552        232        199        356          0       4179   suble_music.o
       376        160         17         16       3072       6412   suble_svc.o
         2          0          0          0          0        526   suble_test.o
       764        214         38        332        248      11455   suble_timer.o
        72         12          0          0          0       3369   suble_uart.o
       640         34          4          0          0      11073   suble_util.o
         2          0          0          0          0        497   timer.o
      1060        128        108         16          0      23385   tuya_ble_api.o
      1396        630        195        116          0      20004   tuya_ble_app_demo.o
        30          4          0          1          0       4558   tuya_ble_app_production_test.o
       448         28          0          1         72       4616   tuya_ble_app_uart_common_handler.o
         2          0          0          0          0       1258   tuya_ble_app_uart_module_handler.o
      3142        150          0         52        100      24481   tuya_ble_data_handler.o
       248         32          0         12        928       5835   tuya_ble_event.o
       934         48          0          0          0      15238   tuya_ble_event_handler.o
       284         34          0          1        172       5679   tuya_ble_gatt_send_queue.o
       356         22          0         24       1536       4555   tuya_ble_heap.o
       776         64         58          8        570       9834   tuya_ble_main.o
      5282       1356        518         56        611      28294   tuya_ble_master.o
       192         60        108          4          0      11467   tuya_ble_master_port.o
        36          0          0          0          0       2002   tuya_ble_mem.o
       782          4          0          1          0      11072   tuya_ble_mutli_tsf_protocol.o
       558         12          0          0          0      19042   tuya_ble_port_bk3431q.o
       212          0          0          0          0      15748   tuya_ble_queue.o
      1106         36          0          0        144      10871   tuya_ble_secure.o
       780         24          0          0          0       7304   tuya_ble_storage.o
       464         24         12          0          0       6224   tuya_ble_unix_time.o
       460         14          4          0          0       7256   tuya_ble_utils.o
      1448        260          0         36       2344      35005   uart.o
        80         16          0          1          0       1368   wdt.o

    ----------------------------------------------------------------------
     81960      22230      13740       1492      25076    1279277   Object Totals
        88         44         32          0       2800          0   (incl. Generated)
       126          0         30         22         10          0   (incl. Padding)

    ----------------------------------------------------------------------

      Code (inc. data)   RO Data    RW Data    ZI Data      Debug   Library Member Name

        60          6          0          0          0         92   __2snprintf.o
        44          4          0          0          0         84   __2sprintf.o
        92          0          0          0          0          0   __dczerorl2.o
         8          0          0          0          0         68   __main.o
       392          6         17          0          0         76   __printf_flags_ss_wp.o
        14          0          0          0          0         60   __printf_wp.o
         0          0          0          0          0          0   __rtentry.o
        44          4          0          0          0          0   __rtentry2.o
         8          0          0          0          0          0   __rtentry4.o
        60          8          0          0          0          0   __scatter.o
        44          0          0          0          0          0   __scatter_zi.o
       138          0          0          0          0         80   __strtoll.o
        30          0          0          0          0         60   _chval.o
         8          0          0          0          0          0   _printf_a.o
         8          0          0          0          0          0   _printf_c.o
        54          0          0          0          0        100   _printf_char.o
        48          6          0          0          0         88   _printf_char_common.o
        46          0          0          0          0         60   _printf_charcount.o
         8          0          0          0          0          0   _printf_d.o
       116         18          0          0          0         76   _printf_dec.o
         8          0          0          0          0          0   _printf_e.o
         8          0          0          0          0          0   _printf_f.o
      1044         12          0          0          0        176   _printf_fp_dec.o
       736         10         38          0          0         84   _printf_fp_hex.o
       136         16          0          0          0         76   _printf_fp_infnan.o
         8          0          0          0          0          0   _printf_g.o
       160          4         40          0          0        148   _printf_hex_int_ll_ptr.o
         8          0          0          0          0          0   _printf_i.o
       176          0          0          0          0         84   _printf_intcommon.o
        12          0          0          0          0          0   _printf_l.o
         8          0          0          0          0          0   _printf_lc.o
        12          0          0          0          0          0   _printf_ll.o
         8          0          0          0          0          0   _printf_lld.o
         8          0          0          0          0          0   _printf_lli.o
         8          0          0          0          0          0   _printf_llo.o
         8          0          0          0          0          0   _printf_llu.o
         8          0          0          0          0          0   _printf_llx.o
       120         18          0          0          0         76   _printf_longlong_dec.o
         8          0          0          0          0          0   _printf_ls.o
         8          0          0          0          0          0   _printf_n.o
         8          0          0          0          0          0   _printf_o.o
       120         10          0          0          0        112   _printf_oct_int_ll.o
         8          0          0          0          0          0   _printf_p.o
        78          0          0          0          0        100   _printf_pad.o
         0          0          0          0          0          0   _printf_percent.o
         8          0          0          0          0          0   _printf_percent_end.o
         8          0          0          0          0          0   _printf_s.o
        82          0          0          0          0         72   _printf_str.o
        44          0          0          0          0         76   _printf_truncate.o
         8          0          0          0          0          0   _printf_u.o
        54          0          0          0          0        100   _printf_wchar.o
       188          6          8          0          0         80   _printf_wctomb.o
         8          0          0          0          0          0   _printf_x.o
        30          0          0          0          0         92   _rserrno.o
        16          0          0          0          0         60   _snputc.o
        10          0          0          0          0         60   _sputc.o
       216          0          0          0          0         84   _strtoull.o
        64          0          0          0          0         72   _wcrtomb.o
        26          0          0          0          0         72   atoll.o
       216          6        148          0          0         80   bigflt0.o
      2044        128          0          0          0        672   btod.o
        16          0          0          0          0         68   exit.o
         0          0          0          0          0          0   indicate_semi.o
        72          8        272          0          0         76   lc_ctype_c.o
        72          8         28          0          0         76   lc_numeric_c.o
         2          0          0          0          0          0   libinit.o
        30          0          0          0          0          0   libinit2.o
         2          0          0          0          0          0   libshutdown.o
         2          0          0          0          0          0   libshutdown2.o
        12          4          0          0         96         68   libspace.o
        24          0          0          0          0         76   llmul.o
        80          0          0          0          0         76   llsdiv.o
       152          0          0          0          0         80   lludiv10.o
       752         64          0          0          0         84   lludiv5.o
        28          0          0          0          0         76   memset.o
        20          4          0          0          0         76   rt_ctype_table.o
        12          4          0          0          0         68   rt_errno_addr_intlibspace.o
        12          4          0          0          0         68   rt_locale_intlibspace.o
        64          0          0          0          0         68   rt_memclr.o
        84          0          0          0          0         80   rt_memclr_w.o
         4          0          0          0          0          0   rtexit.o
        12          0          0          0          0          0   rtexit2.o
        44          0          0          0          0         68   rtudiv10.o
       244          4          0          0          0         80   strcmp.o
        68          6          0          0          0         72   strlen.o
       108          4          0          0          0         76   strncpy.o
        40          0          0          0          0         72   strstr.o
        12          4          0          0          0         60   sys_exit.o
        96          0          0          0          0         80   sys_stackheap_outer.o
        32          0          0          0          0         68   uread4.o
        60          0          0          0          0         68   uread8.o
         4          0          0          0          0         68   use_no_semi.o
        32          0          0          0          0         68   uwrite4.o
        60          0          0          0          0         68   uwrite8.o
        56          6          0          0          0         72   vsnprintf.o
        36          4          0          0          0         68   vsprintf.o
       876         16          0          0          0        352   daddsub_clz.o
        16          4          0          0          0         68   dcheck1.o
        28          0          0          0          0         68   dcmpi.o
       720        140          0          0          0        208   ddiv.o
       112          4          0          0          0         92   dfix.o
       112          4          0          0          0         92   dfixu.o
        96          0          0          0          0        136   dflt_clz.o
       148          4          0          0          0         92   dleqf.o
       376         16          0          0          0        104   dmul.o
       184          0          0          0          0         92   dnaninf.o
        16          0          0          0          0         68   dretinf.o
       140          0          0          0          0         80   drleqf.o
       512         56          0          0          0        120   dsqrt_noumaal.o
        84          4          0          0          0         84   ffixu.o
       256          4          0          0          0         84   fmul.o
       160          0          0          0          0         84   fnaninf.o
        16          0          0          0          0         68   fretinf.o
         8          0          0          0          0         68   istatus.o
         4          0          0          0          0         68   printf1.o
         4          0          0          0          0         68   printf2.o
       116          0          0          0          0         68   retnan.o
       104          0          0          0          0         68   scalbn.o
        60          0          0          0          0         68   trapv.o
         0          0          0          0          0          0   usenofp.o
        88         12          0          0          0        340   dunder.o
        48          4          0          0          0         68   fpclassify.o
       240          0          0          0          0         92   poly.o
      3764        148        136          0          0        328   pow.o
         0          0          8          0          0          0   qnan.o
       100          4          0          0          0         84   sqrt.o

    ----------------------------------------------------------------------
     17700        806        700          0         96       8460   Library Totals
        18          0          5          0          0          0   (incl. Padding)

    ----------------------------------------------------------------------

      Code (inc. data)   RO Data    RW Data    ZI Data      Debug   Library Name

      9294        386        551          0         96       5248   c_5.l
      4148        252          0          0          0       2300   fz_5s.l
      4240        168        144          0          0        912   m_5s.l

    ----------------------------------------------------------------------
     17700        806        700          0         96       8460   Library Totals

    ----------------------------------------------------------------------

==============================================================================


      Code (inc. data)   RO Data    RW Data    ZI Data      Debug   

     99660      23036      14440       1492      25172    1250637   Grand Totals
     99660      23036      14440        416      25172    1250637   ELF Image Totals (compressed)
     99660      23036      14440        416          0          0   ROM Totals

==============================================================================

    Total RO  Size (Code + RO Data)               114100 ( 111.43kB)
    Total RW  Size (RW Data + ZI Data)             26664 (  26.04kB)
    Total ROM Size (Code + RO Data + RW Data)     114516 ( 111.83kB)

==============================================================================

